DEVPATH=/devices/pci0000:00/0000:00:14.0/usb1/1-9/1-9:1.1/ttyUSB1/tty/ttyUSB1
DEVNAME=/dev/ttyUSB1
MAJOR=188
MINOR=1
SUBSYSTEM=tty
USEC_INITIALIZED=380782122086
ID_BUS=usb
ID_MODEL=JTAG_Debugger
ID_MODEL_ENC=JTAG\x20Debugger
ID_MODEL_ID=6010
ID_SERIAL=SIPEED_JTAG_Debugger_FactoryAIOT_Pro
ID_SERIAL_SHORT=FactoryAIOT_Pro
ID_VENDOR=SIPEED
ID_VENDOR_ENC=SIPEED
ID_VENDOR_ID=0403
ID_REVISION=0500
ID_TYPE=generic
ID_USB_MODEL=JTAG_Debugger
ID_USB_MODEL_ENC=JTAG\x20Debugger
ID_USB_MODEL_ID=6010
ID_USB_SERIAL=SIPEED_JTAG_Debugger_FactoryAIOT_Pro
ID_USB_SERIAL_SHORT=FactoryAIOT_Pro
ID_USB_VENDOR=SIPEED
ID_USB_VENDOR_ENC=SIPEED
ID_USB_VENDOR_ID=0403
ID_USB_REVISION=0500
ID_USB_TYPE=generic
ID_USB_INTERFACES=:ffffff:
ID_USB_INTERFACE_NUM=01
ID_USB_DRIVER=ftdi_sio
ID_VENDOR_FROM_DATABASE=Future Technology Devices International, Ltd
ID_MODEL_FROM_DATABASE=FT2232C/D/H Dual UART/FIFO IC
ID_PATH_WITH_USB_REVISION=pci-0000:00:14.0-usbv2-0:9:1.1
ID_PATH=pci-0000:00:14.0-usb-0:9:1.1
ID_PATH_TAG=pci-0000_00_14_0-usb-0_9_1_1
ID_MM_CANDIDATE=1
ID_MM_DEVICE_IGNORE=1
ID_MM_PORT_IGNORE=1
DEVLINKS=/dev/serial/by-path/pci-0000:00:14.0-usb-0:9:1.1-port0 /dev/serial/by-path/pci-0000:00:14.0-usbv2-0:9:1.1-port0 /dev/serial/by-id/usb-SIPEED_JTAG_Debugger_FactoryAIOT_Pro-if01-port0
TAGS=:uaccess:systemd:
CURRENT_TAGS=:uaccess:systemd:
