

litex> mem_write 0xc0000000 0xffffffff 524288

litex> mem_read 0xc00b64f4 4

Memory dump:
0xc00b64f4  ff ff ff ff                                      ....            
litex> mem_read 0xc00b64f4 4

Memory dump:
0xc00b64f4  ff ff ff ff                                      ....            
litex> mem_read 0xc00b64f4 4

Memory dump:
0xc00b64f4  ff ff ff ff                                      ....            
litex> mem_read 0xc0169770 4

Memory dump:
0xc0169770  ff ff ef ff                                      ....            
litex> mem_read 0xc0169770 4

Memory dump:
0xc0169770  ff ff ef ff                                      ....            
litex> mem_read 0xc0169770 4

Memory dump:
0xc0169770  ff ff ef ff                                      ....            
litex> mem_read 0xc0000000 4

Memory dump:
0xc0000000  ff ff ff ff                                      ....            
litex> mem_read 0xc0000000 4

Memory dump:
0xc0000000  ff ff ff ff                                      ....            
litex> mem_read 0xc0000000 4

Memory dump:
0xc0000000  ff ff ff ff                                      ....            
litex> mem_read 0xc01ffffc 4

Memory dump:
0xc01ffffc  ff ff ff ff                                      ....            
litex> mem_read 0xc01ffffc 4

Memory dump:
0xc01ffffc  ff ff ff ff                                      ....            
litex> mem_read 0xc01ffffc 4

Memory dump:
0xc01ffffc  ff ff ff ff                                      ....            
litex> mem_write 0xc0000000 0xaaaaaaaa 524288

litex> mem_read 0xc00b64f4 4

Memory dump:
0xc00b64f4  aa aa aa aa                                      ....            
litex> mem_read 0xc00b64f4 4

Memory dump:
0xc00b64f4  aa aa aa aa                                      ....            
litex> mem_read 0xc00b64f4 4

Memory dump:
0xc00b64f4  aa aa aa aa                                      ....            
litex> mem_read 0xc0169770 4

Memory dump:
0xc0169770  aa aa aa aa                                      ....            
litex> mem_read 0xc0169770 4

Memory dump:
0xc0169770  aa aa aa aa                                      ....            
litex> mem_read 0xc0169770 4

Memory dump:
0xc0169770  aa aa aa aa                                      ....            
litex> mem_read 0xc0000000 4

Memory dump:
0xc0000000  aa aa aa aa                                      ....            
litex> mem_read 0xc0000000 4

Memory dump:
0xc0000000  aa aa aa aa                                      ....            
litex> mem_read 0xc0000000 4

Memory dump:
0xc0000000  aa aa aa aa                                      ....            
litex> mem_read 0xc01ffffc 4

Memory dump:
0xc01ffffc  aa aa aa aa                                      ....            
litex> mem_read 0xc01ffffc 4

Memory dump:
0xc01ffffc  aa aa aa aa                                      ....            
litex> mem_read 0xc01ffffc 4

Memory dump:
0xc01ffffc  aa aa aa aa                                      ....            
litex> mem_write 0xc0000000 0x55555555 524288

litex> mem_read 0xc00b64f4 4

Memory dump:
0xc00b64f4  55 55 55 55                                      UUUU            
litex> mem_read 0xc00b64f4 4

Memory dump:
0xc00b64f4  55 55 55 55                                      UUUU            
litex> mem_read 0xc00b64f4 4

Memory dump:
0xc00b64f4  55 55 55 55                                      UUUU            
litex> mem_read 0xc0169770 4

Memory dump:
0xc0169770  55 55 45 55                                      UUEU            
litex> mem_read 0xc0169770 4

Memory dump:
0xc0169770  55 55 45 55                                      UUEU            
litex> mem_read 0xc0169770 4

Memory dump:
0xc0169770  55 55 45 55                                      UUEU            
litex> mem_read 0xc0000000 4

Memory dump:
0xc0000000  55 55 55 55                                      UUUU            
litex> mem_read 0xc0000000 4

Memory dump:
0xc0000000  55 55 55 55                                      UUUU            
litex> mem_read 0xc0000000 4

Memory dump:
0xc0000000  55 55 55 55                                      UUUU            
litex> mem_read 0xc01ffffc 4

Memory dump:
0xc01ffffc  55 55 55 55                                      UUUU            
litex> mem_read 0xc01ffffc 4

Memory dump:
0xc01ffffc  55 55 55 55                                      UUUU            
litex> mem_read 0xc01ffffc 4

Memory dump:
0xc01ffffc  55 55 55 55                                      UUUU            
litex> mem_write 0xc0000000 0x00100000 524288

litex> mem_read 0xc00b64f4 4

Memory dump:
0xc00b64f4  00 00 10 00                                      ....            
litex> mem_read 0xc00b64f4 4

Memory dump:
0xc00b64f4  00 00 10 00                                      ....            
litex> mem_read 0xc00b64f4 4

Memory dump:
0xc00b64f4  00 00 10 00                                      ....            
litex> mem_read 0xc0169770 4

Memory dump:
0xc0169770  00 00 10 00                                      ....            
litex> mem_read 0xc0169770 4

Memory dump:
0xc0169770  00 00 10 00                                      ....            
litex> mem_read 0xc0169770 4

Memory dump:
0xc0169770  00 00 10 00                                      ....            
litex> mem_read 0xc0000000 4

Memory dump:
0xc0000000  00 00 10 00                                      ....            
litex> mem_read 0xc0000000 4

Memory dump:
0xc0000000  00 00 10 00                                      ....            
litex> mem_read 0xc0000000 4

Memory dump:
0xc0000000  00 00 10 00                                      ....            
litex> mem_read 0xc01ffffc 4

Memory dump:
0xc01ffffc  00 00 10 00                                      ....            
litex> mem_read 0xc01ffffc 4

Memory dump:
0xc01ffffc  00 00 10 00                                      ....            
litex> mem_read 0xc01ffffc 4

Memory dump:
0xc01ffffc  00 00 10 00                                      ....            
litex> mem_test 0xc0000000 0x200000

Memtest at 0xc0000000 (2.0MiB)...
  Write: 0xc0000000-0xc0000000 0B     Write: 0xc0000000-0xc0020000 128.0KiB     Write: 0xc0000000-0xc0040000 256.0KiB     Write: 0xc0000000-0xc0060000 384.0KiB     Write: 0xc0000000-0xc0080000 512.0KiB     Write: 0xc0000000-0xc00a0000 640.0KiB     Write: 0xc0000000-0xc00c0000 768.0KiB     Write: 0xc0000000-0xc00e0000 896.0KiB     Write: 0xc0000000-0xc0100000 1.0MiB     Write: 0xc0000000-0xc0120000 1.1MiB     Write: 0xc0000000-0xc0140000 1.2MiB     Write: 0xc0000000-0xc0160000 1.3MiB     Write: 0xc0000000-0xc0180000 1.5MiB     Write: 0xc0000000-0xc01a0000 1.6MiB     Write: 0xc0000000-0xc01c0000 1.7MiB     Write: 0xc0000000-0xc01e0000 1.8MiB     Write: 0xc0000000-0xc0200000 2.0MiB   
   Read: 0xc0000000-0xc0000000 0B      Read: 0xc0000000-0xc0020000 128.0KiB      Read: 0xc0000000-0xc0040000 256.0KiB      Read: 0xc0000000-0xc0060000 384.0KiB      Read: 0xc0000000-0xc0080000 512.0KiB      Read: 0xc0000000-0xc00a0000 640.0KiB      Read: 0xc0000000-0xc00c0000 768.0KiB      Read: 0xc0000000-0xc00e0000 896.0KiB      Read: 0xc0000000-0xc0100000 1.0MiB      Read: 0xc0000000-0xc0120000 1.1MiB      Read: 0xc0000000-0xc0140000 1.2MiB      Read: 0xc0000000-0xc0160000 1.3MiB      Read: 0xc0000000-0xc0180000 1.5MiB      Read: 0xc0000000-0xc01a0000 1.6MiB      Read: 0xc0000000-0xc01c0000 1.7MiB      Read: 0xc0000000-0xc01e0000 1.8MiB      Read: 0xc0000000-0xc0200000 2.0MiB   
  bus errors:  0/256
  addr errors: 0/8192
  data errors: 2/524288
Memtest KO
litex> 