$ cmake --build /home/user/git/fpga/sipeedtangprimer20k-riscv/build/rtos-system-fit/software/20261006T224900.204514Z/zephyr/build-kernel --parallel 2
[  2%] Generating misc/generated/syscalls.json, misc/generated/struct_tags.json
[  2%] Generating misc/generated/syscalls.json, misc/generated/struct_tags.json
[  2%] Generating include/generated/device-api-sections.ld, include/generated/device-api-sections.cmake
[  2%] Generating include/generated/zephyr/syscall_dispatch.c, include/generated/zephyr/syscall_exports_llext.c, syscall_weakdefs_llext.c, include/generated/zephyr/syscall_list.h
[  3%] Built target device_api_ld_target
[  4%] Built target syscall_list_h_target
[  5%] Generating include/generated/zephyr/driver-validation.h
[  5%] Generating include/generated/zephyr/kobj-types-enum.h, include/generated/zephyr/otype-to-str.h, include/generated/zephyr/otype-to-size.h
[  7%] Built target driver_validation_h_target
[  8%] Generating include/generated/zephyr/version.h
-- Zephyr version: 4.4.1 (/home/user/git/fpga/sipeedtangprimer20k-riscv/.deps/rtos/zephyr), build: v4.4.1
[  8%] Built target version_h
[  8%] Built target build_info_yaml_saved
[ 10%] Built target kobj_types_h_target
[ 11%] Building C object zephyr/lib/heap/CMakeFiles/heap_constants.dir/heap_constants.c.obj
[ 11%] Built target heap_constants
[ 12%] Generating ../../include/generated/zephyr/heap_constants.h
[ 12%] Built target heap_constants_h
[ 13%] Building C object zephyr/CMakeFiles/offsets.dir/arch/riscv/core/offsets/offsets.c.obj
[ 13%] Built target offsets
[ 13%] Generating include/generated/zephyr/offsets.h
[ 13%] Built target offsets_h
[ 13%] Building C object CMakeFiles/app.dir/src/main.c.obj
[ 14%] Building C object zephyr/CMakeFiles/zephyr.dir/lib/libc/validate_libc.c.obj
[ 14%] Building C object zephyr/CMakeFiles/zephyr.dir/lib/heap/heap.c.obj
[01m[K/home/user/git/fpga/sipeedtangprimer20k-riscv/firmware/rtos_system_fit/zephyr/app/src/main.c:[m[K In function '[01m[Kworker[m[K':
[01m[K/home/user/git/fpga/sipeedtangprimer20k-riscv/firmware/rtos_system_fit/zephyr/app/src/main.c:31:53:[m[K [01;35m[Kwarning: [m[Kformat '[01m[K[01;32m[K%u[m[K[m[K' expects argument of type '[01m[K[01;32m[Kunsigned int[m[K[m[K', but argument 2 has type '[01m[K[01;34m[Kint64_t[m[K' {aka [m[K'[01m[K[01;34m[Klong long int[m[K'}[m[K [[01;35m[K-Wformat=[m[K]
   31 |                 printk("Zephyr worker alive, ticks=[01;32m[K%[m[K[01;32m[Ku[m[K\n", [01;34m[Kk[m[K[01;34m[K_[m[K[01;34m[Ku[m[K[01;34m[Kp[m[K[01;34m[Kt[m[K[01;34m[Ki[m[K[01;34m[Km[m[K[01;34m[Ke[m[K[01;34m[K_[m[K[01;34m[Kt[m[K[01;34m[Ki[m[K[01;34m[Kc[m[K[01;34m[Kk[m[K[01;34m[Ks[m[K[01;34m[K([m[K[01;34m[K)[m[K);
      |                                                    [01;32m[K~[m[K[01;32m[K^[m[K     [01;34m[K~[m[K[01;34m[K~[m[K[01;34m[K~[m[K[01;34m[K~[m[K[01;34m[K~[m[K[01;34m[K~[m[K[01;34m[K~[m[K[01;34m[K~[m[K[01;34m[K~[m[K[01;34m[K~[m[K[01;34m[K~[m[K[01;34m[K~[m[K[01;34m[K~[m[K[01;34m[K~[m[K[01;34m[K~[m[K[01;34m[K~[m[K
      |                                                     [01;32m[K|[m[K     [01;34m[K|[m[K
      |                                                     [01;32m[K|[m[K     [01;34m[Kint64_t {aka long long int}[m[K
      |                                                     [01;32m[Kunsigned int[m[K
      |                                                    [32m[K%llu[m[K
[ 15%] Linking C static library app/libapp.a
[ 15%] Built target app
[ 16%] Building C object zephyr/kernel/CMakeFiles/kernel.dir/main_weak.c.obj
[ 16%] Building C object zephyr/kernel/CMakeFiles/kernel.dir/banner.c.obj
[ 17%] Building C object zephyr/CMakeFiles/zephyr.dir/lib/os/cbprintf_packaged.c.obj
[ 18%] Building C object zephyr/kernel/CMakeFiles/kernel.dir/busy_wait.c.obj
[ 20%] Building C object zephyr/kernel/CMakeFiles/kernel.dir/device.c.obj
[ 21%] Building C object zephyr/CMakeFiles/zephyr.dir/lib/os/clock.c.obj
[ 21%] Building C object zephyr/kernel/CMakeFiles/kernel.dir/errno.c.obj
[ 21%] Building C object zephyr/CMakeFiles/zephyr.dir/lib/os/printk.c.obj
[ 22%] Building C object zephyr/kernel/CMakeFiles/kernel.dir/fatal.c.obj
[ 23%] Building C object zephyr/CMakeFiles/zephyr.dir/lib/os/sem.c.obj
[ 23%] Building C object zephyr/kernel/CMakeFiles/kernel.dir/init.c.obj
[ 23%] Building C object zephyr/CMakeFiles/zephyr.dir/lib/os/thread_entry.c.obj
[ 24%] Building C object zephyr/kernel/CMakeFiles/kernel.dir/kheap.c.obj
[ 25%] Building C object zephyr/CMakeFiles/zephyr.dir/lib/os/cbprintf_complete.c.obj
[ 26%] Building C object zephyr/kernel/CMakeFiles/kernel.dir/mem_slab.c.obj
[ 27%] Building C object zephyr/CMakeFiles/zephyr.dir/lib/os/cbprintf.c.obj
[ 27%] Building C object zephyr/kernel/CMakeFiles/kernel.dir/float.c.obj
[ 27%] Building C object zephyr/CMakeFiles/zephyr.dir/lib/os/assert.c.obj
[ 28%] Building C object zephyr/kernel/CMakeFiles/kernel.dir/version.c.obj
[ 29%] Building C object zephyr/kernel/CMakeFiles/kernel.dir/idle.c.obj
[ 30%] Building C object zephyr/CMakeFiles/zephyr.dir/lib/os/reboot.c.obj
[ 31%] Building C object zephyr/CMakeFiles/zephyr.dir/lib/utils/dec.c.obj
[ 31%] Building C object zephyr/kernel/CMakeFiles/kernel.dir/mailbox.c.obj
[ 31%] Building C object zephyr/CMakeFiles/zephyr.dir/lib/utils/hex.c.obj
[ 32%] Building C object zephyr/CMakeFiles/zephyr.dir/lib/utils/rb.c.obj
[ 33%] Building C object zephyr/kernel/CMakeFiles/kernel.dir/msg_q.c.obj
[ 33%] Building C object zephyr/kernel/CMakeFiles/kernel.dir/mutex.c.obj
[ 33%] Building C object zephyr/CMakeFiles/zephyr.dir/lib/utils/set.c.obj
[ 34%] Building C object zephyr/CMakeFiles/zephyr.dir/lib/utils/timeutil.c.obj
[ 35%] Building C object zephyr/kernel/CMakeFiles/kernel.dir/queue.c.obj
[ 36%] Building C object zephyr/CMakeFiles/zephyr.dir/lib/utils/bitarray.c.obj
[ 37%] Building C object zephyr/kernel/CMakeFiles/kernel.dir/sem.c.obj
[ 37%] Building C object zephyr/CMakeFiles/zephyr.dir/lib/utils/bitmask.c.obj
[ 38%] Building C object zephyr/CMakeFiles/zephyr.dir/lib/utils/getopt/getopt.c.obj
[ 38%] Building C object zephyr/kernel/CMakeFiles/kernel.dir/stack.c.obj
[ 40%] Building C object zephyr/CMakeFiles/zephyr.dir/lib/utils/getopt/getopt_common.c.obj
[ 41%] Building C object zephyr/kernel/CMakeFiles/kernel.dir/system_work_q.c.obj
[ 41%] Building C object zephyr/CMakeFiles/zephyr.dir/lib/utils/ring_buffer.c.obj
[ 42%] Building C object zephyr/kernel/CMakeFiles/kernel.dir/work.c.obj
[ 43%] Building C object zephyr/CMakeFiles/zephyr.dir/lib/utils/last_section_id.c.obj
[ 44%] Building C object zephyr/CMakeFiles/zephyr.dir/misc/generated/configs.c.obj
[ 44%] Building ASM object zephyr/CMakeFiles/zephyr.dir/soc/common/riscv-privileged/soc_irq.S.obj
[ 45%] Building ASM object zephyr/CMakeFiles/zephyr.dir/soc/common/riscv-privileged/vector.S.obj
[ 45%] Building C object zephyr/CMakeFiles/zephyr.dir/soc/litex/litex_vexriscv/reboot.c.obj
[ 45%] Building C object zephyr/kernel/CMakeFiles/kernel.dir/condvar.c.obj
[ 46%] Building C object zephyr/CMakeFiles/zephyr.dir/subsys/tracing/tracing_none.c.obj
[ 47%] Building C object zephyr/kernel/CMakeFiles/kernel.dir/thread.c.obj
[ 48%] Linking C static library libzephyr.a
[ 48%] Built target zephyr
[ 49%] Generating linker_zephyr_pre0.cmd
[ 49%] Built target linker_zephyr_prebuilt_script_target
[ 49%] Building C object zephyr/arch/common/CMakeFiles/isr_tables.dir/isr_tables.c.obj
[ 50%] Building C object zephyr/kernel/CMakeFiles/kernel.dir/sched.c.obj
[ 51%] Linking C static library libisr_tables.a
[ 51%] Built target isr_tables
[ 51%] Building C object zephyr/arch/arch/riscv/core/CMakeFiles/arch__riscv__core.dir/cpu_idle.c.obj
[ 52%] Building C object zephyr/arch/arch/riscv/core/CMakeFiles/arch__riscv__core.dir/fatal.c.obj
[ 52%] Building C object zephyr/kernel/CMakeFiles/kernel.dir/pipe.c.obj
[ 53%] Building C object zephyr/arch/arch/riscv/core/CMakeFiles/arch__riscv__core.dir/irq_manage.c.obj
[ 54%] Building C object zephyr/kernel/CMakeFiles/kernel.dir/timeslicing.c.obj
[ 54%] Building C object zephyr/arch/arch/riscv/core/CMakeFiles/arch__riscv__core.dir/prep_c.c.obj
[ 55%] Building C object zephyr/arch/arch/riscv/core/CMakeFiles/arch__riscv__core.dir/reboot.c.obj
[ 55%] Building C object zephyr/kernel/CMakeFiles/kernel.dir/timeout.c.obj
[ 55%] Building ASM object zephyr/arch/arch/riscv/core/CMakeFiles/arch__riscv__core.dir/reset.S.obj
[ 56%] Building ASM object zephyr/arch/arch/riscv/core/CMakeFiles/arch__riscv__core.dir/switch.S.obj
[ 57%] Building C object zephyr/kernel/CMakeFiles/kernel.dir/timer.c.obj
[ 58%] Building C object zephyr/arch/arch/riscv/core/CMakeFiles/arch__riscv__core.dir/thread.c.obj
[ 60%] Building C object zephyr/kernel/CMakeFiles/kernel.dir/atomic_c.c.obj
[ 60%] Building ASM object zephyr/arch/arch/riscv/core/CMakeFiles/arch__riscv__core.dir/isr.S.obj
[ 61%] Building C object zephyr/arch/arch/riscv/core/CMakeFiles/arch__riscv__core.dir/stacktrace.c.obj
[ 61%] Building C object zephyr/kernel/CMakeFiles/kernel.dir/mempool.c.obj
[ 62%] Linking C static library libarch__riscv__core.a
[ 63%] Building C object zephyr/kernel/CMakeFiles/kernel.dir/dynamic_disabled.c.obj
[ 63%] Built target arch__riscv__core
[ 63%] Generating ../../../include/generated/libc/minimal/strerror_table.h
[ 64%] Building C object zephyr/lib/libc/minimal/CMakeFiles/lib__libc__minimal.dir/source/stdlib/atoi.c.obj
[ 65%] Building C object zephyr/lib/libc/minimal/CMakeFiles/lib__libc__minimal.dir/source/stdlib/strtol.c.obj
[ 66%] Linking C static library libkernel.a
[ 66%] Building C object zephyr/lib/libc/minimal/CMakeFiles/lib__libc__minimal.dir/source/stdlib/strtoul.c.obj
[ 66%] Built target kernel
[ 67%] Building C object zephyr/lib/libc/common/CMakeFiles/lib__libc__common.dir/source/stdlib/abort.c.obj
[ 68%] Building C object zephyr/lib/libc/minimal/CMakeFiles/lib__libc__minimal.dir/source/stdlib/strtoll.c.obj
[ 69%] Building C object zephyr/lib/libc/minimal/CMakeFiles/lib__libc__minimal.dir/source/stdlib/strtoull.c.obj
[ 69%] Building C object zephyr/lib/libc/common/CMakeFiles/lib__libc__common.dir/source/time/asctime.c.obj
[ 69%] Building C object zephyr/lib/libc/minimal/CMakeFiles/lib__libc__minimal.dir/source/stdlib/bsearch.c.obj
[ 70%] Building C object zephyr/lib/libc/minimal/CMakeFiles/lib__libc__minimal.dir/source/stdlib/exit.c.obj
[ 71%] Building C object zephyr/lib/libc/common/CMakeFiles/lib__libc__common.dir/source/time/gmtime_r.c.obj
[ 72%] Building C object zephyr/lib/libc/common/CMakeFiles/lib__libc__common.dir/source/time/localtime_r_utc.c.obj
[ 73%] Building C object zephyr/lib/libc/minimal/CMakeFiles/lib__libc__minimal.dir/source/stdlib/qsort.c.obj
[ 73%] Building C object zephyr/lib/libc/common/CMakeFiles/lib__libc__common.dir/source/time/ctime.c.obj
[ 73%] Building C object zephyr/lib/libc/minimal/CMakeFiles/lib__libc__minimal.dir/source/string/strerror.c.obj
[ 74%] Building C object zephyr/lib/libc/common/CMakeFiles/lib__libc__common.dir/source/time/time.c.obj
[ 75%] Building C object zephyr/lib/libc/minimal/CMakeFiles/lib__libc__minimal.dir/source/string/strncasecmp.c.obj
[ 76%] Building C object zephyr/lib/libc/common/CMakeFiles/lib__libc__common.dir/source/stdlib/malloc.c.obj
[ 76%] Building C object zephyr/lib/libc/minimal/CMakeFiles/lib__libc__minimal.dir/source/string/strstr.c.obj
[ 77%] Building C object zephyr/lib/libc/minimal/CMakeFiles/lib__libc__minimal.dir/source/string/string.c.obj
[ 78%] Building C object zephyr/lib/libc/minimal/CMakeFiles/lib__libc__minimal.dir/source/string/strspn.c.obj
[ 78%] Building C object zephyr/lib/libc/common/CMakeFiles/lib__libc__common.dir/source/string/strnlen.c.obj
[ 78%] Building C object zephyr/lib/libc/minimal/CMakeFiles/lib__libc__minimal.dir/source/stdout/stdout_console.c.obj
[ 80%] Linking C static library liblib__libc__common.a
[ 80%] Built target lib__libc__common
[ 81%] Building C object zephyr/lib/posix/c_lib_ext/CMakeFiles/lib__posix__c_lib_ext.dir/fnmatch.c.obj
[ 82%] Building C object zephyr/lib/libc/minimal/CMakeFiles/lib__libc__minimal.dir/source/stdout/sprintf.c.obj
[ 82%] Building C object zephyr/lib/posix/c_lib_ext/CMakeFiles/lib__posix__c_lib_ext.dir/getentropy.c.obj
[ 83%] Building C object zephyr/lib/libc/minimal/CMakeFiles/lib__libc__minimal.dir/source/stdout/fprintf.c.obj
[ 84%] Building C object zephyr/lib/posix/c_lib_ext/CMakeFiles/lib__posix__c_lib_ext.dir/getopt_shim.c.obj
[ 84%] Building C object zephyr/lib/libc/minimal/CMakeFiles/lib__libc__minimal.dir/source/math/sqrtf.c.obj
[ 85%] Linking C static library liblib__posix__c_lib_ext.a
[ 85%] Built target lib__posix__c_lib_ext
[ 86%] Building C object zephyr/drivers/interrupt_controller/CMakeFiles/drivers__interrupt_controller.dir/intc_vexriscv_litex.c.obj
[ 87%] Building C object zephyr/lib/libc/minimal/CMakeFiles/lib__libc__minimal.dir/source/math/sqrt.c.obj
[ 87%] Building C object zephyr/lib/libc/minimal/CMakeFiles/lib__libc__minimal.dir/source/time/gmtime.c.obj
[ 88%] Linking C static library libdrivers__interrupt_controller.a
[ 88%] Built target drivers__interrupt_controller
[ 88%] Building C object zephyr/drivers/console/CMakeFiles/drivers__console.dir/uart_console.c.obj
[ 89%] Linking C static library liblib__libc__minimal.a
[ 89%] Built target lib__libc__minimal
[ 89%] Building C object zephyr/drivers/serial/CMakeFiles/drivers__serial.dir/uart_litex.c.obj
[ 90%] Linking C static library libdrivers__console.a
[ 90%] Built target drivers__console
[ 91%] Building C object zephyr/drivers/timer/CMakeFiles/drivers__timer.dir/sys_clock_init.c.obj
[ 92%] Linking C static library libdrivers__serial.a
[ 92%] Built target drivers__serial
[ 92%] Building C object zephyr/arch/common/CMakeFiles/arch__common.dir/sw_isr_common.c.obj
[ 92%] Building C object zephyr/drivers/timer/CMakeFiles/drivers__timer.dir/litex_timer.c.obj
[ 93%] Building C object zephyr/arch/common/CMakeFiles/arch__common.dir/init.c.obj
[ 94%] Linking C static library libdrivers__timer.a
[ 94%] Built target drivers__timer
[ 95%] Linking C static library libarch__common.a
[ 95%] Built target arch__common
[ 96%] Building C object zephyr/CMakeFiles/zephyr_pre0.dir/misc/empty_file.c.obj
[ 97%] Linking C executable zephyr_pre0.elf
/home/user/git/fpga/sipeedtangprimer20k-riscv/.tools/riscv-gcc/xpack-riscv-none-elf-gcc-15.2.0-1/bin/../lib/gcc/riscv-none-elf/15.2.0/../../../../riscv-none-elf/bin/ld.bfd: warning: zephyr_pre0.elf has a LOAD segment with RWX permissions
Logical command for additional byproducts on target: zephyr_pre0
[ 97%] Built target zephyr_pre0
[ 97%] Generating linker.cmd
[ 97%] Built target linker_zephyr_final_script_target
[ 97%] Generating isr_tables.c, isr_tables_vt.ld, isr_tables_swi.ld
[ 98%] Building C object zephyr/CMakeFiles/zephyr_final.dir/isr_tables.c.obj
[100%] Building C object zephyr/CMakeFiles/zephyr_final.dir/misc/empty_file.c.obj
[100%] Linking C executable zephyr.elf
/home/user/git/fpga/sipeedtangprimer20k-riscv/.tools/riscv-gcc/xpack-riscv-none-elf-gcc-15.2.0-1/bin/../lib/gcc/riscv-none-elf/15.2.0/../../../../riscv-none-elf/bin/ld.bfd: warning: zephyr.elf has a LOAD segment with RWX permissions
Memory region         Used Size  Region Size  %age Used
             RAM:       29732 B       128 MB      0.02%
        IDT_LIST:           0 B         4 KB      0.00%
Generating files from /home/user/git/fpga/sipeedtangprimer20k-riscv/build/rtos-system-fit/software/20261006T224900.204514Z/zephyr/build-kernel/zephyr/zephyr.elf for board: litex_vexriscv/litex_vexriscv
[100%] Built target zephyr_final
