

litex> mem_write 0xf0001804 3

litex> mem_write 0xf0001800 1

litex> mem_write 0xf0001808 1

litex> mem_write 0xf0001810 0

litex> sdram_cal

Switching SDRAM to software control.
Read leveling:
  m0, b02: |11111111111111111111111111110000| 
  best: m0, b02 delays: 108+-108
SDRAM_READ_LEVELING_LANE module=0 dq=0 bitslip=2 status=passed window_start=0 window_length=217 delay_center=108 delay_half_window=108
  m1, b02: |11111111111111111111111111100000| 
  best: m1, b02 delays: 106+-106
SDRAM_READ_LEVELING_LANE module=1 dq=0 bitslip=2 status=passed window_start=0 window_length=214 delay_center=106 delay_half_window=106
Switching SDRAM to hardware control.
litex> mem_test 0xc0000000 0x200000

Memtest at 0xc0000000 (2.0MiB)...
  Write: 0xc0000000-0xc0000000 0B     Write: 0xc0000000-0xc0020000 128.0KiB     Write: 0xc0000000-0xc0040000 256.0KiB     Write: 0xc0000000-0xc0060000 384.0KiB     Write: 0xc0000000-0xc0080000 512.0KiB     Write: 0xc0000000-0xc00a0000 640.0KiB     Write: 0xc0000000-0xc00c0000 768.0KiB     Write: 0xc0000000-0xc00e0000 896.0KiB     Write: 0xc0000000-0xc0100000 1.0MiB     Write: 0xc0000000-0xc0120000 1.1MiB     Write: 0xc0000000-0xc0140000 1.2MiB     Write: 0xc0000000-0xc0160000 1.3MiB     Write: 0xc0000000-0xc0180000 1.5MiB     Write: 0xc0000000-0xc01a0000 1.6MiB     Write: 0xc0000000-0xc01c0000 1.7MiB     Write: 0xc0000000-0xc01e0000 1.8MiB     Write: 0xc0000000-0xc0200000 2.0MiB   
   Read: 0xc0000000-0xc0000000 0B      Read: 0xc0000000-0xc0020000 128.0KiB      Read: 0xc0000000-0xc0040000 256.0KiB      Read: 0xc0000000-0xc0060000 384.0KiB      Read: 0xc0000000-0xc0080000 512.0KiB      Read: 0xc0000000-0xc00a0000 640.0KiB   memtest_data error @ 0xc00b64f4: 0xb4ce6cd9 vs 0xb4de6cd9
   Read: 0xc0000000-0xc00c0000 768.0KiB      Read: 0xc0000000-0xc00e0000 896.0KiB      Read: 0xc0000000-0xc0100000 1.0MiB      Read: 0xc0000000-0xc0120000 1.1MiB      Read: 0xc0000000-0xc0140000 1.2MiB      Read: 0xc0000000-0xc0160000 1.3MiB      Read: 0xc0000000-0xc0180000 1.5MiB      Read: 0xc0000000-0xc01a0000 1.6MiB      Read: 0xc0000000-0xc01c0000 1.7MiB      Read: 0xc0000000-0xc01e0000 1.8MiB      Read: 0xc0000000-0xc0200000 2.0MiB   
  bus errors:  0/256
  addr errors: 0/8192
  data errors: 1/524288
Memtest KO
litex> mem_verify 0xc0000000 0x200000

memtest_data error @ 0xc00b64f4: 0xb4ce6cd9 vs 0xb4de6cd9
SDRAM_VERIFY address=0xc0000000 size=0x00200000 errors=1 status=failed
litex> mem_verify 0xc0000000 0x200000

memtest_data error @ 0xc00b64f4: 0xb4ce6cd9 vs 0xb4de6cd9
SDRAM_VERIFY address=0xc0000000 size=0x00200000 errors=1 status=failed
litex> mem_verify 0xc0000000 0x200000

memtest_data error @ 0xc00b64f4: 0xb4ce6cd9 vs 0xb4de6cd9
SDRAM_VERIFY address=0xc0000000 size=0x00200000 errors=1 status=failed
litex> mem_test 0x40000000 0x200000

Memtest at 0x40000000 (2.0MiB)...
  Write: 0x40000000-0x40000000 0B     Write: 0x40000000-0x40020000 128.0KiB     Write: 0x40000000-0x40040000 256.0KiB     Write: 0x40000000-0x40060000 384.0KiB     Write: 0x40000000-0x40080000 512.0KiB     Write: 0x40000000-0x400a0000 640.0KiB     Write: 0x40000000-0x400c0000 768.0KiB     Write: 0x40000000-0x400e0000 896.0KiB     Write: 0x40000000-0x40100000 1.0MiB     Write: 0x40000000-0x40120000 1.1MiB     Write: 0x40000000-0x40140000 1.2MiB     Write: 0x40000000-0x40160000 1.3MiB     Write: 0x40000000-0x40180000 1.5MiB     Write: 0x40000000-0x401a0000 1.6MiB     Write: 0x40000000-0x401c0000 1.7MiB     Write: 0x40000000-0x401e0000 1.8MiB     Write: 0x40000000-0x40200000 2.0MiB   
   Read: 0x40000000-0x40000000 0B      Read: 0x40000000-0x40020000 128.0KiB      Read: 0x40000000-0x40040000 256.0KiB      Read: 0x40000000-0x40060000 384.0KiB      Read: 0x40000000-0x40080000 512.0KiB      Read: 0x40000000-0x400a0000 640.0KiB   memtest_data error @ 0x400b64f4: 0xb4ce6cd9 vs 0xb4de6cd9
   Read: 0x40000000-0x400c0000 768.0KiB      Read: 0x40000000-0x400e0000 896.0KiB      Read: 0x40000000-0x40100000 1.0MiB      Read: 0x40000000-0x40120000 1.1MiB      Read: 0x40000000-0x40140000 1.2MiB      Read: 0x40000000-0x40160000 1.3MiB      Read: 0x40000000-0x40180000 1.5MiB      Read: 0x40000000-0x401a0000 1.6MiB      Read: 0x40000000-0x401c0000 1.7MiB      Read: 0x40000000-0x401e0000 1.8MiB      Read: 0x40000000-0x40200000 2.0MiB   
  bus errors:  0/256
  addr errors: 0/8192
  data errors: 1/524288
Memtest KO
litex> mem_verify 0xc0000000 0x200000

memtest_data error @ 0xc00b64f4: 0xb4ce6cd9 vs 0xb4de6cd9
SDRAM_VERIFY address=0xc0000000 size=0x00200000 errors=1 status=failed
litex> mem_write 0xf0001804 3

litex> mem_write 0xf0001800 1

litex> mem_write 0xf0001808 1

litex> mem_write 0xf0001810 1

litex> mem_write 0xf000180c 1

litex> mem_write 0xf000180c 1

litex> mem_write 0xf000180c 1

litex> mem_write 0xf000180c 1

litex> mem_write 0xf000180c 1

litex> mem_write 0xf000180c 1

litex> mem_write 0xf000180c 1

litex> mem_write 0xf000180c 1

litex> mem_write 0xf000180c 1

litex> mem_write 0xf000180c 1

litex> mem_write 0xf000180c 1

litex> mem_write 0xf000180c 1

litex> mem_write 0xf000180c 1

litex> mem_write 0xf000180c 1

litex> mem_write 0xf000180c 1

litex> mem_write 0xf000180c 1

litex> mem_write 0xf000180c 1

litex> mem_write 0xf000180c 1

litex> mem_write 0xf000180c 1

litex> mem_write 0xf000180c 1

litex> mem_write 0xf000180c 1

litex> mem_write 0xf000180c 1

litex> mem_write 0xf000180c 1

litex> mem_write 0xf000180c 1

litex> sdram_cal

Switching SDRAM to software control.
Read leveling:
  m0, b02: |11111111111111111111111111110000| 
  best: m0, b02 delays: 107+-107
SDRAM_READ_LEVELING_LANE module=0 dq=0 bitslip=2 status=passed window_start=0 window_length=217 delay_center=107 delay_half_window=107
  m1, b02: |11111111111111111111111111100000| 
  best: m1, b02 delays: 106+-106
SDRAM_READ_LEVELING_LANE module=1 dq=0 bitslip=2 status=passed window_start=0 window_length=214 delay_center=106 delay_half_window=106
Switching SDRAM to hardware control.
litex> mem_test 0xc0000000 0x200000

Memtest at 0xc0000000 (2.0MiB)...
  Write: 0xc0000000-0xc0000000 0B     Write: 0xc0000000-0xc0020000 128.0KiB     Write: 0xc0000000-0xc0040000 256.0KiB     Write: 0xc0000000-0xc0060000 384.0KiB     Write: 0xc0000000-0xc0080000 512.0KiB     Write: 0xc0000000-0xc00a0000 640.0KiB     Write: 0xc0000000-0xc00c0000 768.0KiB     Write: 0xc0000000-0xc00e0000 896.0KiB     Write: 0xc0000000-0xc0100000 1.0MiB     Write: 0xc0000000-0xc0120000 1.1MiB     Write: 0xc0000000-0xc0140000 1.2MiB     Write: 0xc0000000-0xc0160000 1.3MiB     Write: 0xc0000000-0xc0180000 1.5MiB     Write: 0xc0000000-0xc01a0000 1.6MiB     Write: 0xc0000000-0xc01c0000 1.7MiB     Write: 0xc0000000-0xc01e0000 1.8MiB     Write: 0xc0000000-0xc0200000 2.0MiB   
   Read: 0xc0000000-0xc0000000 0B      Read: 0xc0000000-0xc0020000 128.0KiB      Read: 0xc0000000-0xc0040000 256.0KiB      Read: 0xc0000000-0xc0060000 384.0KiB      Read: 0xc0000000-0xc0080000 512.0KiB      Read: 0xc0000000-0xc00a0000 640.0KiB   memtest_data error @ 0xc00b64f4: 0xb4ce6cd9 vs 0xb4de6cd9
   Read: 0xc0000000-0xc00c0000 768.0KiB      Read: 0xc0000000-0xc00e0000 896.0KiB      Read: 0xc0000000-0xc0100000 1.0MiB      Read: 0xc0000000-0xc0120000 1.1MiB      Read: 0xc0000000-0xc0140000 1.2MiB      Read: 0xc0000000-0xc0160000 1.3MiB      Read: 0xc0000000-0xc0180000 1.5MiB      Read: 0xc0000000-0xc01a0000 1.6MiB      Read: 0xc0000000-0xc01c0000 1.7MiB      Read: 0xc0000000-0xc01e0000 1.8MiB      Read: 0xc0000000-0xc0200000 2.0MiB   
  bus errors:  0/256
  addr errors: 0/8192
  data errors: 1/524288
Memtest KO
litex> mem_verify 0xc0000000 0x200000

memtest_data error @ 0xc00b64f4: 0xb4ce6cd9 vs 0xb4de6cd9
SDRAM_VERIFY address=0xc0000000 size=0x00200000 errors=1 status=failed
litex> mem_verify 0xc0000000 0x200000

memtest_data error @ 0xc00b64f4: 0xb4ce6cd9 vs 0xb4de6cd9
SDRAM_VERIFY address=0xc0000000 size=0x00200000 errors=1 status=failed
litex> mem_verify 0xc0000000 0x200000

memtest_data error @ 0xc00b64f4: 0xb4ce6cd9 vs 0xb4de6cd9
SDRAM_VERIFY address=0xc0000000 size=0x00200000 errors=1 status=failed
litex> mem_test 0x40000000 0x200000

Memtest at 0x40000000 (2.0MiB)...
  Write: 0x40000000-0x40000000 0B     Write: 0x40000000-0x40020000 128.0KiB     Write: 0x40000000-0x40040000 256.0KiB     Write: 0x40000000-0x40060000 384.0KiB     Write: 0x40000000-0x40080000 512.0KiB     Write: 0x40000000-0x400a0000 640.0KiB     Write: 0x40000000-0x400c0000 768.0KiB     Write: 0x40000000-0x400e0000 896.0KiB     Write: 0x40000000-0x40100000 1.0MiB     Write: 0x40000000-0x40120000 1.1MiB     Write: 0x40000000-0x40140000 1.2MiB     Write: 0x40000000-0x40160000 1.3MiB     Write: 0x40000000-0x40180000 1.5MiB     Write: 0x40000000-0x401a0000 1.6MiB     Write: 0x40000000-0x401c0000 1.7MiB     Write: 0x40000000-0x401e0000 1.8MiB     Write: 0x40000000-0x40200000 2.0MiB   
   Read: 0x40000000-0x40000000 0B      Read: 0x40000000-0x40020000 128.0KiB      Read: 0x40000000-0x40040000 256.0KiB      Read: 0x40000000-0x40060000 384.0KiB      Read: 0x40000000-0x40080000 512.0KiB      Read: 0x40000000-0x400a0000 640.0KiB   memtest_data error @ 0x400b64f4: 0xb4ce6cd9 vs 0xb4de6cd9
   Read: 0x40000000-0x400c0000 768.0KiB      Read: 0x40000000-0x400e0000 896.0KiB      Read: 0x40000000-0x40100000 1.0MiB      Read: 0x40000000-0x40120000 1.1MiB      Read: 0x40000000-0x40140000 1.2MiB      Read: 0x40000000-0x40160000 1.3MiB      Read: 0x40000000-0x40180000 1.5MiB      Read: 0x40000000-0x401a0000 1.6MiB      Read: 0x40000000-0x401c0000 1.7MiB      Read: 0x40000000-0x401e0000 1.8MiB      Read: 0x40000000-0x40200000 2.0MiB   
  bus errors:  0/256
  addr errors: 0/8192
  data errors: 1/524288
Memtest KO
litex> mem_verify 0xc0000000 0x200000

memtest_data error @ 0xc00b64f4: 0xb4ce6cd9 vs 0xb4de6cd9
SDRAM_VERIFY address=0xc0000000 size=0x00200000 errors=1 status=failed
litex> mem_write 0xf0001804 3

litex> mem_write 0xf0001800 1

litex> mem_write 0xf0001808 1

litex> mem_write 0xf0001810 0

litex> mem_write 0xf000180c 1

litex> mem_write 0xf000180c 1

litex> mem_write 0xf000180c 1

litex> mem_write 0xf000180c 1

litex> mem_write 0xf000180c 1

litex> mem_write 0xf000180c 1

litex> mem_write 0xf000180c 1

litex> mem_write 0xf000180c 1

litex> mem_write 0xf000180c 1

litex> mem_write 0xf000180c 1

litex> mem_write 0xf000180c 1

litex> mem_write 0xf000180c 1

litex> mem_write 0xf000180c 1

litex> mem_write 0xf000180c 1

litex> mem_write 0xf000180c 1

litex> mem_write 0xf000180c 1

litex> mem_write 0xf000180c 1

litex> mem_write 0xf000180c 1

litex> mem_write 0xf000180c 1

litex> mem_write 0xf000180c 1

litex> mem_write 0xf000180c 1

litex> mem_write 0xf000180c 1

litex> mem_write 0xf000180c 1

litex> mem_write 0xf000180c 1

litex> sdram_cal

Switching SDRAM to software control.
Read leveling:
  m0, b00: |00000000000000000000000000000000| 
  m0, b01: |00000000000000000000000000000000| 
  m0, b02: |00000000000000000000000000000000| 
  m0, b03: |00000000000000000000000000000000| 
  best: m0, b00 SDRAM_READ_LEVELING_LANE module=0 dq=0 bitslip=0 status=failed window_start=-1 window_length=0
Switching SDRAM to hardware control.
litex> mem_test 0xc0000000 0x200000

Memtest at 0xc0000000 (2.0MiB)...
  Write: 0xc0000000-0xc0000000 0B     Write: 0xc0000000-0xc0020000 128.0KiB     Write: 0xc0000000-0xc0040000 256.0KiB     Write: 0xc0000000-0xc0060000 384.0KiB     Write: 0xc0000000-0xc0080000 512.0KiB     Write: 0xc0000000-0xc00a0000 640.0KiB     Write: 0xc0000000-0xc00c0000 768.0KiB     Write: 0xc0000000-0xc00e0000 896.0KiB     Write: 0xc0000000-0xc0100000 1.0MiB     Write: 0xc0000000-0xc0120000 1.1MiB     Write: 0xc0000000-0xc0140000 1.2MiB     Write: 0xc0000000-0xc0160000 1.3MiB     Write: 0xc0000000-0xc0180000 1.5MiB     Write: 0xc0000000-0xc01a0000 1.6MiB     Write: 0xc0000000-0xc01c0000 1.7MiB     Write: 0xc0000000-0xc01e0000 1.8MiB     Write: 0xc0000000-0xc0200000 2.0MiB   
memtest_data error @ 0xc0000000: 0xc0180001 vs 0x80200003
   Read: 0xc0000000-0xc0000000 0B   memtest_data error @ 0xc0000004: 0xc0180001 vs 0xc0300002
memtest_data error @ 0xc000000c: 0xb0180001 vs 0xb02c0003
memtest_data error @ 0xc0000010: 0xc02d0003 vs 0xd8360002
memtest_data error @ 0xc0000014: 0x6c2d0003 vs 0x6c1b0001
memtest_data error @ 0xc0000018: 0x6c2d0003 vs 0xb62d8003
memtest_data error @ 0xc000001c: 0xdb2dc003 vs 0xdb36c002
memtest_data error @ 0xc0000020: 0xdb56d802 vs 0x6d9b6001
memtest_data error @ 0xc0000024: 0xb656b002 vs 0xb6edb003
memtest_data error @ 0xc0000028: 0xb656b002 vs 0xdb56d802
memtest_data error @ 0xc000002c: 0x6d566c02 vs 0x6dab6c01
memtest_data error @ 0xc0000030: 0x6dad6d81 vs 0xb6f5b603
memtest_data error @ 0xc0000034: 0xdbaddb81 vs 0xdb5adb02
memtest_data error @ 0xc0000038: 0xb6adb681 vs 0x6dad6d81
memtest_data error @ 0xc000003c: 0xb6adb681 vs 0xb6f6b6c3
memtest_data error @ 0xc0000040: 0x6df6addb vs 0xdb5b5b62
   Read: 0xc0000000-0xc0020000 128.0KiB      Read: 0xc0000000-0xc0040000 256.0KiB      Read: 0xc0000000-0xc0060000 384.0KiB      Read: 0xc0000000-0xc0080000 512.0KiB      Read: 0xc0000000-0xc00a0000 640.0KiB      Read: 0xc0000000-0xc00c0000 768.0KiB      Read: 0xc0000000-0xc00e0000 896.0KiB      Read: 0xc0000000-0xc0100000 1.0MiB      Read: 0xc0000000-0xc0120000 1.1MiB      Read: 0xc0000000-0xc0140000 1.2MiB      Read: 0xc0000000-0xc0160000 1.3MiB      Read: 0xc0000000-0xc0180000 1.5MiB      Read: 0xc0000000-0xc01a0000 1.6MiB      Read: 0xc0000000-0xc01c0000 1.7MiB      Read: 0xc0000000-0xc01e0000 1.8MiB      Read: 0xc0000000-0xc0200000 2.0MiB   
  bus errors:  2/256
  addr errors: 6146/8192
  data errors: 524267/524288
Memtest KO
litex> mem_verify 0xc0000000 0x200000

memtest_data error @ 0xc0000000: 0xc0180001 vs 0x80200003
memtest_data error @ 0xc0000004: 0xc0180001 vs 0xc0300002
memtest_data error @ 0xc0000008: 0xb0180001 vs 0x60180001
memtest_data error @ 0xc000000c: 0xb0180001 vs 0xb02c0003
memtest_data error @ 0xc0000010: 0xb62d8003 vs 0xd8360002
memtest_data error @ 0xc0000014: 0x6c2d0003 vs 0x6c1b0001
memtest_data error @ 0xc000001c: 0xdb2dc003 vs 0xdb36c002
memtest_data error @ 0xc0000020: 0xb6568002 vs 0x6d9b6001
memtest_data error @ 0xc0000024: 0xb656b002 vs 0xb6edb003
memtest_data error @ 0xc0000028: 0x6d566c02 vs 0xdb56d802
memtest_data error @ 0xc000002c: 0x6d566c02 vs 0x6dab6c01
memtest_data error @ 0xc0000030: 0x6dad6c81 vs 0xb6f5b603
memtest_data error @ 0xc0000034: 0xdbaddb81 vs 0xdb5adb02
memtest_data error @ 0xc0000038: 0xb6adb681 vs 0x6dad6d81
memtest_data error @ 0xc000003c: 0xb6adb681 vs 0xb6f6b6c3
memtest_data error @ 0xc0000040: 0xb6f6d6db vs 0xdb5b5b62
SDRAM_VERIFY address=0xc0000000 size=0x00200000 errors=393305 status=failed
litex> mem_verify 0xc0000000 0x200000

memtest_data error @ 0xc0000000: 0xc0180001 vs 0x80200003
memtest_data error @ 0xc0000004: 0xc0180001 vs 0xc0300002
memtest_data error @ 0xc0000008: 0xb0180001 vs 0x60180001
memtest_data error @ 0xc000000c: 0xb0180001 vs 0xb02c0003
memtest_data error @ 0xc0000010: 0xb62d8003 vs 0xd8360002
memtest_data error @ 0xc0000014: 0x6c2d0003 vs 0x6c1b0001
memtest_data error @ 0xc000001c: 0xdb2dc003 vs 0xdb36c002
memtest_data error @ 0xc0000020: 0xb6568002 vs 0x6d9b6001
memtest_data error @ 0xc0000024: 0xb656b002 vs 0xb6edb003
memtest_data error @ 0xc0000028: 0x6d566c02 vs 0xdb56d802
memtest_data error @ 0xc000002c: 0x6d566c02 vs 0x6dab6c01
memtest_data error @ 0xc0000030: 0x6dad6c81 vs 0xb6f5b603
memtest_data error @ 0xc0000034: 0xdbaddb81 vs 0xdb5adb02
memtest_data error @ 0xc0000038: 0xb6adb681 vs 0x6dad6d81
memtest_data error @ 0xc000003c: 0xb6adb681 vs 0xb6f6b6c3
memtest_data error @ 0xc0000040: 0xb6f6d6db vs 0xdb5b5b62
SDRAM_VERIFY address=0xc0000000 size=0x00200000 errors=393354 status=failed
litex> mem_verify 0xc0000000 0x200000

memtest_data error @ 0xc0000000: 0x58187001 vs 0x80200003
memtest_data error @ 0xc0000004: 0xc0180001 vs 0xc0300002
memtest_data error @ 0xc0000008: 0xc0180001 vs 0x60180001
memtest_data error @ 0xc000000c: 0xb0180001 vs 0xb02c0003
memtest_data error @ 0xc0000010: 0xb62d8003 vs 0xd8360002
memtest_data error @ 0xc0000014: 0x6c2d0003 vs 0x6c1b0001
memtest_data error @ 0xc000001c: 0xdb2dc003 vs 0xdb36c002
memtest_data error @ 0xc0000020: 0xb6568002 vs 0x6d9b6001
memtest_data error @ 0xc0000024: 0xb656b002 vs 0xb6edb003
memtest_data error @ 0xc0000028: 0xb656b002 vs 0xdb56d802
memtest_data error @ 0xc000002c: 0x6d566c02 vs 0x6dab6c01
memtest_data error @ 0xc0000030: 0xdbadd881 vs 0xb6f5b603
memtest_data error @ 0xc0000034: 0xdbaddb81 vs 0xdb5adb02
memtest_data error @ 0xc000003c: 0xb6adb681 vs 0xb6f6b6c3
memtest_data error @ 0xc0000040: 0xb6f6d6db vs 0xdb5b5b62
memtest_data error @ 0xc0000044: 0x6df6addb vs 0x6dadadb1
SDRAM_VERIFY address=0xc0000000 size=0x00200000 errors=393330 status=failed
litex> mem_test 0x40000000 0x200000

Memtest at 0x40000000 (2.0MiB)...
  Write: 0x40000000-0x40000000 0B     Write: 0x40000000-0x40020000 128.0KiB     Write: 0x40000000-0x40040000 256.0KiB     Write: 0x40000000-0x40060000 384.0KiB     Write: 0x40000000-0x40080000 512.0KiB     Write: 0x40000000-0x400a0000 640.0KiB     Write: 0x40000000-0x400c0000 768.0KiB     Write: 0x40000000-0x400e0000 896.0KiB     Write: 0x40000000-0x40100000 1.0MiB     Write: 0x40000000-0x40120000 1.1MiB     Write: 0x40000000-0x40140000 1.2MiB     Write: 0x40000000-0x40160000 1.3MiB     Write: 0x40000000-0x40180000 1.5MiB     Write: 0x40000000-0x401a0000 1.6MiB     Write: 0x40000000-0x401c0000 1.7MiB     Write: 0x40000000-0x401e0000 1.8MiB     Write: 0x40000000-0x40200000 2.0MiB   
memtest_data error @ 0x40000000: 0xc0180001 vs 0x80200003
   Read: 0x40000000-0x40000000 0B   memtest_data error @ 0x40000004: 0x60180001 vs 0xc0300002
memtest_data error @ 0x40000008: 0xb0180001 vs 0x60180001
memtest_data error @ 0x4000000c: 0x84180a01 vs 0xb02c0003
memtest_data error @ 0x40000010: 0x6c2d0003 vs 0xd8360002
memtest_data error @ 0x40000014: 0x6c2d0003 vs 0x6c1b0001
memtest_data error @ 0x4000001c: 0xdb2dc003 vs 0xdb36c002
memtest_data error @ 0x40000020: 0xb656b002 vs 0x6d9b6001
memtest_data error @ 0x40000024: 0xdb56d802 vs 0xb6edb003
memtest_data error @ 0x40000028: 0x6d566c02 vs 0xdb56d802
memtest_data error @ 0x4000002c: 0x60560002 vs 0x6dab6c01
memtest_data error @ 0x40000030: 0xdbaddb81 vs 0xb6f5b603
memtest_data error @ 0x40000034: 0xdbaddb81 vs 0xdb5adb02
memtest_data error @ 0x4000003c: 0xb6adb681 vs 0xb6f6b6c3
memtest_data error @ 0x40000040: 0xb6f6b0db vs 0xdb5b5b62
memtest_data error @ 0x40000044: 0xdbf6d8db vs 0x6dadadb1
   Read: 0x40000000-0x40020000 128.0KiB      Read: 0x40000000-0x40040000 256.0KiB      Read: 0x40000000-0x40060000 384.0KiB      Read: 0x40000000-0x40080000 512.0KiB      Read: 0x40000000-0x400a0000 640.0KiB      Read: 0x40000000-0x400c0000 768.0KiB      Read: 0x40000000-0x400e0000 896.0KiB      Read: 0x40000000-0x40100000 1.0MiB      Read: 0x40000000-0x40120000 1.1MiB      Read: 0x40000000-0x40140000 1.2MiB      Read: 0x40000000-0x40160000 1.3MiB      Read: 0x40000000-0x40180000 1.5MiB      Read: 0x40000000-0x401a0000 1.6MiB      Read: 0x40000000-0x401c0000 1.7MiB      Read: 0x40000000-0x401e0000 1.8MiB      Read: 0x40000000-0x40200000 2.0MiB   
  bus errors:  6/256
  addr errors: 6164/8192
  data errors: 457694/524288
Memtest KO
litex> mem_verify 0xc0000000 0x200000

memtest_data error @ 0xc0000000: 0xc0180001 vs 0x80200003
memtest_data error @ 0xc0000004: 0xc0180001 vs 0xc0300002
memtest_data error @ 0xc0000008: 0xb0180001 vs 0x60180001
memtest_data error @ 0xc000000c: 0xb0180001 vs 0xb02c0003
memtest_data error @ 0xc0000010: 0xb62d8003 vs 0xd8360002
memtest_data error @ 0xc0000014: 0x6c2d0003 vs 0x6c1b0001
memtest_data error @ 0xc000001c: 0xdb2dc003 vs 0xdb36c002
memtest_data error @ 0xc0000020: 0xb6568002 vs 0x6d9b6001
memtest_data error @ 0xc0000024: 0xb656b002 vs 0xb6edb003
memtest_data error @ 0xc0000028: 0x6d566c02 vs 0xdb56d802
memtest_data error @ 0xc000002c: 0x6d566c02 vs 0x6dab6c01
memtest_data error @ 0xc0000030: 0x6dad6c81 vs 0xb6f5b603
memtest_data error @ 0xc0000034: 0xdbaddb81 vs 0xdb5adb02
memtest_data error @ 0xc0000038: 0xb6adb681 vs 0x6dad6d81
memtest_data error @ 0xc000003c: 0xb6adb681 vs 0xb6f6b6c3
memtest_data error @ 0xc0000040: 0xb6f6d6db vs 0xdb5b5b62
SDRAM_VERIFY address=0xc0000000 size=0x00200000 errors=393354 status=failed
litex> mem_write 0xf0001804 3

litex> mem_write 0xf0001800 1

litex> mem_write 0xf0001808 1

litex> mem_write 0xf0001810 1

litex> mem_write 0xf000180c 1

litex> mem_write 0xf000180c 1

litex> mem_write 0xf000180c 1

litex> mem_write 0xf000180c 1

litex> mem_write 0xf000180c 1

litex> mem_write 0xf000180c 1

litex> mem_write 0xf000180c 1

litex> mem_write 0xf000180c 1

litex> mem_write 0xf000180c 1

litex> mem_write 0xf000180c 1

litex> mem_write 0xf000180c 1

litex> mem_write 0xf000180c 1

litex> mem_write 0xf000180c 1

litex> mem_write 0xf000180c 1

litex> mem_write 0xf000180c 1

litex> mem_write 0xf000180c 1

litex> mem_write 0xf000180c 1

litex> mem_write 0xf000180c 1

litex> mem_write 0xf000180c 1

litex> mem_write 0xf000180c 1

litex> mem_write 0xf000180c 1

litex> mem_write 0xf000180c 1

litex> mem_write 0xf000180c 1

litex> mem_write 0xf000180c 1

litex> mem_write 0xf000180c 1

litex> mem_write 0xf000180c 1

litex> mem_write 0xf000180c 1

litex> mem_write 0xf000180c 1

litex> mem_write 0xf000180c 1

litex> mem_write 0xf000180c 1

litex> mem_write 0xf000180c 1

litex> mem_write 0xf000180c 1

litex> mem_write 0xf000180c 1

litex> mem_write 0xf000180c 1

litex> mem_write 0xf000180c 1

litex> mem_write 0xf000180c 1

litex> mem_write 0xf000180c 1

litex> mem_write 0xf000180c 1

litex> mem_write 0xf000180c 1

litex> mem_write 0xf000180c 1

litex> mem_write 0xf000180c 1

litex> mem_write 0xf000180c 1

litex> mem_write 0xf000180c 1

litex> mem_write 0xf000180c 1

litex> mem_write 0xf000180c 1

litex> mem_write 0xf000180c 1

litex> mem_write 0xf000180c 1

litex> mem_write 0xf000180c 1

litex> sdram_cal

Switching SDRAM to software control.
Read leveling:
  m0, b00: |00000000000000000000000000000000| 
  m0, b01: |00000000000000000000000000000000| 
  m0, b02: |00000000000000000000000000000000| 
  m0, b03: |00000000000000000000000000000000| 
  best: m0, b00 SDRAM_READ_LEVELING_LANE module=0 dq=0 bitslip=0 status=failed window_start=-1 window_length=0
Switching SDRAM to hardware control.
litex> mem_test 0xc0000000 0x200000

Memtest at 0xc0000000 (2.0MiB)...
  Write: 0xc0000000-0xc0000000 0B     Write: 0xc0000000-0xc0020000 128.0KiB     Write: 0xc0000000-0xc0040000 256.0KiB     Write: 0xc0000000-0xc0060000 384.0KiB     Write: 0xc0000000-0xc0080000 512.0KiB     Write: 0xc0000000-0xc00a0000 640.0KiB     Write: 0xc0000000-0xc00c0000 768.0KiB     Write: 0xc0000000-0xc00e0000 896.0KiB     Write: 0xc0000000-0xc0100000 1.0MiB     Write: 0xc0000000-0xc0120000 1.1MiB     Write: 0xc0000000-0xc0140000 1.2MiB     Write: 0xc0000000-0xc0160000 1.3MiB     Write: 0xc0000000-0xc0180000 1.5MiB     Write: 0xc0000000-0xc01a0000 1.6MiB     Write: 0xc0000000-0xc01c0000 1.7MiB     Write: 0xc0000000-0xc01e0000 1.8MiB     Write: 0xc0000000-0xc0200000 2.0MiB   
memtest_data error @ 0xc0000000: 0xc0180001 vs 0x80200003
   Read: 0xc0000000-0xc0000000 0B   memtest_data error @ 0xc0000004: 0xc0180001 vs 0xc0300002
memtest_data error @ 0xc000000c: 0xb0180001 vs 0xb02c0003
memtest_data error @ 0xc0000010: 0xb02d0003 vs 0xd8360002
memtest_data error @ 0xc0000014: 0x6c2d0003 vs 0x6c1b0001
memtest_data error @ 0xc0000018: 0x6c2d0003 vs 0xb62d8003
memtest_data error @ 0xc000001c: 0xdb2dc003 vs 0xdb36c002
memtest_data error @ 0xc0000020: 0xdb56d802 vs 0x6d9b6001
memtest_data error @ 0xc0000024: 0xb656b002 vs 0xb6edb003
memtest_data error @ 0xc0000028: 0xb656b002 vs 0xdb56d802
memtest_data error @ 0xc000002c: 0x6d566c02 vs 0x6dab6c01
memtest_data error @ 0xc0000030: 0xdbadd881 vs 0xb6f5b603
memtest_data error @ 0xc0000034: 0xdbaddb81 vs 0xdb5adb02
memtest_data error @ 0xc000003c: 0xb6adb681 vs 0xb6f6b6c3
memtest_data error @ 0xc0000040: 0x6df66ddb vs 0xdb5b5b62
memtest_data error @ 0xc0000044: 0x6df6addb vs 0x6dadadb1
   Read: 0xc0000000-0xc0020000 128.0KiB      Read: 0xc0000000-0xc0040000 256.0KiB      Read: 0xc0000000-0xc0060000 384.0KiB      Read: 0xc0000000-0xc0080000 512.0KiB      Read: 0xc0000000-0xc00a0000 640.0KiB      Read: 0xc0000000-0xc00c0000 768.0KiB      Read: 0xc0000000-0xc00e0000 896.0KiB      Read: 0xc0000000-0xc0100000 1.0MiB      Read: 0xc0000000-0xc0120000 1.1MiB      Read: 0xc0000000-0xc0140000 1.2MiB      Read: 0xc0000000-0xc0160000 1.3MiB      Read: 0xc0000000-0xc0180000 1.5MiB      Read: 0xc0000000-0xc01a0000 1.6MiB      Read: 0xc0000000-0xc01c0000 1.7MiB      Read: 0xc0000000-0xc01e0000 1.8MiB      Read: 0xc0000000-0xc0200000 2.0MiB   
  bus errors:  2/256
  addr errors: 6146/8192
  data errors: 524265/524288
Memtest KO
litex> mem_verify 0xc0000000 0x200000

memtest_data error @ 0xc0000000: 0xc0180001 vs 0x80200003
memtest_data error @ 0xc0000004: 0xc0180001 vs 0xc0300002
memtest_data error @ 0xc0000008: 0xb0180001 vs 0x60180001
memtest_data error @ 0xc000000c: 0xb0180001 vs 0xb02c0003
memtest_data error @ 0xc0000010: 0xb62d8003 vs 0xd8360002
memtest_data error @ 0xc0000014: 0x6c2d0003 vs 0x6c1b0001
memtest_data error @ 0xc000001c: 0xdb2dc003 vs 0xdb36c002
memtest_data error @ 0xc0000020: 0xb6568002 vs 0x6d9b6001
memtest_data error @ 0xc0000024: 0xb656b002 vs 0xb6edb003
memtest_data error @ 0xc0000028: 0x6d566c02 vs 0xdb56d802
memtest_data error @ 0xc000002c: 0x6d566c02 vs 0x6dab6c01
memtest_data error @ 0xc0000030: 0x6dad6c81 vs 0xb6f5b603
memtest_data error @ 0xc0000034: 0xdbaddb81 vs 0xdb5adb02
memtest_data error @ 0xc0000038: 0xb6adb681 vs 0x6dad6d81
memtest_data error @ 0xc000003c: 0xb6adb681 vs 0xb6f6b6c3
memtest_data error @ 0xc0000040: 0xb6f6d6db vs 0xdb5b5b62
SDRAM_VERIFY address=0xc0000000 size=0x00200000 errors=393336 status=failed
litex> mem_verify 0xc0000000 0x200000

memtest_data error @ 0xc0000000: 0xc0180001 vs 0x80200003
memtest_data error @ 0xc0000004: 0xc0180001 vs 0xc0300002
memtest_data error @ 0xc0000008: 0xb0180001 vs 0x60180001
memtest_data error @ 0xc000000c: 0xb0180001 vs 0xb02c0003
memtest_data error @ 0xc0000010: 0xb62d8003 vs 0xd8360002
memtest_data error @ 0xc0000014: 0x6c2d0003 vs 0x6c1b0001
memtest_data error @ 0xc000001c: 0xdb2dc003 vs 0xdb36c002
memtest_data error @ 0xc0000020: 0xb6568002 vs 0x6d9b6001
memtest_data error @ 0xc0000024: 0xb656b002 vs 0xb6edb003
memtest_data error @ 0xc0000028: 0x6d566c02 vs 0xdb56d802
memtest_data error @ 0xc000002c: 0x6d566c02 vs 0x6dab6c01
memtest_data error @ 0xc0000030: 0xdbadd881 vs 0xb6f5b603
memtest_data error @ 0xc0000034: 0xdbaddb81 vs 0xdb5adb02
memtest_data error @ 0xc000003c: 0xb6adb681 vs 0xb6f6b6c3
memtest_data error @ 0xc0000040: 0x6df66ddb vs 0xdb5b5b62
memtest_data error @ 0xc0000044: 0x6df6addb vs 0x6dadadb1
SDRAM_VERIFY address=0xc0000000 size=0x00200000 errors=393350 status=failed
litex> mem_verify 0xc0000000 0x200000

memtest_data error @ 0xc0000000: 0xc0180001 vs 0x80200003
memtest_data error @ 0xc0000004: 0xc0180001 vs 0xc0300002
memtest_data error @ 0xc0000008: 0xc0180001 vs 0x60180001
memtest_data error @ 0xc000000c: 0xb0180001 vs 0xb02c0003
memtest_data error @ 0xc0000010: 0xc02d0003 vs 0xd8360002
memtest_data error @ 0xc0000014: 0x6c2d0003 vs 0x6c1b0001
memtest_data error @ 0xc000001c: 0xdb2dc003 vs 0xdb36c002
memtest_data error @ 0xc0000020: 0xb6568002 vs 0x6d9b6001
memtest_data error @ 0xc0000024: 0xb656b002 vs 0xb6edb003
memtest_data error @ 0xc0000028: 0x6d566c02 vs 0xdb56d802
memtest_data error @ 0xc000002c: 0x6d566c02 vs 0x6dab6c01
memtest_data error @ 0xc0000030: 0x6dad6c81 vs 0xb6f5b603
memtest_data error @ 0xc0000034: 0xdbaddb81 vs 0xdb5adb02
memtest_data error @ 0xc0000038: 0xb6adb681 vs 0x6dad6d81
memtest_data error @ 0xc000003c: 0xb6adb681 vs 0xb6f6b6c3
memtest_data error @ 0xc0000040: 0xb6f6d6db vs 0xdb5b5b62
SDRAM_VERIFY address=0xc0000000 size=0x00200000 errors=393311 status=failed
litex> mem_test 0x40000000 0x200000

Memtest at 0x40000000 (2.0MiB)...
  Write: 0x40000000-0x40000000 0B     Write: 0x40000000-0x40020000 128.0KiB     Write: 0x40000000-0x40040000 256.0KiB     Write: 0x40000000-0x40060000 384.0KiB     Write: 0x40000000-0x40080000 512.0KiB     Write: 0x40000000-0x400a0000 640.0KiB     Write: 0x40000000-0x400c0000 768.0KiB     Write: 0x40000000-0x400e0000 896.0KiB     Write: 0x40000000-0x40100000 1.0MiB     Write: 0x40000000-0x40120000 1.1MiB     Write: 0x40000000-0x40140000 1.2MiB     Write: 0x40000000-0x40160000 1.3MiB     Write: 0x40000000-0x40180000 1.5MiB     Write: 0x40000000-0x401a0000 1.6MiB     Write: 0x40000000-0x401c0000 1.7MiB     Write: 0x40000000-0x401e0000 1.8MiB     Write: 0x40000000-0x40200000 2.0MiB   
memtest_data error @ 0x40000000: 0xc0180001 vs 0x80200003
   Read: 0x40000000-0x40000000 0B   memtest_data error @ 0x40000004: 0x60180001 vs 0xc0300002
memtest_data error @ 0x40000008: 0xb0180001 vs 0x60180001
memtest_data error @ 0x4000000c: 0x84180a01 vs 0xb02c0003
memtest_data error @ 0x40000010: 0x6c2d0003 vs 0xd8360002
memtest_data error @ 0x40000014: 0x6c2d0003 vs 0x6c1b0001
memtest_data error @ 0x4000001c: 0xdb2dc003 vs 0xdb36c002
memtest_data error @ 0x40000020: 0xb656b002 vs 0x6d9b6001
memtest_data error @ 0x40000024: 0xdb56d802 vs 0xb6edb003
memtest_data error @ 0x40000028: 0x6d566c02 vs 0xdb56d802
memtest_data error @ 0x4000002c: 0x60560002 vs 0x6dab6c01
memtest_data error @ 0x40000030: 0xdbaddb81 vs 0xb6f5b603
memtest_data error @ 0x40000034: 0xdbaddb81 vs 0xdb5adb02
memtest_data error @ 0x4000003c: 0xb6adb681 vs 0xb6f6b6c3
memtest_data error @ 0x40000040: 0xb6f6b0db vs 0xdb5b5b62
memtest_data error @ 0x40000044: 0xdbf6d8db vs 0x6dadadb1
   Read: 0x40000000-0x40020000 128.0KiB      Read: 0x40000000-0x40040000 256.0KiB      Read: 0x40000000-0x40060000 384.0KiB      Read: 0x40000000-0x40080000 512.0KiB      Read: 0x40000000-0x400a0000 640.0KiB      Read: 0x40000000-0x400c0000 768.0KiB      Read: 0x40000000-0x400e0000 896.0KiB      Read: 0x40000000-0x40100000 1.0MiB      Read: 0x40000000-0x40120000 1.1MiB      Read: 0x40000000-0x40140000 1.2MiB      Read: 0x40000000-0x40160000 1.3MiB      Read: 0x40000000-0x40180000 1.5MiB      Read: 0x40000000-0x401a0000 1.6MiB      Read: 0x40000000-0x401c0000 1.7MiB      Read: 0x40000000-0x401e0000 1.8MiB      Read: 0x40000000-0x40200000 2.0MiB   
  bus errors:  6/256
  addr errors: 6164/8192
  data errors: 457694/524288
Memtest KO
litex> mem_verify 0xc0000000 0x200000

memtest_data error @ 0xc0000000: 0xc0180001 vs 0x80200003
memtest_data error @ 0xc0000004: 0xc0180001 vs 0xc0300002
memtest_data error @ 0xc0000008: 0xb0180001 vs 0x60180001
memtest_data error @ 0xc000000c: 0xb0180001 vs 0xb02c0003
memtest_data error @ 0xc0000010: 0xb62d8003 vs 0xd8360002
memtest_data error @ 0xc0000014: 0x6c2d0003 vs 0x6c1b0001
memtest_data error @ 0xc000001c: 0xdb2dc003 vs 0xdb36c002
memtest_data error @ 0xc0000020: 0xb6568002 vs 0x6d9b6001
memtest_data error @ 0xc0000024: 0xb656b002 vs 0xb6edb003
memtest_data error @ 0xc0000028: 0x6d566c02 vs 0xdb56d802
memtest_data error @ 0xc000002c: 0x6d566c02 vs 0x6dab6c01
memtest_data error @ 0xc0000030: 0x6dad6c81 vs 0xb6f5b603
memtest_data error @ 0xc0000034: 0xdbaddb81 vs 0xdb5adb02
memtest_data error @ 0xc0000038: 0xb6adb681 vs 0x6dad6d81
memtest_data error @ 0xc000003c: 0xb6adb681 vs 0xb6f6b6c3
memtest_data error @ 0xc0000040: 0xb6f6d6db vs 0xdb5b5b62
SDRAM_VERIFY address=0xc0000000 size=0x00200000 errors=393353 status=failed
litex> mem_write 0xf0001804 3

litex> mem_write 0xf0001800 1

litex> mem_write 0xf0001808 1

litex> mem_write 0xf0001810 0

litex> mem_write 0xf000180c 1

litex> mem_write 0xf000180c 1

litex> mem_write 0xf000180c 1

litex> mem_write 0xf000180c 1

litex> mem_write 0xf000180c 1

litex> mem_write 0xf000180c 1

litex> mem_write 0xf000180c 1

litex> mem_write 0xf000180c 1

litex> mem_write 0xf000180c 1

litex> mem_write 0xf000180c 1

litex> mem_write 0xf000180c 1

litex> mem_write 0xf000180c 1

litex> mem_write 0xf000180c 1

litex> mem_write 0xf000180c 1

litex> mem_write 0xf000180c 1

litex> mem_write 0xf000180c 1

litex> mem_write 0xf000180c 1

litex> mem_write 0xf000180c 1

litex> mem_write 0xf000180c 1

litex> mem_write 0xf000180c 1

litex> mem_write 0xf000180c 1

litex> mem_write 0xf000180c 1

litex> mem_write 0xf000180c 1

litex> mem_write 0xf000180c 1

litex> mem_write 0xf000180c 1

litex> mem_write 0xf000180c 1

litex> mem_write 0xf000180c 1

litex> mem_write 0xf000180c 1

litex> mem_write 0xf000180c 1

litex> mem_write 0xf000180c 1

litex> mem_write 0xf000180c 1

litex> mem_write 0xf000180c 1

litex> mem_write 0xf000180c 1

litex> mem_write 0xf000180c 1

litex> mem_write 0xf000180c 1

litex> mem_write 0xf000180c 1

litex> mem_write 0xf000180c 1

litex> mem_write 0xf000180c 1

litex> mem_write 0xf000180c 1

litex> mem_write 0xf000180c 1

litex> mem_write 0xf000180c 1

litex> mem_write 0xf000180c 1

litex> mem_write 0xf000180c 1

litex> mem_write 0xf000180c 1

litex> mem_write 0xf000180c 1

litex> mem_write 0xf000180c 1

litex> mem_write 0xf000180c 1

litex> mem_write 0xf000180c 1

litex> sdram_cal

Switching SDRAM to software control.
Read leveling:
  m0, b02: |11111111111111111111111111110000| 
  best: m0, b02 delays: 108+-108
SDRAM_READ_LEVELING_LANE module=0 dq=0 bitslip=2 status=passed window_start=0 window_length=217 delay_center=108 delay_half_window=108
  m1, b02: |11111111111111111111111111100000| 
  best: m1, b02 delays: 106+-106
SDRAM_READ_LEVELING_LANE module=1 dq=0 bitslip=2 status=passed window_start=0 window_length=214 delay_center=106 delay_half_window=106
Switching SDRAM to hardware control.
litex> mem_test 0xc0000000 0x200000

Memtest at 0xc0000000 (2.0MiB)...
  Write: 0xc0000000-0xc0000000 0B     Write: 0xc0000000-0xc0020000 128.0KiB     Write: 0xc0000000-0xc0040000 256.0KiB     Write: 0xc0000000-0xc0060000 384.0KiB     Write: 0xc0000000-0xc0080000 512.0KiB     Write: 0xc0000000-0xc00a0000 640.0KiB     Write: 0xc0000000-0xc00c0000 768.0KiB     Write: 0xc0000000-0xc00e0000 896.0KiB     Write: 0xc0000000-0xc0100000 1.0MiB     Write: 0xc0000000-0xc0120000 1.1MiB     Write: 0xc0000000-0xc0140000 1.2MiB     Write: 0xc0000000-0xc0160000 1.3MiB     Write: 0xc0000000-0xc0180000 1.5MiB     Write: 0xc0000000-0xc01a0000 1.6MiB     Write: 0xc0000000-0xc01c0000 1.7MiB     Write: 0xc0000000-0xc01e0000 1.8MiB     Write: 0xc0000000-0xc0200000 2.0MiB   
   Read: 0xc0000000-0xc0000000 0B      Read: 0xc0000000-0xc0020000 128.0KiB      Read: 0xc0000000-0xc0040000 256.0KiB      Read: 0xc0000000-0xc0060000 384.0KiB      Read: 0xc0000000-0xc0080000 512.0KiB      Read: 0xc0000000-0xc00a0000 640.0KiB   memtest_data error @ 0xc00b64f4: 0xb4ce6cd9 vs 0xb4de6cd9
   Read: 0xc0000000-0xc00c0000 768.0KiB      Read: 0xc0000000-0xc00e0000 896.0KiB      Read: 0xc0000000-0xc0100000 1.0MiB      Read: 0xc0000000-0xc0120000 1.1MiB      Read: 0xc0000000-0xc0140000 1.2MiB      Read: 0xc0000000-0xc0160000 1.3MiB      Read: 0xc0000000-0xc0180000 1.5MiB      Read: 0xc0000000-0xc01a0000 1.6MiB      Read: 0xc0000000-0xc01c0000 1.7MiB      Read: 0xc0000000-0xc01e0000 1.8MiB      Read: 0xc0000000-0xc0200000 2.0MiB   
  bus errors:  0/256
  addr errors: 0/8192
  data errors: 1/524288
Memtest KO
litex> mem_verify 0xc0000000 0x200000

memtest_data error @ 0xc00b64f4: 0xb4ce6cd9 vs 0xb4de6cd9
SDRAM_VERIFY address=0xc0000000 size=0x00200000 errors=1 status=failed
litex> mem_verify 0xc0000000 0x200000

memtest_data error @ 0xc00b64f4: 0xb4ce6cd9 vs 0xb4de6cd9
SDRAM_VERIFY address=0xc0000000 size=0x00200000 errors=1 status=failed
litex> mem_verify 0xc0000000 0x200000

memtest_data error @ 0xc00b64f4: 0xb4ce6cd9 vs 0xb4de6cd9
SDRAM_VERIFY address=0xc0000000 size=0x00200000 errors=1 status=failed
litex> mem_test 0x40000000 0x200000

Memtest at 0x40000000 (2.0MiB)...
  Write: 0x40000000-0x40000000 0B     Write: 0x40000000-0x40020000 128.0KiB     Write: 0x40000000-0x40040000 256.0KiB     Write: 0x40000000-0x40060000 384.0KiB     Write: 0x40000000-0x40080000 512.0KiB     Write: 0x40000000-0x400a0000 640.0KiB     Write: 0x40000000-0x400c0000 768.0KiB     Write: 0x40000000-0x400e0000 896.0KiB     Write: 0x40000000-0x40100000 1.0MiB     Write: 0x40000000-0x40120000 1.1MiB     Write: 0x40000000-0x40140000 1.2MiB     Write: 0x40000000-0x40160000 1.3MiB     Write: 0x40000000-0x40180000 1.5MiB     Write: 0x40000000-0x401a0000 1.6MiB     Write: 0x40000000-0x401c0000 1.7MiB     Write: 0x40000000-0x401e0000 1.8MiB     Write: 0x40000000-0x40200000 2.0MiB   
   Read: 0x40000000-0x40000000 0B      Read: 0x40000000-0x40020000 128.0KiB      Read: 0x40000000-0x40040000 256.0KiB      Read: 0x40000000-0x40060000 384.0KiB      Read: 0x40000000-0x40080000 512.0KiB      Read: 0x40000000-0x400a0000 640.0KiB   memtest_data error @ 0x400b64f4: 0xb4ce6cd9 vs 0xb4de6cd9
   Read: 0x40000000-0x400c0000 768.0KiB      Read: 0x40000000-0x400e0000 896.0KiB      Read: 0x40000000-0x40100000 1.0MiB      Read: 0x40000000-0x40120000 1.1MiB      Read: 0x40000000-0x40140000 1.2MiB      Read: 0x40000000-0x40160000 1.3MiB      Read: 0x40000000-0x40180000 1.5MiB      Read: 0x40000000-0x401a0000 1.6MiB      Read: 0x40000000-0x401c0000 1.7MiB      Read: 0x40000000-0x401e0000 1.8MiB      Read: 0x40000000-0x40200000 2.0MiB   
  bus errors:  0/256
  addr errors: 0/8192
  data errors: 1/524288
Memtest KO
litex> mem_verify 0xc0000000 0x200000

memtest_data error @ 0xc00b64f4: 0xb4ce6cd9 vs 0xb4de6cd9
SDRAM_VERIFY address=0xc0000000 size=0x00200000 errors=1 status=failed
litex> mem_write 0xf0001804 3

litex> mem_write 0xf0001800 1

litex> mem_write 0xf0001808 1

litex> mem_write 0xf0001810 1

litex> mem_write 0xf000180c 1

litex> mem_write 0xf000180c 1

litex> mem_write 0xf000180c 1

litex> mem_write 0xf000180c 1

litex> mem_write 0xf000180c 1

litex> mem_write 0xf000180c 1

litex> mem_write 0xf000180c 1

litex> mem_write 0xf000180c 1

litex> mem_write 0xf000180c 1

litex> mem_write 0xf000180c 1

litex> mem_write 0xf000180c 1

litex> mem_write 0xf000180c 1

litex> mem_write 0xf000180c 1

litex> mem_write 0xf000180c 1

litex> mem_write 0xf000180c 1

litex> mem_write 0xf000180c 1

litex> mem_write 0xf000180c 1

litex> mem_write 0xf000180c 1

litex> mem_write 0xf000180c 1

litex> mem_write 0xf000180c 1

litex> mem_write 0xf000180c 1

litex> mem_write 0xf000180c 1

litex> mem_write 0xf000180c 1

litex> mem_write 0xf000180c 1

litex> mem_write 0xf000180c 1

litex> mem_write 0xf000180c 1

litex> mem_write 0xf000180c 1

litex> mem_write 0xf000180c 1

litex> mem_write 0xf000180c 1

litex> mem_write 0xf000180c 1

litex> mem_write 0xf000180c 1

litex> mem_write 0xf000180c 1

litex> mem_write 0xf000180c 1

litex> mem_write 0xf000180c 1

litex> mem_write 0xf000180c 1

litex> mem_write 0xf000180c 1

litex> mem_write 0xf000180c 1

litex> mem_write 0xf000180c 1

litex> mem_write 0xf000180c 1

litex> mem_write 0xf000180c 1

litex> mem_write 0xf000180c 1

litex> mem_write 0xf000180c 1

litex> mem_write 0xf000180c 1

litex> mem_write 0xf000180c 1

litex> mem_write 0xf000180c 1

litex> mem_write 0xf000180c 1

litex> mem_write 0xf000180c 1

litex> mem_write 0xf000180c 1

litex> mem_write 0xf000180c 1

litex> mem_write 0xf000180c 1

litex> mem_write 0xf000180c 1

litex> mem_write 0xf000180c 1

litex> mem_write 0xf000180c 1

litex> mem_write 0xf000180c 1

litex> mem_write 0xf000180c 1

litex> mem_write 0xf000180c 1

litex> mem_write 0xf000180c 1

litex> mem_write 0xf000180c 1

litex> mem_write 0xf000180c 1

litex> mem_write 0xf000180c 1

litex> mem_write 0xf000180c 1

litex> mem_write 0xf000180c 1

litex> mem_write 0xf000180c 1

litex> mem_write 0xf000180c 1

litex> mem_write 0xf000180c 1

litex> mem_write 0xf000180c 1

litex> mem_write 0xf000180c 1

litex> mem_write 0xf000180c 1

litex> mem_write 0xf000180c 1

litex> mem_write 0xf000180c 1

litex> mem_write 0xf000180c 1

litex> mem_write 0xf000180c 1

litex> sdram_cal

Switching SDRAM to software control.
Read leveling:
  m0, b02: |11111111111111111111111111110000| 
  best: m0, b02 delays: 108+-108
SDRAM_READ_LEVELING_LANE module=0 dq=0 bitslip=2 status=passed window_start=0 window_length=216 delay_center=108 delay_half_window=108
  m1, b02: |11111111111111111111111111100000| 
  best: m1, b02 delays: 106+-106
SDRAM_READ_LEVELING_LANE module=1 dq=0 bitslip=2 status=passed window_start=0 window_length=214 delay_center=106 delay_half_window=106
Switching SDRAM to hardware control.
litex> mem_test 0xc0000000 0x200000

Memtest at 0xc0000000 (2.0MiB)...
  Write: 0xc0000000-0xc0000000 0B     Write: 0xc0000000-0xc0020000 128.0KiB     Write: 0xc0000000-0xc0040000 256.0KiB     Write: 0xc0000000-0xc0060000 384.0KiB     Write: 0xc0000000-0xc0080000 512.0KiB     Write: 0xc0000000-0xc00a0000 640.0KiB     Write: 0xc0000000-0xc00c0000 768.0KiB     Write: 0xc0000000-0xc00e0000 896.0KiB     Write: 0xc0000000-0xc0100000 1.0MiB     Write: 0xc0000000-0xc0120000 1.1MiB     Write: 0xc0000000-0xc0140000 1.2MiB     Write: 0xc0000000-0xc0160000 1.3MiB     Write: 0xc0000000-0xc0180000 1.5MiB     Write: 0xc0000000-0xc01a0000 1.6MiB     Write: 0xc0000000-0xc01c0000 1.7MiB     Write: 0xc0000000-0xc01e0000 1.8MiB     Write: 0xc0000000-0xc0200000 2.0MiB   
   Read: 0xc0000000-0xc0000000 0B      Read: 0xc0000000-0xc0020000 128.0KiB      Read: 0xc0000000-0xc0040000 256.0KiB      Read: 0xc0000000-0xc0060000 384.0KiB      Read: 0xc0000000-0xc0080000 512.0KiB      Read: 0xc0000000-0xc00a0000 640.0KiB   memtest_data error @ 0xc00b64f4: 0xb4ce6cd9 vs 0xb4de6cd9
   Read: 0xc0000000-0xc00c0000 768.0KiB      Read: 0xc0000000-0xc00e0000 896.0KiB      Read: 0xc0000000-0xc0100000 1.0MiB      Read: 0xc0000000-0xc0120000 1.1MiB      Read: 0xc0000000-0xc0140000 1.2MiB      Read: 0xc0000000-0xc0160000 1.3MiB      Read: 0xc0000000-0xc0180000 1.5MiB      Read: 0xc0000000-0xc01a0000 1.6MiB      Read: 0xc0000000-0xc01c0000 1.7MiB      Read: 0xc0000000-0xc01e0000 1.8MiB      Read: 0xc0000000-0xc0200000 2.0MiB   
  bus errors:  0/256
  addr errors: 0/8192
  data errors: 1/524288
Memtest KO
litex> mem_verify 0xc0000000 0x200000

memtest_data error @ 0xc00b64f4: 0xb4ce6cd9 vs 0xb4de6cd9
SDRAM_VERIFY address=0xc0000000 size=0x00200000 errors=1 status=failed
litex> mem_verify 0xc0000000 0x200000

memtest_data error @ 0xc00b64f4: 0xb4ce6cd9 vs 0xb4de6cd9
SDRAM_VERIFY address=0xc0000000 size=0x00200000 errors=1 status=failed
litex> mem_verify 0xc0000000 0x200000

memtest_data error @ 0xc00b64f4: 0xb4ce6cd9 vs 0xb4de6cd9
SDRAM_VERIFY address=0xc0000000 size=0x00200000 errors=1 status=failed
litex> mem_test 0x40000000 0x200000

Memtest at 0x40000000 (2.0MiB)...
  Write: 0x40000000-0x40000000 0B     Write: 0x40000000-0x40020000 128.0KiB     Write: 0x40000000-0x40040000 256.0KiB     Write: 0x40000000-0x40060000 384.0KiB     Write: 0x40000000-0x40080000 512.0KiB     Write: 0x40000000-0x400a0000 640.0KiB     Write: 0x40000000-0x400c0000 768.0KiB     Write: 0x40000000-0x400e0000 896.0KiB     Write: 0x40000000-0x40100000 1.0MiB     Write: 0x40000000-0x40120000 1.1MiB     Write: 0x40000000-0x40140000 1.2MiB     Write: 0x40000000-0x40160000 1.3MiB     Write: 0x40000000-0x40180000 1.5MiB     Write: 0x40000000-0x401a0000 1.6MiB     Write: 0x40000000-0x401c0000 1.7MiB     Write: 0x40000000-0x401e0000 1.8MiB     Write: 0x40000000-0x40200000 2.0MiB   
   Read: 0x40000000-0x40000000 0B      Read: 0x40000000-0x40020000 128.0KiB      Read: 0x40000000-0x40040000 256.0KiB      Read: 0x40000000-0x40060000 384.0KiB      Read: 0x40000000-0x40080000 512.0KiB      Read: 0x40000000-0x400a0000 640.0KiB   memtest_data error @ 0x400b64f4: 0xb4ce6cd9 vs 0xb4de6cd9
   Read: 0x40000000-0x400c0000 768.0KiB      Read: 0x40000000-0x400e0000 896.0KiB      Read: 0x40000000-0x40100000 1.0MiB      Read: 0x40000000-0x40120000 1.1MiB      Read: 0x40000000-0x40140000 1.2MiB      Read: 0x40000000-0x40160000 1.3MiB      Read: 0x40000000-0x40180000 1.5MiB      Read: 0x40000000-0x401a0000 1.6MiB      Read: 0x40000000-0x401c0000 1.7MiB      Read: 0x40000000-0x401e0000 1.8MiB      Read: 0x40000000-0x40200000 2.0MiB   
  bus errors:  0/256
  addr errors: 0/8192
  data errors: 1/524288
Memtest KO
litex> mem_verify 0xc0000000 0x200000

memtest_data error @ 0xc00b64f4: 0xb4ce6cd9 vs 0xb4de6cd9
SDRAM_VERIFY address=0xc0000000 size=0x00200000 errors=1 status=failed
litex> mem_write 0xf0001804 3

litex> mem_write 0xf0001800 1

litex> mem_write 0xf0001808 1

litex> mem_write 0xf0001810 0

litex> mem_write 0xf000180c 1

litex> mem_write 0xf000180c 1

litex> mem_write 0xf000180c 1

litex> mem_write 0xf000180c 1

litex> mem_write 0xf000180c 1

litex> mem_write 0xf000180c 1

litex> mem_write 0xf000180c 1

litex> mem_write 0xf000180c 1

litex> mem_write 0xf000180c 1

litex> mem_write 0xf000180c 1

litex> mem_write 0xf000180c 1

litex> mem_write 0xf000180c 1

litex> mem_write 0xf000180c 1

litex> mem_write 0xf000180c 1

litex> mem_write 0xf000180c 1

litex> mem_write 0xf000180c 1

litex> mem_write 0xf000180c 1

litex> mem_write 0xf000180c 1

litex> mem_write 0xf000180c 1

litex> mem_write 0xf000180c 1

litex> mem_write 0xf000180c 1

litex> mem_write 0xf000180c 1

litex> mem_write 0xf000180c 1

litex> mem_write 0xf000180c 1

litex> mem_write 0xf000180c 1

litex> mem_write 0xf000180c 1

litex> mem_write 0xf000180c 1

litex> mem_write 0xf000180c 1

litex> mem_write 0xf000180c 1

litex> mem_write 0xf000180c 1

litex> mem_write 0xf000180c 1

litex> mem_write 0xf000180c 1

litex> mem_write 0xf000180c 1

litex> mem_write 0xf000180c 1

litex> mem_write 0xf000180c 1

litex> mem_write 0xf000180c 1

litex> mem_write 0xf000180c 1

litex> mem_write 0xf000180c 1

litex> mem_write 0xf000180c 1

litex> mem_write 0xf000180c 1

litex> mem_write 0xf000180c 1

litex> mem_write 0xf000180c 1

litex> mem_write 0xf000180c 1

litex> mem_write 0xf000180c 1

litex> mem_write 0xf000180c 1

litex> mem_write 0xf000180c 1

litex> mem_write 0xf000180c 1

litex> mem_write 0xf000180c 1

litex> mem_write 0xf000180c 1

litex> mem_write 0xf000180c 1

litex> mem_write 0xf000180c 1

litex> mem_write 0xf000180c 1

litex> mem_write 0xf000180c 1

litex> mem_write 0xf000180c 1

litex> mem_write 0xf000180c 1

litex> mem_write 0xf000180c 1

litex> mem_write 0xf000180c 1

litex> mem_write 0xf000180c 1

litex> mem_write 0xf000180c 1

litex> mem_write 0xf000180c 1

litex> mem_write 0xf000180c 1

litex> mem_write 0xf000180c 1

litex> mem_write 0xf000180c 1

litex> mem_write 0xf000180c 1

litex> mem_write 0xf000180c 1

litex> mem_write 0xf000180c 1

litex> mem_write 0xf000180c 1

litex> mem_write 0xf000180c 1

litex> mem_write 0xf000180c 1

litex> mem_write 0xf000180c 1

litex> mem_write 0xf000180c 1

litex> mem_write 0xf000180c 1

litex> sdram_cal

Switching SDRAM to software control.
Read leveling:
  m0, b02: |11111111111111111111111111100000| 
  best: m0, b02 delays: 107+-107
SDRAM_READ_LEVELING_LANE module=0 dq=0 bitslip=2 status=passed window_start=0 window_length=217 delay_center=107 delay_half_window=107
  m1, b00: |00000000000000000000000000000000| 
  m1, b01: |00000000000000000000000000000000| 
  m1, b02: |00000000000000000000000000000000| 
  m1, b03: |00000000000000000000000000000000| 
  best: m1, b00 SDRAM_READ_LEVELING_LANE module=1 dq=0 bitslip=0 status=failed window_start=-1 window_length=0
Switching SDRAM to hardware control.
litex> mem_test 0xc0000000 0x200000

Memtest at 0xc0000000 (2.0MiB)...
  Write: 0xc0000000-0xc0000000 0B     Write: 0xc0000000-0xc0020000 128.0KiB     Write: 0xc0000000-0xc0040000 256.0KiB     Write: 0xc0000000-0xc0060000 384.0KiB     Write: 0xc0000000-0xc0080000 512.0KiB     Write: 0xc0000000-0xc00a0000 640.0KiB     Write: 0xc0000000-0xc00c0000 768.0KiB     Write: 0xc0000000-0xc00e0000 896.0KiB     Write: 0xc0000000-0xc0100000 1.0MiB     Write: 0xc0000000-0xc0120000 1.1MiB     Write: 0xc0000000-0xc0140000 1.2MiB     Write: 0xc0000000-0xc0160000 1.3MiB     Write: 0xc0000000-0xc0180000 1.5MiB     Write: 0xc0000000-0xc01a0000 1.6MiB     Write: 0xc0000000-0xc01c0000 1.7MiB     Write: 0xc0000000-0xc01e0000 1.8MiB     Write: 0xc0000000-0xc0200000 2.0MiB   
memtest_data error @ 0xc0000000: 0x60200003 vs 0x80200003
   Read: 0xc0000000-0xc0000000 0B   memtest_data error @ 0xc0000004: 0x60300002 vs 0xc0300002
memtest_data error @ 0xc000000c: 0x602c0003 vs 0xb02c0003
memtest_data error @ 0xc0000010: 0xb6368002 vs 0xd8360002
memtest_data error @ 0xc0000014: 0xb61b8001 vs 0x6c1b0001
memtest_data error @ 0xc000001c: 0xb6368002 vs 0xdb36c002
memtest_data error @ 0xc0000020: 0xdb9bd801 vs 0x6d9b6001
memtest_data error @ 0xc0000024: 0xdbedd803 vs 0xb6edb003
memtest_data error @ 0xc000002c: 0xdbabd801 vs 0x6dab6c01
memtest_data error @ 0xc0000030: 0x6df56d03 vs 0xb6f5b603
memtest_data error @ 0xc0000034: 0x6d5a6d02 vs 0xdb5adb02
memtest_data error @ 0xc000003c: 0x6df66dc3 vs 0xb6f6b6c3
memtest_data error @ 0xc0000040: 0xb65bd662 vs 0xdb5b5b62
memtest_data error @ 0xc0000044: 0xb6add6b1 vs 0x6dadadb1
memtest_data error @ 0xc000004c: 0xb65bd66e vs 0xdb5b6b6e
memtest_data error @ 0xc0000050: 0x5bad6db7 vs 0x6dadb5b7
   Read: 0xc0000000-0xc0020000 128.0KiB      Read: 0xc0000000-0xc0040000 256.0KiB      Read: 0xc0000000-0xc0060000 384.0KiB      Read: 0xc0000000-0xc0080000 512.0KiB      Read: 0xc0000000-0xc00a0000 640.0KiB      Read: 0xc0000000-0xc00c0000 768.0KiB      Read: 0xc0000000-0xc00e0000 896.0KiB      Read: 0xc0000000-0xc0100000 1.0MiB      Read: 0xc0000000-0xc0120000 1.1MiB      Read: 0xc0000000-0xc0140000 1.2MiB      Read: 0xc0000000-0xc0160000 1.3MiB      Read: 0xc0000000-0xc0180000 1.5MiB      Read: 0xc0000000-0xc01a0000 1.6MiB      Read: 0xc0000000-0xc01c0000 1.7MiB      Read: 0xc0000000-0xc01e0000 1.8MiB      Read: 0xc0000000-0xc0200000 2.0MiB   
  bus errors:  0/256
  addr errors: 64/8192
  data errors: 393212/524288
Memtest KO
litex> mem_verify 0xc0000000 0x200000

memtest_data error @ 0xc0000000: 0x60200003 vs 0x80200003
memtest_data error @ 0xc0000004: 0x60300002 vs 0xc0300002
memtest_data error @ 0xc000000c: 0x602c0003 vs 0xb02c0003
memtest_data error @ 0xc0000010: 0xb6368002 vs 0xd8360002
memtest_data error @ 0xc0000014: 0xb61b8001 vs 0x6c1b0001
memtest_data error @ 0xc000001c: 0xb6368002 vs 0xdb36c002
memtest_data error @ 0xc0000020: 0xdb9bd801 vs 0x6d9b6001
memtest_data error @ 0xc0000024: 0xdbedd803 vs 0xb6edb003
memtest_data error @ 0xc000002c: 0xdbabd801 vs 0x6dab6c01
memtest_data error @ 0xc0000030: 0x6df56d03 vs 0xb6f5b603
memtest_data error @ 0xc0000034: 0x6d5a6d02 vs 0xdb5adb02
memtest_data error @ 0xc000003c: 0x6df66dc3 vs 0xb6f6b6c3
memtest_data error @ 0xc0000040: 0xb65bd662 vs 0xdb5b5b62
memtest_data error @ 0xc0000044: 0xb6add6b1 vs 0x6dadadb1
memtest_data error @ 0xc000004c: 0xb65bd66e vs 0xdb5b6b6e
memtest_data error @ 0xc0000050: 0x5bad6db7 vs 0x6dadb5b7
SDRAM_VERIFY address=0xc0000000 size=0x00200000 errors=393212 status=failed
litex> mem_verify 0xc0000000 0x200000

memtest_data error @ 0xc0000000: 0x60200003 vs 0x80200003
memtest_data error @ 0xc0000004: 0x60300002 vs 0xc0300002
memtest_data error @ 0xc000000c: 0x602c0003 vs 0xb02c0003
memtest_data error @ 0xc0000010: 0xb6368002 vs 0xd8360002
memtest_data error @ 0xc0000014: 0xb61b8001 vs 0x6c1b0001
memtest_data error @ 0xc000001c: 0xb6368002 vs 0xdb36c002
memtest_data error @ 0xc0000020: 0xdb9bd801 vs 0x6d9b6001
memtest_data error @ 0xc0000024: 0xdbedd803 vs 0xb6edb003
memtest_data error @ 0xc000002c: 0xdbabd801 vs 0x6dab6c01
memtest_data error @ 0xc0000030: 0x6df56d03 vs 0xb6f5b603
memtest_data error @ 0xc0000034: 0x6d5a6d02 vs 0xdb5adb02
memtest_data error @ 0xc000003c: 0x6df66dc3 vs 0xb6f6b6c3
memtest_data error @ 0xc0000040: 0xb65bd662 vs 0xdb5b5b62
memtest_data error @ 0xc0000044: 0xb6add6b1 vs 0x6dadadb1
memtest_data error @ 0xc000004c: 0xb65bd66e vs 0xdb5b6b6e
memtest_data error @ 0xc0000050: 0x5bad6db7 vs 0x6dadb5b7
SDRAM_VERIFY address=0xc0000000 size=0x00200000 errors=393212 status=failed
litex> mem_verify 0xc0000000 0x200000

memtest_data error @ 0xc0000000: 0x60200003 vs 0x80200003
memtest_data error @ 0xc0000004: 0x60300002 vs 0xc0300002
memtest_data error @ 0xc000000c: 0x602c0003 vs 0xb02c0003
memtest_data error @ 0xc0000010: 0xb6368002 vs 0xd8360002
memtest_data error @ 0xc0000014: 0xb61b8001 vs 0x6c1b0001
memtest_data error @ 0xc000001c: 0xb6368002 vs 0xdb36c002
memtest_data error @ 0xc0000020: 0xdb9bd801 vs 0x6d9b6001
memtest_data error @ 0xc0000024: 0xdbedd803 vs 0xb6edb003
memtest_data error @ 0xc000002c: 0xdbabd801 vs 0x6dab6c01
memtest_data error @ 0xc0000030: 0x6df56d03 vs 0xb6f5b603
memtest_data error @ 0xc0000034: 0x6d5a6d02 vs 0xdb5adb02
memtest_data error @ 0xc000003c: 0x6df66dc3 vs 0xb6f6b6c3
memtest_data error @ 0xc0000040: 0xb65bd662 vs 0xdb5b5b62
memtest_data error @ 0xc0000044: 0xb6add6b1 vs 0x6dadadb1
memtest_data error @ 0xc000004c: 0xb65bd66e vs 0xdb5b6b6e
memtest_data error @ 0xc0000050: 0x5bad6db7 vs 0x6dadb5b7
SDRAM_VERIFY address=0xc0000000 size=0x00200000 errors=393212 status=failed
litex> mem_test 0x40000000 0x200000

Memtest at 0x40000000 (2.0MiB)...
  Write: 0x40000000-0x40000000 0B     Write: 0x40000000-0x40020000 128.0KiB     Write: 0x40000000-0x40040000 256.0KiB     Write: 0x40000000-0x40060000 384.0KiB     Write: 0x40000000-0x40080000 512.0KiB     Write: 0x40000000-0x400a0000 640.0KiB     Write: 0x40000000-0x400c0000 768.0KiB     Write: 0x40000000-0x400e0000 896.0KiB     Write: 0x40000000-0x40100000 1.0MiB     Write: 0x40000000-0x40120000 1.1MiB     Write: 0x40000000-0x40140000 1.2MiB     Write: 0x40000000-0x40160000 1.3MiB     Write: 0x40000000-0x40180000 1.5MiB     Write: 0x40000000-0x401a0000 1.6MiB     Write: 0x40000000-0x401c0000 1.7MiB     Write: 0x40000000-0x401e0000 1.8MiB     Write: 0x40000000-0x40200000 2.0MiB   
memtest_data error @ 0x40000000: 0x60200003 vs 0x80200003
   Read: 0x40000000-0x40000000 0B   memtest_data error @ 0x40000004: 0x60300002 vs 0xc0300002
memtest_data error @ 0x4000000c: 0x602c0003 vs 0xb02c0003
memtest_data error @ 0x40000010: 0xb6368002 vs 0xd8360002
memtest_data error @ 0x40000014: 0xb61b8001 vs 0x6c1b0001
memtest_data error @ 0x4000001c: 0xb6368002 vs 0xdb36c002
memtest_data error @ 0x40000020: 0xdb9bd801 vs 0x6d9b6001
memtest_data error @ 0x40000024: 0xdbedd803 vs 0xb6edb003
memtest_data error @ 0x4000002c: 0xdbabd801 vs 0x6dab6c01
memtest_data error @ 0x40000030: 0x6df56d03 vs 0xb6f5b603
memtest_data error @ 0x40000034: 0x6d5a6d02 vs 0xdb5adb02
memtest_data error @ 0x4000003c: 0x6df66dc3 vs 0xb6f6b6c3
memtest_data error @ 0x40000040: 0xb65bd662 vs 0xdb5b5b62
memtest_data error @ 0x40000044: 0xb6add6b1 vs 0x6dadadb1
memtest_data error @ 0x4000004c: 0xb65bd66e vs 0xdb5b6b6e
memtest_data error @ 0x40000050: 0x5bad6db7 vs 0x6dadb5b7
   Read: 0x40000000-0x40020000 128.0KiB      Read: 0x40000000-0x40040000 256.0KiB      Read: 0x40000000-0x40060000 384.0KiB      Read: 0x40000000-0x40080000 512.0KiB      Read: 0x40000000-0x400a0000 640.0KiB      Read: 0x40000000-0x400c0000 768.0KiB      Read: 0x40000000-0x400e0000 896.0KiB      Read: 0x40000000-0x40100000 1.0MiB      Read: 0x40000000-0x40120000 1.1MiB      Read: 0x40000000-0x40140000 1.2MiB      Read: 0x40000000-0x40160000 1.3MiB      Read: 0x40000000-0x40180000 1.5MiB      Read: 0x40000000-0x401a0000 1.6MiB      Read: 0x40000000-0x401c0000 1.7MiB      Read: 0x40000000-0x401e0000 1.8MiB      Read: 0x40000000-0x40200000 2.0MiB   
  bus errors:  0/256
  addr errors: 64/8192
  data errors: 393212/524288
Memtest KO
litex> mem_verify 0xc0000000 0x200000

memtest_data error @ 0xc0000000: 0x60200003 vs 0x80200003
memtest_data error @ 0xc0000004: 0x60300002 vs 0xc0300002
memtest_data error @ 0xc000000c: 0x602c0003 vs 0xb02c0003
memtest_data error @ 0xc0000010: 0xb6368002 vs 0xd8360002
memtest_data error @ 0xc0000014: 0xb61b8001 vs 0x6c1b0001
memtest_data error @ 0xc000001c: 0xb6368002 vs 0xdb36c002
memtest_data error @ 0xc0000020: 0xdb9bd801 vs 0x6d9b6001
memtest_data error @ 0xc0000024: 0xdbedd803 vs 0xb6edb003
memtest_data error @ 0xc000002c: 0xdbabd801 vs 0x6dab6c01
memtest_data error @ 0xc0000030: 0x6df56d03 vs 0xb6f5b603
memtest_data error @ 0xc0000034: 0x6d5a6d02 vs 0xdb5adb02
memtest_data error @ 0xc000003c: 0x6df66dc3 vs 0xb6f6b6c3
memtest_data error @ 0xc0000040: 0xb65bd662 vs 0xdb5b5b62
memtest_data error @ 0xc0000044: 0xb6add6b1 vs 0x6dadadb1
memtest_data error @ 0xc000004c: 0xb65bd66e vs 0xdb5b6b6e
memtest_data error @ 0xc0000050: 0x5bad6db7 vs 0x6dadb5b7
SDRAM_VERIFY address=0xc0000000 size=0x00200000 errors=393212 status=failed
litex> mem_write 0xf0001800 0

litex> sdram_cal

Switching SDRAM to software control.
Read leveling:
  m0, b00: |00000000000000000000000000000000| 
  m0, b01: |00000000000000000000000000000000| 
  m0, b02: |00000000000000000000000000000000| 
  m0, b03: |00000000000000000000000000000000| 
  best: m0, b00 SDRAM_READ_LEVELING_LANE module=0 dq=0 bitslip=0 status=failed window_start=-1 window_length=0
Switching SDRAM to hardware control.
litex> 