

litex> mem_read 0xc00b64f0 16

Memory dump:
0xc00b64f0  b5 d9 fc 69 d9 6c ce b4 6f 36 4f da 34 9b 07 ed  ...i.l..o6O.4...
litex> mem_read 0xf0001810 4

Memory dump:
0xf0001810  03 00 00 00                                      ....            
litex> mem_read 0xf0001814 4

Memory dump:
0xf0001814  32 bb fb 07                                      2...            
litex> mem_write 0xf0001818 0x0

litex> mem_read 0xf000181c 32

Memory dump:
0xf000181c  e0 09 14 00 00 00 ff 1f 00 00 00 00 ff ff 00 00  ................
0xf000182c  00 00 00 00 00 00 00 00 00 00 00 00 00 00 00 00  ................
litex> mem_write 0xf0001818 0x1

litex> mem_read 0xf000181c 32

Memory dump:
0xf000181c  00 09 74 00 00 00 ff 0f 00 00 00 00 ff ff 00 00  ..t.............
0xf000182c  00 00 00 00 00 00 00 00 00 00 00 00 00 00 00 00  ................
litex> mem_write 0xf0001818 0x2

litex> mem_read 0xf000181c 32

Memory dump:
0xf000181c  00 09 74 00 00 00 ff 04 00 00 00 00 00 00 00 00  ..t.............
0xf000182c  34 9b 07 ed 6f 36 4f da d9 6c de b4 b5 d9 fc 69  4...o6O..l.....i
litex> mem_write 0xf0001818 0x3

litex> mem_read 0xf000181c 32

Memory dump:
0xf000181c  00 09 74 00 de b4 00 00 fc 69 d9 6c ff ff b5 d9  ..t......i.l....
0xf000182c  00 00 00 00 00 00 00 00 00 00 00 00 00 00 00 00  ................
litex> mem_write 0xf0001818 0x4

litex> mem_read 0xf000181c 32

Memory dump:
0xf000181c  00 09 74 00 07 ed 00 00 4f da 34 9b ff ff 6f 36  ..t.....O.4...o6
0xf000182c  00 00 00 00 00 00 00 00 00 00 00 00 00 00 00 00  ................
litex> mem_write 0xf0001818 0x5

litex> mem_read 0xf000181c 32

Memory dump:
0xf000181c  00 09 74 00 00 00 ff 0b 00 00 00 00 ff ff 00 00  ..t.............
0xf000182c  00 00 00 00 00 00 00 00 00 00 00 00 00 00 00 00  ................
litex> mem_write 0xf0001818 0x6

litex> mem_read 0xf000181c 32

Memory dump:
0xf000181c  00 09 74 00 00 00 ff 0f 00 00 00 00 ff ff 00 00  ..t.............
0xf000182c  00 00 00 00 00 00 00 00 00 00 00 00 00 00 00 00  ................
litex> mem_write 0xf0001818 0x7

litex> mem_read 0xf000181c 32

Memory dump:
0xf000181c  00 09 74 00 00 00 ff 0f 00 00 00 00 ff ff 00 00  ..t.............
0xf000182c  00 00 00 00 00 00 00 00 00 00 00 00 00 00 00 00  ................
litex> mem_read 0xf000186c 4

Memory dump:
0xf000186c  02 00 00 00                                      ....            
litex> mem_read 0xf000183c 16

Memory dump:
0xf000183c  d9 6c ce b4 b5 d9 fc 69 b5 d9 fc 69 1f d9 99 69  .l.....i...i...i
litex> mem_read 0xf000184c 16

Memory dump:
0xf000184c  34 9b 07 ed 6f 36 4f da d9 6c ce b4 b5 d9 fc 69  4...o6O..l.....i
litex> mem_read 0xf000185c 16

Memory dump:
0xf000185c  42 9b 4d 9e 42 9b 4d 9e 34 9b 07 ed 6f 36 4f da  B.M.B.M.4...o6O.
litex> mem_write 0xc016d000 0xaaaaaaaa 512

litex> mem_write 0xc0169770 0xffffffff

litex> mem_read 0xc0169770 4

Memory dump:
0xc0169770  ff ff ff ff                                      ....            
litex> mem_write 0xf0001804 0x5a

litex> mem_write 0xf0001800 0x2

litex> mem_write 0xf0001808 0x3b8

litex> mem_write 0xf000180c 0x1

litex> mem_read 0xc016d000 2048

Memory dump:
0xc016d000  aa aa aa aa aa aa aa aa aa aa aa aa aa aa aa aa  ................
0xc016d010  aa aa aa aa aa aa aa aa aa aa aa aa aa aa aa aa  ................
0xc016d020  aa aa aa aa aa aa aa aa aa aa aa aa aa aa aa aa  ................
0xc016d030  aa aa aa aa aa aa aa aa aa aa aa aa aa aa aa aa  ................
0xc016d040  aa aa aa aa aa aa aa aa aa aa aa aa aa aa aa aa  ................
0xc016d050  aa aa aa aa aa aa aa aa aa aa aa aa aa aa aa aa  ................
0xc016d060  aa aa aa aa aa aa aa aa aa aa aa aa aa aa aa aa  ................
0xc016d070  aa aa aa aa aa aa aa aa aa aa aa aa aa aa aa aa  ................
0xc016d080  aa aa aa aa aa aa aa aa aa aa aa aa aa aa aa aa  ................
0xc016d090  aa aa aa aa aa aa aa aa aa aa aa aa aa aa aa aa  ................
0xc016d0a0  aa aa aa aa aa aa aa aa aa aa aa aa aa aa aa aa  ................
0xc016d0b0  aa aa aa aa aa aa aa aa aa aa aa aa aa aa aa aa  ................
0xc016d0c0  aa aa aa aa aa aa aa aa aa aa aa aa aa aa aa aa  ................
0xc016d0d0  aa aa aa aa aa aa aa aa aa aa aa aa aa aa aa aa  ................
0xc016d0e0  aa aa aa aa aa aa aa aa aa aa aa aa aa aa aa aa  ................
0xc016d0f0  aa aa aa aa aa aa aa aa aa aa aa aa aa aa aa aa  ................
0xc016d100  aa aa aa aa aa aa aa aa aa aa aa aa aa aa aa aa  ................
0xc016d110  aa aa aa aa aa aa aa aa aa aa aa aa aa aa aa aa  ................
0xc016d120  aa aa aa aa aa aa aa aa aa aa aa aa aa aa aa aa  ................
0xc016d130  aa aa aa aa aa aa aa aa aa aa aa aa aa aa aa aa  ................
0xc016d140  aa aa aa aa aa aa aa aa aa aa aa aa aa aa aa aa  ................
0xc016d150  aa aa aa aa aa aa aa aa aa aa aa aa aa aa aa aa  ................
0xc016d160  aa aa aa aa aa aa aa aa aa aa aa aa aa aa aa aa  ................
0xc016d170  aa aa aa aa aa aa aa aa aa aa aa aa aa aa aa aa  ................
0xc016d180  aa aa aa aa aa aa aa aa aa aa aa aa aa aa aa aa  ................
0xc016d190  aa aa aa aa aa aa aa aa aa aa aa aa aa aa aa aa  ................
0xc016d1a0  aa aa aa aa aa aa aa aa aa aa aa aa aa aa aa aa  ................
0xc016d1b0  aa aa aa aa aa aa aa aa aa aa aa aa aa aa aa aa  ................
0xc016d1c0  aa aa aa aa aa aa aa aa aa aa aa aa aa aa aa aa  ................
0xc016d1d0  aa aa aa aa aa aa aa aa aa aa aa aa aa aa aa aa  ................
0xc016d1e0  aa aa aa aa aa aa aa aa aa aa aa aa aa aa aa aa  ................
0xc016d1f0  aa aa aa aa aa aa aa aa aa aa aa aa aa aa aa aa  ................
0xc016d200  aa aa aa aa aa aa aa aa aa aa aa aa aa aa aa aa  ................
0xc016d210  aa aa aa aa aa aa aa aa aa aa aa aa aa aa aa aa  ................
0xc016d220  aa aa aa aa aa aa aa aa aa aa aa aa aa aa aa aa  ................
0xc016d230  aa aa aa aa aa aa aa aa aa aa aa aa aa aa aa aa  ................
0xc016d240  aa aa aa aa aa aa aa aa aa aa aa aa aa aa aa aa  ................
0xc016d250  aa aa aa aa aa aa aa aa aa aa aa aa aa aa aa aa  ................
0xc016d260  aa aa aa aa aa aa aa aa aa aa aa aa aa aa aa aa  ................
0xc016d270  aa aa aa aa aa aa aa aa aa aa aa aa aa aa aa aa  ................
0xc016d280  aa aa aa aa aa aa aa aa aa aa aa aa aa aa aa aa  ................
0xc016d290  aa aa aa aa aa aa aa aa aa aa aa aa aa aa aa aa  ................
0xc016d2a0  aa aa aa aa aa aa aa aa aa aa aa aa aa aa aa aa  ................
0xc016d2b0  aa aa aa aa aa aa aa aa aa aa aa aa aa aa aa aa  ................
0xc016d2c0  aa aa aa aa aa aa aa aa aa aa aa aa aa aa aa aa  ................
0xc016d2d0  aa aa aa aa aa aa aa aa aa aa aa aa aa aa aa aa  ................
0xc016d2e0  aa aa aa aa aa aa aa aa aa aa aa aa aa aa aa aa  ................
0xc016d2f0  aa aa aa aa aa aa aa aa aa aa aa aa aa aa aa aa  ................
0xc016d300  aa aa aa aa aa aa aa aa aa aa aa aa aa aa aa aa  ................
0xc016d310  aa aa aa aa aa aa aa aa aa aa aa aa aa aa aa aa  ................
0xc016d320  aa aa aa aa aa aa aa aa aa aa aa aa aa aa aa aa  ................
0xc016d330  aa aa aa aa aa aa aa aa aa aa aa aa aa aa aa aa  ................
0xc016d340  aa aa aa aa aa aa aa aa aa aa aa aa aa aa aa aa  ................
0xc016d350  aa aa aa aa aa aa aa aa aa aa aa aa aa aa aa aa  ................
0xc016d360  aa aa aa aa aa aa aa aa aa aa aa aa aa aa aa aa  ................
0xc016d370  aa aa aa aa aa aa aa aa aa aa aa aa aa aa aa aa  ................
0xc016d380  aa aa aa aa aa aa aa aa aa aa aa aa aa aa aa aa  ................
0xc016d390  aa aa aa aa aa aa aa aa aa aa aa aa aa aa aa aa  ................
0xc016d3a0  aa aa aa aa aa aa aa aa aa aa aa aa aa aa aa aa  ................
0xc016d3b0  aa aa aa aa aa aa aa aa aa aa aa aa aa aa aa aa  ................
0xc016d3c0  aa aa aa aa aa aa aa aa aa aa aa aa aa aa aa aa  ................
0xc016d3d0  aa aa aa aa aa aa aa aa aa aa aa aa aa aa aa aa  ................
0xc016d3e0  aa aa aa aa aa aa aa aa aa aa aa aa aa aa aa aa  ................
0xc016d3f0  aa aa aa aa aa aa aa aa aa aa aa aa aa aa aa aa  ................
0xc016d400  aa aa aa aa aa aa aa aa aa aa aa aa aa aa aa aa  ................
0xc016d410  aa aa aa aa aa aa aa aa aa aa aa aa aa aa aa aa  ................
0xc016d420  aa aa aa aa aa aa aa aa aa aa aa aa aa aa aa aa  ................
0xc016d430  aa aa aa aa aa aa aa aa aa aa aa aa aa aa aa aa  ................
0xc016d440  aa aa aa aa aa aa aa aa aa aa aa aa aa aa aa aa  ................
0xc016d450  aa aa aa aa aa aa aa aa aa aa aa aa aa aa aa aa  ................
0xc016d460  aa aa aa aa aa aa aa aa aa aa aa aa aa aa aa aa  ................
0xc016d470  aa aa aa aa aa aa aa aa aa aa aa aa aa aa aa aa  ................
0xc016d480  aa aa aa aa aa aa aa aa aa aa aa aa aa aa aa aa  ................
0xc016d490  aa aa aa aa aa aa aa aa aa aa aa aa aa aa aa aa  ................
0xc016d4a0  aa aa aa aa aa aa aa aa aa aa aa aa aa aa aa aa  ................
0xc016d4b0  aa aa aa aa aa aa aa aa aa aa aa aa aa aa aa aa  ................
0xc016d4c0  aa aa aa aa aa aa aa aa aa aa aa aa aa aa aa aa  ................
0xc016d4d0  aa aa aa aa aa aa aa aa aa aa aa aa aa aa aa aa  ................
0xc016d4e0  aa aa aa aa aa aa aa aa aa aa aa aa aa aa aa aa  ................
0xc016d4f0  aa aa aa aa aa aa aa aa aa aa aa aa aa aa aa aa  ................
0xc016d500  aa aa aa aa aa aa aa aa aa aa aa aa aa aa aa aa  ................
0xc016d510  aa aa aa aa aa aa aa aa aa aa aa aa aa aa aa aa  ................
0xc016d520  aa aa aa aa aa aa aa aa aa aa aa aa aa aa aa aa  ................
0xc016d530  aa aa aa aa aa aa aa aa aa aa aa aa aa aa aa aa  ................
0xc016d540  aa aa aa aa aa aa aa aa aa aa aa aa aa aa aa aa  ................
0xc016d550  aa aa aa aa aa aa aa aa aa aa aa aa aa aa aa aa  ................
0xc016d560  aa aa aa aa aa aa aa aa aa aa aa aa aa aa aa aa  ................
0xc016d570  aa aa aa aa aa aa aa aa aa aa aa aa aa aa aa aa  ................
0xc016d580  aa aa aa aa aa aa aa aa aa aa aa aa aa aa aa aa  ................
0xc016d590  aa aa aa aa aa aa aa aa aa aa aa aa aa aa aa aa  ................
0xc016d5a0  aa aa aa aa aa aa aa aa aa aa aa aa aa aa aa aa  ................
0xc016d5b0  aa aa aa aa aa aa aa aa aa aa aa aa aa aa aa aa  ................
0xc016d5c0  aa aa aa aa aa aa aa aa aa aa aa aa aa aa aa aa  ................
0xc016d5d0  aa aa aa aa aa aa aa aa aa aa aa aa aa aa aa aa  ................
0xc016d5e0  aa aa aa aa aa aa aa aa aa aa aa aa aa aa aa aa  ................
0xc016d5f0  aa aa aa aa aa aa aa aa aa aa aa aa aa aa aa aa  ................
0xc016d600  aa aa aa aa aa aa aa aa aa aa aa aa aa aa aa aa  ................
0xc016d610  aa aa aa aa aa aa aa aa aa aa aa aa aa aa aa aa  ................
0xc016d620  aa aa aa aa aa aa aa aa aa aa aa aa aa aa aa aa  ................
0xc016d630  aa aa aa aa aa aa aa aa aa aa aa aa aa aa aa aa  ................
0xc016d640  aa aa aa aa aa aa aa aa aa aa aa aa aa aa aa aa  ................
0xc016d650  aa aa aa aa aa aa aa aa aa aa aa aa aa aa aa aa  ................
0xc016d660  aa aa aa aa aa aa aa aa aa aa aa aa aa aa aa aa  ................
0xc016d670  aa aa aa aa aa aa aa aa aa aa aa aa aa aa aa aa  ................
0xc016d680  aa aa aa aa aa aa aa aa aa aa aa aa aa aa aa aa  ................
0xc016d690  aa aa aa aa aa aa aa aa aa aa aa aa aa aa aa aa  ................
0xc016d6a0  aa aa aa aa aa aa aa aa aa aa aa aa aa aa aa aa  ................
0xc016d6b0  aa aa aa aa aa aa aa aa aa aa aa aa aa aa aa aa  ................
0xc016d6c0  aa aa aa aa aa aa aa aa aa aa aa aa aa aa aa aa  ................
0xc016d6d0  aa aa aa aa aa aa aa aa aa aa aa aa aa aa aa aa  ................
0xc016d6e0  aa aa aa aa aa aa aa aa aa aa aa aa aa aa aa aa  ................
0xc016d6f0  aa aa aa aa aa aa aa aa aa aa aa aa aa aa aa aa  ................
0xc016d700  aa aa aa aa aa aa aa aa aa aa aa aa aa aa aa aa  ................
0xc016d710  aa aa aa aa aa aa aa aa aa aa aa aa aa aa aa aa  ................
0xc016d720  aa aa aa aa aa aa aa aa aa aa aa aa aa aa aa aa  ................
0xc016d730  aa aa aa aa aa aa aa aa aa aa aa aa aa aa aa aa  ................
0xc016d740  aa aa aa aa aa aa aa aa aa aa aa aa aa aa aa aa  ................
0xc016d750  aa aa aa aa aa aa aa aa aa aa aa aa aa aa aa aa  ................
0xc016d760  aa aa aa aa aa aa aa aa aa aa aa aa aa aa aa aa  ................
0xc016d770  aa aa aa aa aa aa aa aa aa aa aa aa aa aa aa aa  ................
0xc016d780  aa aa aa aa aa aa aa aa aa aa aa aa aa aa aa aa  ................
0xc016d790  aa aa aa aa aa aa aa aa aa aa aa aa aa aa aa aa  ................
0xc016d7a0  aa aa aa aa aa aa aa aa aa aa aa aa aa aa aa aa  ................
0xc016d7b0  aa aa aa aa aa aa aa aa aa aa aa aa aa aa aa aa  ................
0xc016d7c0  aa aa aa aa aa aa aa aa aa aa aa aa aa aa aa aa  ................
0xc016d7d0  aa aa aa aa aa aa aa aa aa aa aa aa aa aa aa aa  ................
0xc016d7e0  aa aa aa aa aa aa aa aa aa aa aa aa aa aa aa aa  ................
0xc016d7f0  aa aa aa aa aa aa aa aa aa aa aa aa aa aa aa aa  ................
litex> mem_read 0xc0169770 16

Memory dump:
0xc0169770  ff ff ff ff 6c 9e 82 36 36 4f 41 1b 9b a7 a0 0d  ....l..66OA.....
litex> mem_read 0xf0001810 4

Memory dump:
0xf0001810  18 00 00 00                                      ....            
litex> mem_write 0xc0169770 0xffffffff

litex> mem_read 0xc0169770 4

Memory dump:
0xc0169770  ff ff ff ff                                      ....            
litex> mem_write 0xf0001804 0x5a

litex> mem_write 0xf0001800 0x2

litex> mem_write 0xf0001808 0x3b8

litex> mem_write 0xf000180c 0x1

litex> mem_write 0xc016d000 0xffffffff 512

litex> mem_read 0xc0169770 16

Memory dump:
0xc0169770  ff ff ef ff 6c 9e 82 36 36 4f 41 1b 9b a7 a0 0d  ....l..66OA.....
litex> mem_read 0xf0001810 4

Memory dump:
0xf0001810  18 00 00 00                                      ....            
litex> mem_write 0xc0169770 0xffffffff

litex> mem_read 0xc0169770 4

Memory dump:
0xc0169770  ff ff ff ff                                      ....            
litex> mem_write 0xf0001804 0x5a

litex> mem_write 0xf0001800 0x2

litex> mem_write 0xf0001808 0x3b8

litex> mem_write 0xf000180c 0x1

litex> mem_write 0xc016d000 0x00000000 512

litex> mem_read 0xc0169770 16

Memory dump:
0xc0169770  ff ff ff ff 6c 9e 82 36 36 4f 41 1b 9b a7 a0 0d  ....l..66OA.....
litex> mem_read 0xf0001810 4

Memory dump:
0xf0001810  18 00 00 00                                      ....            
litex> mem_write 0xc00ba000 0xaaaaaaaa 512

litex> mem_write 0xc00b64f4 0xb4de6cd9

litex> mem_read 0xc00b64f4 4

Memory dump:
0xc00b64f4  d9 6c de b4                                      .l..            
litex> mem_write 0xf0001804 0x2d

litex> mem_write 0xf0001800 0x4

litex> mem_write 0xf0001808 0x278

litex> mem_write 0xf000180c 0x1

litex> mem_read 0xc00ba000 2048

Memory dump:
0xc00ba000  aa aa aa aa aa aa aa aa aa aa aa aa aa aa aa aa  ................
0xc00ba010  aa aa aa aa aa aa aa aa aa aa aa aa aa aa aa aa  ................
0xc00ba020  aa aa aa aa aa aa aa aa aa aa aa aa aa aa aa aa  ................
0xc00ba030  aa aa aa aa aa aa aa aa aa aa aa aa aa aa aa aa  ................
0xc00ba040  aa aa aa aa aa aa aa aa aa aa aa aa aa aa aa aa  ................
0xc00ba050  aa aa aa aa aa aa aa aa aa aa aa aa aa aa aa aa  ................
0xc00ba060  aa aa aa aa aa aa aa aa aa aa aa aa aa aa aa aa  ................
0xc00ba070  aa aa aa aa aa aa aa aa aa aa aa aa aa aa aa aa  ................
0xc00ba080  aa aa aa aa aa aa aa aa aa aa aa aa aa aa aa aa  ................
0xc00ba090  aa aa aa aa aa aa aa aa aa aa aa aa aa aa aa aa  ................
0xc00ba0a0  aa aa aa aa aa aa aa aa aa aa aa aa aa aa aa aa  ................
0xc00ba0b0  aa aa aa aa aa aa aa aa aa aa aa aa aa aa aa aa  ................
0xc00ba0c0  aa aa aa aa aa aa aa aa aa aa aa aa aa aa aa aa  ................
0xc00ba0d0  aa aa aa aa aa aa aa aa aa aa aa aa aa aa aa aa  ................
0xc00ba0e0  aa aa aa aa aa aa aa aa aa aa aa aa aa aa aa aa  ................
0xc00ba0f0  aa aa aa aa aa aa aa aa aa aa aa aa aa aa aa aa  ................
0xc00ba100  aa aa aa aa aa aa aa aa aa aa aa aa aa aa aa aa  ................
0xc00ba110  aa aa aa aa aa aa aa aa aa aa aa aa aa aa aa aa  ................
0xc00ba120  aa aa aa aa aa aa aa aa aa aa aa aa aa aa aa aa  ................
0xc00ba130  aa aa aa aa aa aa aa aa aa aa aa aa aa aa aa aa  ................
0xc00ba140  aa aa aa aa aa aa aa aa aa aa aa aa aa aa aa aa  ................
0xc00ba150  aa aa aa aa aa aa aa aa aa aa aa aa aa aa aa aa  ................
0xc00ba160  aa aa aa aa aa aa aa aa aa aa aa aa aa aa aa aa  ................
0xc00ba170  aa aa aa aa aa aa aa aa aa aa aa aa aa aa aa aa  ................
0xc00ba180  aa aa aa aa aa aa aa aa aa aa aa aa aa aa aa aa  ................
0xc00ba190  aa aa aa aa aa aa aa aa aa aa aa aa aa aa aa aa  ................
0xc00ba1a0  aa aa aa aa aa aa aa aa aa aa aa aa aa aa aa aa  ................
0xc00ba1b0  aa aa aa aa aa aa aa aa aa aa aa aa aa aa aa aa  ................
0xc00ba1c0  aa aa aa aa aa aa aa aa aa aa aa aa aa aa aa aa  ................
0xc00ba1d0  aa aa aa aa aa aa aa aa aa aa aa aa aa aa aa aa  ................
0xc00ba1e0  aa aa aa aa aa aa aa aa aa aa aa aa aa aa aa aa  ................
0xc00ba1f0  aa aa aa aa aa aa aa aa aa aa aa aa aa aa aa aa  ................
0xc00ba200  aa aa aa aa aa aa aa aa aa aa aa aa aa aa aa aa  ................
0xc00ba210  aa aa aa aa aa aa aa aa aa aa aa aa aa aa aa aa  ................
0xc00ba220  aa aa aa aa aa aa aa aa aa aa aa aa aa aa aa aa  ................
0xc00ba230  aa aa aa aa aa aa aa aa aa aa aa aa aa aa aa aa  ................
0xc00ba240  aa aa aa aa aa aa aa aa aa aa aa aa aa aa aa aa  ................
0xc00ba250  aa aa aa aa aa aa aa aa aa aa aa aa aa aa aa aa  ................
0xc00ba260  aa aa aa aa aa aa aa aa aa aa aa aa aa aa aa aa  ................
0xc00ba270  aa aa aa aa aa aa aa aa aa aa aa aa aa aa aa aa  ................
0xc00ba280  aa aa aa aa aa aa aa aa aa aa aa aa aa aa aa aa  ................
0xc00ba290  aa aa aa aa aa aa aa aa aa aa aa aa aa aa aa aa  ................
0xc00ba2a0  aa aa aa aa aa aa aa aa aa aa aa aa aa aa aa aa  ................
0xc00ba2b0  aa aa aa aa aa aa aa aa aa aa aa aa aa aa aa aa  ................
0xc00ba2c0  aa aa aa aa aa aa aa aa aa aa aa aa aa aa aa aa  ................
0xc00ba2d0  aa aa aa aa aa aa aa aa aa aa aa aa aa aa aa aa  ................
0xc00ba2e0  aa aa aa aa aa aa aa aa aa aa aa aa aa aa aa aa  ................
0xc00ba2f0  aa aa aa aa aa aa aa aa aa aa aa aa aa aa aa aa  ................
0xc00ba300  aa aa aa aa aa aa aa aa aa aa aa aa aa aa aa aa  ................
0xc00ba310  aa aa aa aa aa aa aa aa aa aa aa aa aa aa aa aa  ................
0xc00ba320  aa aa aa aa aa aa aa aa aa aa aa aa aa aa aa aa  ................
0xc00ba330  aa aa aa aa aa aa aa aa aa aa aa aa aa aa aa aa  ................
0xc00ba340  aa aa aa aa aa aa aa aa aa aa aa aa aa aa aa aa  ................
0xc00ba350  aa aa aa aa aa aa aa aa aa aa aa aa aa aa aa aa  ................
0xc00ba360  aa aa aa aa aa aa aa aa aa aa aa aa aa aa aa aa  ................
0xc00ba370  aa aa aa aa aa aa aa aa aa aa aa aa aa aa aa aa  ................
0xc00ba380  aa aa aa aa aa aa aa aa aa aa aa aa aa aa aa aa  ................
0xc00ba390  aa aa aa aa aa aa aa aa aa aa aa aa aa aa aa aa  ................
0xc00ba3a0  aa aa aa aa aa aa aa aa aa aa aa aa aa aa aa aa  ................
0xc00ba3b0  aa aa aa aa aa aa aa aa aa aa aa aa aa aa aa aa  ................
0xc00ba3c0  aa aa aa aa aa aa aa aa aa aa aa aa aa aa aa aa  ................
0xc00ba3d0  aa aa aa aa aa aa aa aa aa aa aa aa aa aa aa aa  ................
0xc00ba3e0  aa aa aa aa aa aa aa aa aa aa aa aa aa aa aa aa  ................
0xc00ba3f0  aa aa aa aa aa aa aa aa aa aa aa aa aa aa aa aa  ................
0xc00ba400  aa aa aa aa aa aa aa aa aa aa aa aa aa aa aa aa  ................
0xc00ba410  aa aa aa aa aa aa aa aa aa aa aa aa aa aa aa aa  ................
0xc00ba420  aa aa aa aa aa aa aa aa aa aa aa aa aa aa aa aa  ................
0xc00ba430  aa aa aa aa aa aa aa aa aa aa aa aa aa aa aa aa  ................
0xc00ba440  aa aa aa aa aa aa aa aa aa aa aa aa aa aa aa aa  ................
0xc00ba450  aa aa aa aa aa aa aa aa aa aa aa aa aa aa aa aa  ................
0xc00ba460  aa aa aa aa aa aa aa aa aa aa aa aa aa aa aa aa  ................
0xc00ba470  aa aa aa aa aa aa aa aa aa aa aa aa aa aa aa aa  ................
0xc00ba480  aa aa aa aa aa aa aa aa aa aa aa aa aa aa aa aa  ................
0xc00ba490  aa aa aa aa aa aa aa aa aa aa aa aa aa aa aa aa  ................
0xc00ba4a0  aa aa aa aa aa aa aa aa aa aa aa aa aa aa aa aa  ................
0xc00ba4b0  aa aa aa aa aa aa aa aa aa aa aa aa aa aa aa aa  ................
0xc00ba4c0  aa aa aa aa aa aa aa aa aa aa aa aa aa aa aa aa  ................
0xc00ba4d0  aa aa aa aa aa aa aa aa aa aa aa aa aa aa aa aa  ................
0xc00ba4e0  aa aa aa aa aa aa aa aa aa aa aa aa aa aa aa aa  ................
0xc00ba4f0  aa aa aa aa aa aa aa aa aa aa aa aa aa aa aa aa  ................
0xc00ba500  aa aa aa aa aa aa aa aa aa aa aa aa aa aa aa aa  ................
0xc00ba510  aa aa aa aa aa aa aa aa aa aa aa aa aa aa aa aa  ................
0xc00ba520  aa aa aa aa aa aa aa aa aa aa aa aa aa aa aa aa  ................
0xc00ba530  aa aa aa aa aa aa aa aa aa aa aa aa aa aa aa aa  ................
0xc00ba540  aa aa aa aa aa aa aa aa aa aa aa aa aa aa aa aa  ................
0xc00ba550  aa aa aa aa aa aa aa aa aa aa aa aa aa aa aa aa  ................
0xc00ba560  aa aa aa aa aa aa aa aa aa aa aa aa aa aa aa aa  ................
0xc00ba570  aa aa aa aa aa aa aa aa aa aa aa aa aa aa aa aa  ................
0xc00ba580  aa aa aa aa aa aa aa aa aa aa aa aa aa aa aa aa  ................
0xc00ba590  aa aa aa aa aa aa aa aa aa aa aa aa aa aa aa aa  ................
0xc00ba5a0  aa aa aa aa aa aa aa aa aa aa aa aa aa aa aa aa  ................
0xc00ba5b0  aa aa aa aa aa aa aa aa aa aa aa aa aa aa aa aa  ................
0xc00ba5c0  aa aa aa aa aa aa aa aa aa aa aa aa aa aa aa aa  ................
0xc00ba5d0  aa aa aa aa aa aa aa aa aa aa aa aa aa aa aa aa  ................
0xc00ba5e0  aa aa aa aa aa aa aa aa aa aa aa aa aa aa aa aa  ................
0xc00ba5f0  aa aa aa aa aa aa aa aa aa aa aa aa aa aa aa aa  ................
0xc00ba600  aa aa aa aa aa aa aa aa aa aa aa aa aa aa aa aa  ................
0xc00ba610  aa aa aa aa aa aa aa aa aa aa aa aa aa aa aa aa  ................
0xc00ba620  aa aa aa aa aa aa aa aa aa aa aa aa aa aa aa aa  ................
0xc00ba630  aa aa aa aa aa aa aa aa aa aa aa aa aa aa aa aa  ................
0xc00ba640  aa aa aa aa aa aa aa aa aa aa aa aa aa aa aa aa  ................
0xc00ba650  aa aa aa aa aa aa aa aa aa aa aa aa aa aa aa aa  ................
0xc00ba660  aa aa aa aa aa aa aa aa aa aa aa aa aa aa aa aa  ................
0xc00ba670  aa aa aa aa aa aa aa aa aa aa aa aa aa aa aa aa  ................
0xc00ba680  aa aa aa aa aa aa aa aa aa aa aa aa aa aa aa aa  ................
0xc00ba690  aa aa aa aa aa aa aa aa aa aa aa aa aa aa aa aa  ................
0xc00ba6a0  aa aa aa aa aa aa aa aa aa aa aa aa aa aa aa aa  ................
0xc00ba6b0  aa aa aa aa aa aa aa aa aa aa aa aa aa aa aa aa  ................
0xc00ba6c0  aa aa aa aa aa aa aa aa aa aa aa aa aa aa aa aa  ................
0xc00ba6d0  aa aa aa aa aa aa aa aa aa aa aa aa aa aa aa aa  ................
0xc00ba6e0  aa aa aa aa aa aa aa aa aa aa aa aa aa aa aa aa  ................
0xc00ba6f0  aa aa aa aa aa aa aa aa aa aa aa aa aa aa aa aa  ................
0xc00ba700  aa aa aa aa aa aa aa aa aa aa aa aa aa aa aa aa  ................
0xc00ba710  aa aa aa aa aa aa aa aa aa aa aa aa aa aa aa aa  ................
0xc00ba720  aa aa aa aa aa aa aa aa aa aa aa aa aa aa aa aa  ................
0xc00ba730  aa aa aa aa aa aa aa aa aa aa aa aa aa aa aa aa  ................
0xc00ba740  aa aa aa aa aa aa aa aa aa aa aa aa aa aa aa aa  ................
0xc00ba750  aa aa aa aa aa aa aa aa aa aa aa aa aa aa aa aa  ................
0xc00ba760  aa aa aa aa aa aa aa aa aa aa aa aa aa aa aa aa  ................
0xc00ba770  aa aa aa aa aa aa aa aa aa aa aa aa aa aa aa aa  ................
0xc00ba780  aa aa aa aa aa aa aa aa aa aa aa aa aa aa aa aa  ................
0xc00ba790  aa aa aa aa aa aa aa aa aa aa aa aa aa aa aa aa  ................
0xc00ba7a0  aa aa aa aa aa aa aa aa aa aa aa aa aa aa aa aa  ................
0xc00ba7b0  aa aa aa aa aa aa aa aa aa aa aa aa aa aa aa aa  ................
0xc00ba7c0  aa aa aa aa aa aa aa aa aa aa aa aa aa aa aa aa  ................
0xc00ba7d0  aa aa aa aa aa aa aa aa aa aa aa aa aa aa aa aa  ................
0xc00ba7e0  aa aa aa aa aa aa aa aa aa aa aa aa aa aa aa aa  ................
0xc00ba7f0  aa aa aa aa aa aa aa aa aa aa aa aa aa aa aa aa  ................
litex> mem_read 0xc00b64f0 16

Memory dump:
0xc00b64f0  b5 d9 fc 69 d9 6c de b4 6f 36 4f da 34 9b 07 ed  ...i.l..o6O.4...
litex> mem_read 0xf0001810 4

Memory dump:
0xf0001810  18 00 00 00                                      ....            
litex> mem_write 0xc00b64f4 0xb4de6cd9

litex> mem_read 0xc00b64f4 4

Memory dump:
0xc00b64f4  d9 6c de b4                                      .l..            
litex> mem_write 0xf0001804 0x2d

litex> mem_write 0xf0001800 0x4

litex> mem_write 0xf0001808 0x278

litex> mem_write 0xf000180c 0x1

litex> mem_write 0xc00ba000 0xffffffff 512

litex> mem_read 0xc00b64f0 16

Memory dump:
0xc00b64f0  b5 d9 fc 69 d9 6c de b4 6f 36 4f da 34 9b 07 ed  ...i.l..o6O.4...
litex> mem_read 0xf0001810 4

Memory dump:
0xf0001810  18 00 00 00                                      ....            
litex> mem_write 0xc00b64f4 0xb4de6cd9

litex> mem_read 0xc00b64f4 4

Memory dump:
0xc00b64f4  d9 6c de b4                                      .l..            
litex> mem_write 0xf0001804 0x2d

litex> mem_write 0xf0001800 0x4

litex> mem_write 0xf0001808 0x278

litex> mem_write 0xf000180c 0x1

litex> mem_write 0xc00ba000 0x00000000 512

litex> mem_read 0xc00b64f0 16

Memory dump:
0xc00b64f0  b5 d9 fc 69 d9 6c de b4 6f 36 4f da 34 9b 07 ed  ...i.l..o6O.4...
litex> mem_read 0xf0001810 4

Memory dump:
0xf0001810  18 00 00 00                                      ....            
litex> mem_write 0xc6405000 0xaaaaaaaa 512

litex> mem_write 0xc64011ac 0xfffff7ff

litex> mem_read 0xc64011ac 4

Memory dump:
0xc64011ac  ff f7 ff ff                                      ....            
litex> mem_write 0xf0001804 0x1900

litex> mem_write 0xf0001800 0x2

litex> mem_write 0xf0001808 0xd0

litex> mem_write 0xf000180c 0x1

litex> mem_read 0xc6405000 2048

Memory dump:
0xc6405000  aa aa aa aa aa aa aa aa aa aa aa aa aa aa aa aa  ................
0xc6405010  aa aa aa aa aa aa aa aa aa aa aa aa aa aa aa aa  ................
0xc6405020  aa aa aa aa aa aa aa aa aa aa aa aa aa aa aa aa  ................
0xc6405030  aa aa aa aa aa aa aa aa aa aa aa aa aa aa aa aa  ................
0xc6405040  aa aa aa aa aa aa aa aa aa aa aa aa aa aa aa aa  ................
0xc6405050  aa aa aa aa aa aa aa aa aa aa aa aa aa aa aa aa  ................
0xc6405060  aa aa aa aa aa aa aa aa aa aa aa aa aa aa aa aa  ................
0xc6405070  aa aa aa aa aa aa aa aa aa aa aa aa aa aa aa aa  ................
0xc6405080  aa aa aa aa aa aa aa aa aa aa aa aa aa aa aa aa  ................
0xc6405090  aa aa aa aa aa aa aa aa aa aa aa aa aa aa aa aa  ................
0xc64050a0  aa aa aa aa aa aa aa aa aa aa aa aa aa aa aa aa  ................
0xc64050b0  aa aa aa aa aa aa aa aa aa aa aa aa aa aa aa aa  ................
0xc64050c0  aa aa aa aa aa aa aa aa aa aa aa aa aa aa aa aa  ................
0xc64050d0  aa aa aa aa aa aa aa aa aa aa aa aa aa aa aa aa  ................
0xc64050e0  aa aa aa aa aa aa aa aa aa aa aa aa aa aa aa aa  ................
0xc64050f0  aa aa aa aa aa aa aa aa aa aa aa aa aa aa aa aa  ................
0xc6405100  aa aa aa aa aa aa aa aa aa aa aa aa aa aa aa aa  ................
0xc6405110  aa aa aa aa aa aa aa aa aa aa aa aa aa aa aa aa  ................
0xc6405120  aa aa aa aa aa aa aa aa aa aa aa aa aa aa aa aa  ................
0xc6405130  aa aa aa aa aa aa aa aa aa aa aa aa aa aa aa aa  ................
0xc6405140  aa aa aa aa aa aa aa aa aa aa aa aa aa aa aa aa  ................
0xc6405150  aa aa aa aa aa aa aa aa aa aa aa aa aa aa aa aa  ................
0xc6405160  aa aa aa aa aa aa aa aa aa aa aa aa aa aa aa aa  ................
0xc6405170  aa aa aa aa aa aa aa aa aa aa aa aa aa aa aa aa  ................
0xc6405180  aa aa aa aa aa aa aa aa aa aa aa aa aa aa aa aa  ................
0xc6405190  aa aa aa aa aa aa aa aa aa aa aa aa aa aa aa aa  ................
0xc64051a0  aa aa aa aa aa aa aa aa aa aa aa aa aa aa aa aa  ................
0xc64051b0  aa aa aa aa aa aa aa aa aa aa aa aa aa aa aa aa  ................
0xc64051c0  aa aa aa aa aa aa aa aa aa aa aa aa aa aa aa aa  ................
0xc64051d0  aa aa aa aa aa aa aa aa aa aa aa aa aa aa aa aa  ................
0xc64051e0  aa aa aa aa aa aa aa aa aa aa aa aa aa aa aa aa  ................
0xc64051f0  aa aa aa aa aa aa aa aa aa aa aa aa aa aa aa aa  ................
0xc6405200  aa aa aa aa aa aa aa aa aa aa aa aa aa aa aa aa  ................
0xc6405210  aa aa aa aa aa aa aa aa aa aa aa aa aa aa aa aa  ................
0xc6405220  aa aa aa aa aa aa aa aa aa aa aa aa aa aa aa aa  ................
0xc6405230  aa aa aa aa aa aa aa aa aa aa aa aa aa aa aa aa  ................
0xc6405240  aa aa aa aa aa aa aa aa aa aa aa aa aa aa aa aa  ................
0xc6405250  aa aa aa aa aa aa aa aa aa aa aa aa aa aa aa aa  ................
0xc6405260  aa aa aa aa aa aa aa aa aa aa aa aa aa aa aa aa  ................
0xc6405270  aa aa aa aa aa aa aa aa aa aa aa aa aa aa aa aa  ................
0xc6405280  aa aa aa aa aa aa aa aa aa aa aa aa aa aa aa aa  ................
0xc6405290  aa aa aa aa aa aa aa aa aa aa aa aa aa aa aa aa  ................
0xc64052a0  aa aa aa aa aa aa aa aa aa aa aa aa aa aa aa aa  ................
0xc64052b0  aa aa aa aa aa aa aa aa aa aa aa aa aa aa aa aa  ................
0xc64052c0  aa aa aa aa aa aa aa aa aa aa aa aa aa aa aa aa  ................
0xc64052d0  aa aa aa aa aa aa aa aa aa aa aa aa aa aa aa aa  ................
0xc64052e0  aa aa aa aa aa aa aa aa aa aa aa aa aa aa aa aa  ................
0xc64052f0  aa aa aa aa aa aa aa aa aa aa aa aa aa aa aa aa  ................
0xc6405300  aa aa aa aa aa aa aa aa aa aa aa aa aa aa aa aa  ................
0xc6405310  aa aa aa aa aa aa aa aa aa aa aa aa aa aa aa aa  ................
0xc6405320  aa aa aa aa aa aa aa aa aa aa aa aa aa aa aa aa  ................
0xc6405330  aa aa aa aa aa aa aa aa aa aa aa aa aa aa aa aa  ................
0xc6405340  aa aa aa aa aa aa aa aa aa aa aa aa aa aa aa aa  ................
0xc6405350  aa aa aa aa aa aa aa aa aa aa aa aa aa aa aa aa  ................
0xc6405360  aa aa aa aa aa aa aa aa aa aa aa aa aa aa aa aa  ................
0xc6405370  aa aa aa aa aa aa aa aa aa aa aa aa aa aa aa aa  ................
0xc6405380  aa aa aa aa aa aa aa aa aa aa aa aa aa aa aa aa  ................
0xc6405390  aa aa aa aa aa aa aa aa aa aa aa aa aa aa aa aa  ................
0xc64053a0  aa aa aa aa aa aa aa aa aa aa aa aa aa aa aa aa  ................
0xc64053b0  aa aa aa aa aa aa aa aa aa aa aa aa aa aa aa aa  ................
0xc64053c0  aa aa aa aa aa aa aa aa aa aa aa aa aa aa aa aa  ................
0xc64053d0  aa aa aa aa aa aa aa aa aa aa aa aa aa aa aa aa  ................
0xc64053e0  aa aa aa aa aa aa aa aa aa aa aa aa aa aa aa aa  ................
0xc64053f0  aa aa aa aa aa aa aa aa aa aa aa aa aa aa aa aa  ................
0xc6405400  aa aa aa aa aa aa aa aa aa aa aa aa aa aa aa aa  ................
0xc6405410  aa aa aa aa aa aa aa aa aa aa aa aa aa aa aa aa  ................
0xc6405420  aa aa aa aa aa aa aa aa aa aa aa aa aa aa aa aa  ................
0xc6405430  aa aa aa aa aa aa aa aa aa aa aa aa aa aa aa aa  ................
0xc6405440  aa aa aa aa aa aa aa aa aa aa aa aa aa aa aa aa  ................
0xc6405450  aa aa aa aa aa aa aa aa aa aa aa aa aa aa aa aa  ................
0xc6405460  aa aa aa aa aa aa aa aa aa aa aa aa aa aa aa aa  ................
0xc6405470  aa aa aa aa aa aa aa aa aa aa aa aa aa aa aa aa  ................
0xc6405480  aa aa aa aa aa aa aa aa aa aa aa aa aa aa aa aa  ................
0xc6405490  aa aa aa aa aa aa aa aa aa aa aa aa aa aa aa aa  ................
0xc64054a0  aa aa aa aa aa aa aa aa aa aa aa aa aa aa aa aa  ................
0xc64054b0  aa aa aa aa aa aa aa aa aa aa aa aa aa aa aa aa  ................
0xc64054c0  aa aa aa aa aa aa aa aa aa aa aa aa aa aa aa aa  ................
0xc64054d0  aa aa aa aa aa aa aa aa aa aa aa aa aa aa aa aa  ................
0xc64054e0  aa aa aa aa aa aa aa aa aa aa aa aa aa aa aa aa  ................
0xc64054f0  aa aa aa aa aa aa aa aa aa aa aa aa aa aa aa aa  ................
0xc6405500  aa aa aa aa aa aa aa aa aa aa aa aa aa aa aa aa  ................
0xc6405510  aa aa aa aa aa aa aa aa aa aa aa aa aa aa aa aa  ................
0xc6405520  aa aa aa aa aa aa aa aa aa aa aa aa aa aa aa aa  ................
0xc6405530  aa aa aa aa aa aa aa aa aa aa aa aa aa aa aa aa  ................
0xc6405540  aa aa aa aa aa aa aa aa aa aa aa aa aa aa aa aa  ................
0xc6405550  aa aa aa aa aa aa aa aa aa aa aa aa aa aa aa aa  ................
0xc6405560  aa aa aa aa aa aa aa aa aa aa aa aa aa aa aa aa  ................
0xc6405570  aa aa aa aa aa aa aa aa aa aa aa aa aa aa aa aa  ................
0xc6405580  aa aa aa aa aa aa aa aa aa aa aa aa aa aa aa aa  ................
0xc6405590  aa aa aa aa aa aa aa aa aa aa aa aa aa aa aa aa  ................
0xc64055a0  aa aa aa aa aa aa aa aa aa aa aa aa aa aa aa aa  ................
0xc64055b0  aa aa aa aa aa aa aa aa aa aa aa aa aa aa aa aa  ................
0xc64055c0  aa aa aa aa aa aa aa aa aa aa aa aa aa aa aa aa  ................
0xc64055d0  aa aa aa aa aa aa aa aa aa aa aa aa aa aa aa aa  ................
0xc64055e0  aa aa aa aa aa aa aa aa aa aa aa aa aa aa aa aa  ................
0xc64055f0  aa aa aa aa aa aa aa aa aa aa aa aa aa aa aa aa  ................
0xc6405600  aa aa aa aa aa aa aa aa aa aa aa aa aa aa aa aa  ................
0xc6405610  aa aa aa aa aa aa aa aa aa aa aa aa aa aa aa aa  ................
0xc6405620  aa aa aa aa aa aa aa aa aa aa aa aa aa aa aa aa  ................
0xc6405630  aa aa aa aa aa aa aa aa aa aa aa aa aa aa aa aa  ................
0xc6405640  aa aa aa aa aa aa aa aa aa aa aa aa aa aa aa aa  ................
0xc6405650  aa aa aa aa aa aa aa aa aa aa aa aa aa aa aa aa  ................
0xc6405660  aa aa aa aa aa aa aa aa aa aa aa aa aa aa aa aa  ................
0xc6405670  aa aa aa aa aa aa aa aa aa aa aa aa aa aa aa aa  ................
0xc6405680  aa aa aa aa aa aa aa aa aa aa aa aa aa aa aa aa  ................
0xc6405690  aa aa aa aa aa aa aa aa aa aa aa aa aa aa aa aa  ................
0xc64056a0  aa aa aa aa aa aa aa aa aa aa aa aa aa aa aa aa  ................
0xc64056b0  aa aa aa aa aa aa aa aa aa aa aa aa aa aa aa aa  ................
0xc64056c0  aa aa aa aa aa aa aa aa aa aa aa aa aa aa aa aa  ................
0xc64056d0  aa aa aa aa aa aa aa aa aa aa aa aa aa aa aa aa  ................
0xc64056e0  aa aa aa aa aa aa aa aa aa aa aa aa aa aa aa aa  ................
0xc64056f0  aa aa aa aa aa aa aa aa aa aa aa aa aa aa aa aa  ................
0xc6405700  aa aa aa aa aa aa aa aa aa aa aa aa aa aa aa aa  ................
0xc6405710  aa aa aa aa aa aa aa aa aa aa aa aa aa aa aa aa  ................
0xc6405720  aa aa aa aa aa aa aa aa aa aa aa aa aa aa aa aa  ................
0xc6405730  aa aa aa aa aa aa aa aa aa aa aa aa aa aa aa aa  ................
0xc6405740  aa aa aa aa aa aa aa aa aa aa aa aa aa aa aa aa  ................
0xc6405750  aa aa aa aa aa aa aa aa aa aa aa aa aa aa aa aa  ................
0xc6405760  aa aa aa aa aa aa aa aa aa aa aa aa aa aa aa aa  ................
0xc6405770  aa aa aa aa aa aa aa aa aa aa aa aa aa aa aa aa  ................
0xc6405780  aa aa aa aa aa aa aa aa aa aa aa aa aa aa aa aa  ................
0xc6405790  aa aa aa aa aa aa aa aa aa aa aa aa aa aa aa aa  ................
0xc64057a0  aa aa aa aa aa aa aa aa aa aa aa aa aa aa aa aa  ................
0xc64057b0  aa aa aa aa aa aa aa aa aa aa aa aa aa aa aa aa  ................
0xc64057c0  aa aa aa aa aa aa aa aa aa aa aa aa aa aa aa aa  ................
0xc64057d0  aa aa aa aa aa aa aa aa aa aa aa aa aa aa aa aa  ................
0xc64057e0  aa aa aa aa aa aa aa aa aa aa aa aa aa aa aa aa  ................
0xc64057f0  aa aa aa aa aa aa aa aa aa aa aa aa aa aa aa aa  ................
litex> mem_read 0xc64011a0 16

Memory dump:
0xc64011a0  ff e8 ff bf ff fd fb ff ff 7b ff ff ff f7 ff ff  .........{......
litex> mem_read 0xf0001810 4

Memory dump:
0xf0001810  18 00 00 00                                      ....            
litex> mem_write 0xc64011ac 0xfffff7ff

litex> mem_read 0xc64011ac 4

Memory dump:
0xc64011ac  ff f7 ff ff                                      ....            
litex> mem_write 0xf0001804 0x1900

litex> mem_write 0xf0001800 0x2

litex> mem_write 0xf0001808 0xd0

litex> mem_write 0xf000180c 0x1

litex> mem_write 0xc6405000 0xffffffff 512

litex> mem_read 0xc64011a0 16

Memory dump:
0xc64011a0  ff e8 ff bf ff fd fb ff ff 7b ff ff ff f7 ff ff  .........{......
litex> mem_read 0xf0001810 4

Memory dump:
0xf0001810  18 00 00 00                                      ....            
litex> mem_write 0xc64011ac 0xfffff7ff

litex> mem_read 0xc64011ac 4

Memory dump:
0xc64011ac  ff f7 ff ff                                      ....            
litex> mem_write 0xf0001804 0x1900

litex> mem_write 0xf0001800 0x2

litex> mem_write 0xf0001808 0xd0

litex> mem_write 0xf000180c 0x1

litex> mem_write 0xc6405000 0x00000000 512

litex> mem_read 0xc64011a0 16

Memory dump:
0xc64011a0  ff e8 ff bf ff fd fb ff ff 7b ff ff ff f7 ff 7f  .........{......
litex> mem_read 0xf0001810 4

Memory dump:
0xf0001810  18 00 00 00                                      ....            
litex> 