$ /home/user/git/fpga/sipeedtangprimer20k-riscv/.tools/riscv-gcc/xpack-riscv-none-elf-gcc-15.2.0-1/bin/riscv-none-elf-gcc -Os -g -std=gnu11 -march=rv32i2p0_m -mabi=ilp32 -D__vexriscv__ -ffunction-sections -fdata-sections -fno-common -fno-pic -fno-builtin -fno-stack-protector -no-pie -Wall -Wextra -I /home/user/git/fpga/sipeedtangprimer20k-riscv/firmware/rtos_system_fit/freertos -I /home/user/git/fpga/sipeedtangprimer20k-riscv/.deps/rtos/FreeRTOS-Kernel/include -I /home/user/git/fpga/sipeedtangprimer20k-riscv/.deps/rtos/FreeRTOS-Kernel/portable/GCC/RISC-V -I /home/user/git/fpga/sipeedtangprimer20k-riscv/.deps/rtos/FreeRTOS-Kernel/portable/GCC/RISC-V/chip_specific_extensions/RISCV_no_extensions -I /home/user/git/fpga/sipeedtangprimer20k-riscv/.deps/pythondata-software-picolibc/pythondata_software_picolibc/data/libc/include -I /home/user/git/fpga/sipeedtangprimer20k-riscv/.deps/litex/litex/soc/software/libbase -I /home/user/git/fpga/sipeedtangprimer20k-riscv/.deps/litex/litex/soc/software/include -I /home/user/git/fpga/sipeedtangprimer20k-riscv/.deps/litex/litex/soc/software -I /home/user/git/fpga/sipeedtangprimer20k-riscv/build/rtos-system-fit/20261006T222108.353939Z/candidates/candidate-2-pinned-lite-no-l2/attempts/rom16k/soc/software/include -I /home/user/git/fpga/sipeedtangprimer20k-riscv/build/rtos-system-fit/20261006T222108.353939Z/candidates/candidate-2-pinned-lite-no-l2/attempts/rom16k/soc/software/libc -I /home/user/git/fpga/sipeedtangprimer20k-riscv/.deps/litex/litex/soc/cores/cpu/vexriscv -c /home/user/git/fpga/sipeedtangprimer20k-riscv/firmware/rtos_system_fit/freertos/main.c -o /home/user/git/fpga/sipeedtangprimer20k-riscv/build/rtos-system-fit/software/20261006T224342.836696Z/freertos/main.o
In file included from /home/user/git/fpga/sipeedtangprimer20k-riscv/build/rtos-system-fit/20261006T222108.353939Z/candidates/candidate-2-pinned-lite-no-l2/attempts/rom16k/soc/software/include/generated/csr.h:13,
                 from /home/user/git/fpga/sipeedtangprimer20k-riscv/firmware/rtos_system_fit/freertos/main.c:4:
/home/user/git/fpga/sipeedtangprimer20k-riscv/.deps/litex/litex/soc/software/include/system.h: In function 'clean_cpu_dcache_range':
/home/user/git/fpga/sipeedtangprimer20k-riscv/.deps/litex/litex/soc/software/include/system.h:11:49: warning: unused parameter 'start_addr' [-Wunused-parameter]
   11 | static inline void clean_cpu_dcache_range(void *start_addr, size_t size)
      |                                           ~~~~~~^~~~~~~~~~
/home/user/git/fpga/sipeedtangprimer20k-riscv/.deps/litex/litex/soc/software/include/system.h:11:68: warning: unused parameter 'size' [-Wunused-parameter]
   11 | static inline void clean_cpu_dcache_range(void *start_addr, size_t size)
      |                                                             ~~~~~~~^~~~
/home/user/git/fpga/sipeedtangprimer20k-riscv/.deps/litex/litex/soc/software/include/system.h: In function 'flush_cpu_dcache_range':
/home/user/git/fpga/sipeedtangprimer20k-riscv/.deps/litex/litex/soc/software/include/system.h:18:49: warning: unused parameter 'start_addr' [-Wunused-parameter]
   18 | static inline void flush_cpu_dcache_range(void *start_addr, size_t size)
      |                                           ~~~~~~^~~~~~~~~~
/home/user/git/fpga/sipeedtangprimer20k-riscv/.deps/litex/litex/soc/software/include/system.h:18:68: warning: unused parameter 'size' [-Wunused-parameter]
   18 | static inline void flush_cpu_dcache_range(void *start_addr, size_t size)
      |                                                             ~~~~~~~^~~~
/home/user/git/fpga/sipeedtangprimer20k-riscv/.deps/litex/litex/soc/software/include/system.h: In function 'invd_cpu_dcache_range':
/home/user/git/fpga/sipeedtangprimer20k-riscv/.deps/litex/litex/soc/software/include/system.h:25:48: warning: unused parameter 'start_addr' [-Wunused-parameter]
   25 | static inline void invd_cpu_dcache_range(void *start_addr, size_t size)
      |                                          ~~~~~~^~~~~~~~~~
/home/user/git/fpga/sipeedtangprimer20k-riscv/.deps/litex/litex/soc/software/include/system.h:25:67: warning: unused parameter 'size' [-Wunused-parameter]
   25 | static inline void invd_cpu_dcache_range(void *start_addr, size_t size)
      |                                                            ~~~~~~~^~~~
/home/user/git/fpga/sipeedtangprimer20k-riscv/firmware/rtos_system_fit/freertos/main.c: In function 'vPortSetupTimerInterrupt':
/home/user/git/fpga/sipeedtangprimer20k-riscv/firmware/rtos_system_fit/freertos/main.c:55:9: error: implicit declaration of function 'irq_setmask' [-Wimplicit-function-declaration]
   55 |         irq_setmask(1u << TIMER0_INTERRUPT);
      |         ^~~~~~~~~~~
/home/user/git/fpga/sipeedtangprimer20k-riscv/firmware/rtos_system_fit/freertos/main.c: In function 'freertos_risc_v_application_interrupt_handler':
/home/user/git/fpga/sipeedtangprimer20k-riscv/firmware/rtos_system_fit/freertos/main.c:76:19: error: implicit declaration of function 'irq_pending' [-Wimplicit-function-declaration]
   76 |         pending = irq_pending() & irq_getmask();
      |                   ^~~~~~~~~~~
/home/user/git/fpga/sipeedtangprimer20k-riscv/firmware/rtos_system_fit/freertos/main.c:76:35: error: implicit declaration of function 'irq_getmask' [-Wimplicit-function-declaration]
   76 |         pending = irq_pending() & irq_getmask();
      |                                   ^~~~~~~~~~~
