[info] welcome to sbt 1.9.7 (Temurin Java 1.8.0_432)
[info] loading settings for project verilog-build from plugins.sbt ...
[info] loading project definition from /home/user/git/fpga/sipeedtangprimer20k-riscv/.deps/pythondata-cpu-vexriscv/pythondata_cpu_vexriscv/verilog/project
[info] loading settings for project root from build.sbt ...
[info] loading settings for project vexriscv-build from plugins.sbt ...
[info] loading project definition from /home/user/git/fpga/sipeedtangprimer20k-riscv/.deps/pythondata-cpu-vexriscv/pythondata_cpu_vexriscv/verilog/ext/VexRiscv/project
[info] loading settings for project root from build.sbt ...
[info] set current project to VexRiscvOnWishbone (in build file:/home/user/git/fpga/sipeedtangprimer20k-riscv/.deps/pythondata-cpu-vexriscv/pythondata_cpu_vexriscv/verilog/)
[info] Executing in batch mode. For better performance use sbt's shell
[success] Total time: 2 s, completed Oct 6, 2026 3:13:31 PM
[info] running (fork) vexriscv.GenCoreDefault --csrPluginConfig linux-minimal --iCacheSize 2048 --dCacheSize 2048 --outputFile ../../../../build/system-fit/20261006T191308.431149Z/candidates/candidate-3-linux-2k-caches/cpu/VexRiscv_Linux
[info] [Runtime] SpinalHDL v1.9.4    git head : 270018552577f3bb8e5339ee2583c9c22d324215
[info] [Runtime] JVM max memory : 7116.5MiB
[info] [Runtime] Current date : 2026.10.06 15:13:32
[info] [Progress] at 0.000 : Elaborate components
[info] [Warning] This VexRiscv configuration is set without software ebreak instruction support. Some software may rely on it (ex: Rust). (This isn't related to JTAG ebreak)
[info] [Progress] at 1.051 : Checks and transforms
[info] [Progress] at 1.513 : Generate Verilog
[info] [Warning] 217 signals were pruned. You can call printPruned on the backend report to get more informations.
[info] [Done] at 1.746
[success] Total time: 3 s, completed Oct 6, 2026 3:13:33 PM
