java.nio.file.FileSystemException: /run/user/1000/.sbt: Read-only file system
	at sun.nio.fs.UnixException.translateToIOException(UnixException.java:91)
	at sun.nio.fs.UnixException.rethrowAsIOException(UnixException.java:102)
	at sun.nio.fs.UnixException.rethrowAsIOException(UnixException.java:107)
	at sun.nio.fs.UnixFileSystemProvider.createDirectory(UnixFileSystemProvider.java:384)
	at java.nio.file.Files.createDirectory(Files.java:674)
	at java.nio.file.Files.createAndCheckIsDirectory(Files.java:781)
	at java.nio.file.Files.createDirectories(Files.java:767)
	at sbt.internal.BootServerSocket.<init>(BootServerSocket.java:291)
	at sbt.xMain$.getSocketOrExit(Main.scala:152)
	at sbt.xMain$.bootServerSocket$lzycompute$1(Main.scala:78)
	at sbt.xMain$.bootServerSocket$1(Main.scala:78)
	at sbt.xMain$.withStreams$1(Main.scala:86)
	at sbt.xMain$.run(Main.scala:123)
	at sun.reflect.NativeMethodAccessorImpl.invoke0(Native Method)
	at sun.reflect.NativeMethodAccessorImpl.invoke(NativeMethodAccessorImpl.java:62)
	at sun.reflect.DelegatingMethodAccessorImpl.invoke(DelegatingMethodAccessorImpl.java:43)
	at java.lang.reflect.Method.invoke(Method.java:498)
	at sbt.internal.XMainConfiguration.run(XMainConfiguration.java:59)
	at sbt.xMain.run(Main.scala:47)
	at xsbt.boot.Launch$.$anonfun$run$1(Launch.scala:149)
	at xsbt.boot.Launch$.withContextLoader(Launch.scala:176)
	at xsbt.boot.Launch$.run(Launch.scala:149)
	at xsbt.boot.Launch$.$anonfun$apply$1(Launch.scala:44)
	at xsbt.boot.Launch$.launch(Launch.scala:159)
	at xsbt.boot.Launch$.apply(Launch.scala:44)
	at xsbt.boot.Launch$.apply(Launch.scala:21)
	at xsbt.boot.Boot$.runImpl(Boot.scala:78)
	at xsbt.boot.Boot$.run(Boot.scala:73)
	at xsbt.boot.Boot$.main(Boot.scala:21)
	at xsbt.boot.Boot.main(Boot.scala)
[error] [launcher] error during sbt launcher: java.nio.file.FileSystemException: /run/user/1000/.sbt: Read-only file system
