# LiteX build log
# Started: 2026-10-06T18:14:30
# Command: scripts/rtos_system_fit.py run
# Working directory: /home/user/git/fpga/sipeedtangprimer20k-riscv

INFO:SoC:        __   _ __      _  __  
INFO:SoC:       / /  (_) /____ | |/_/  
INFO:SoC:      / /__/ / __/ -_)>  <    
INFO:SoC:     /____/_/\__/\__/_/|_|  
INFO:SoC:  Build your hardware, easily!
INFO:SoC:--------------------------------------------------------------------------------
INFO:SoC:Creating SoC... (2026-10-06 18:14:29)
INFO:SoC:--------------------------------------------------------------------------------
INFO:SoC:FPGA device : GW2A-LV18PG256C8/I7.
INFO:SoC:System clock: 48.000MHz.
INFO:SoCBusHandler:Creating Bus Handler...
INFO:SoCBusHandler:32-bit wishbone Bus, 4.0GiB Address Space.
INFO:SoCBusHandler:Adding reserved Bus Regions...
INFO:SoCBusHandler:Bus Handler created.
INFO:SoCCSRHandler:Creating CSR Handler...
INFO:SoCCSRHandler:32-bit CSR Bus, 32-bit Aligned, 16.0KiB Address Space, 2048B Paging, big Ordering (Up to 32 Locations).
INFO:SoCCSRHandler:Adding reserved CSRs...
INFO:SoCCSRHandler:CSR Handler created.
INFO:SoCIRQHandler:Creating IRQ Handler...
INFO:SoCIRQHandler:IRQ Handler (up to 32 Locations).
INFO:SoCIRQHandler:Adding reserved IRQs...
INFO:SoCIRQHandler:IRQ Handler created.
INFO:SoC:--------------------------------------------------------------------------------
INFO:SoC:Initial SoC:
INFO:SoC:--------------------------------------------------------------------------------
INFO:SoC:32-bit wishbone Bus, 4.0GiB Address Space.
INFO:SoC:32-bit CSR Bus, 32-bit Aligned, 16.0KiB Address Space, 2048B Paging, big Ordering (Up to 32 Locations).
INFO:SoC:IRQ Handler (up to 32 Locations).
INFO:SoC:--------------------------------------------------------------------------------
INFO:SoC:Controller ctrl added.
INFO:SoC:CPU vexriscv added.
INFO:SoC:CPU vexriscv adding IO Region 0 at 0x80000000 (Size: 0x80000000).
INFO:SoCBusHandler:io0 Region added at Origin: 0x80000000, Size: 0x80000000, Mode:  RW, Cached: False, Linker: False.
INFO:SoC:CPU vexriscv overriding sram mapping from 0x01000000 to 0x10000000.
INFO:SoC:CPU vexriscv setting reset address to 0x00000000.
INFO:SoC:CPU vexriscv adding Bus Master(s).
INFO:SoCBusHandler:cpu_bus0 added as Bus Master.
INFO:SoCBusHandler:cpu_bus1 added as Bus Master.
INFO:SoC:CPU vexriscv adding Interrupt(s).
INFO:SoC:CPU vexriscv adding SoC components.
INFO:SoCBusHandler:rom Region added at Origin: 0x00000000, Size: 0x00004000, Mode:  RX, Cached:  True, Linker: False.
INFO:SoCBusHandler:rom added as Bus Slave.
INFO:SoC:RAM rom added Origin: 0x00000000, Size: 0x00004000, Mode:  RX, Cached:  True, Linker: False.
INFO:SoCBusHandler:sram Region added at Origin: 0x10000000, Size: 0x00001000, Mode: RWX, Cached:  True, Linker: False.
INFO:SoCBusHandler:sram added as Bus Slave.
INFO:SoC:RAM sram added Origin: 0x10000000, Size: 0x00001000, Mode: RWX, Cached:  True, Linker: False.
INFO:SoCIRQHandler:uart IRQ allocated at Location 0.
INFO:SoCIRQHandler:timer0 IRQ allocated at Location 1.
INFO:SoCBusHandler:main_ram Region added at Origin: 0x40000000, Size: 0x08000000, Mode: RWX, Cached:  True, Linker: False.
INFO:SoCBusHandler:main_ram added as Bus Slave.
INFO:SoC:CSR Bridge csr added.
INFO:SoCBusHandler:csr Region added at Origin: 0xf0000000, Size: 0x00010000, Mode:  RW, Cached: False, Linker: False.
INFO:SoCBusHandler:csr added as Bus Slave.
INFO:SoCCSRHandler:csr added as CSR Master.
INFO:SoCBusHandler:Interconnect: InterconnectShared (2 <-> 4).
INFO:SoCCSRHandler:ctrl CSR allocated at Location 0.
INFO:SoCCSRHandler:ddrphy CSR allocated at Location 1.
INFO:SoCCSRHandler:identifier_mem CSR allocated at Location 2.
INFO:SoCCSRHandler:sdram CSR allocated at Location 3.
INFO:SoCCSRHandler:timer0 CSR allocated at Location 4.
INFO:SoCCSRHandler:uart CSR allocated at Location 5.
INFO:SoC:--------------------------------------------------------------------------------
INFO:SoC:Finalized SoC:
INFO:SoC:--------------------------------------------------------------------------------
INFO:SoC:32-bit wishbone Bus, 4.0GiB Address Space.
IO Regions: (1)
io0                 : Origin: 0x80000000, Size: 0x80000000, Mode:  RW, Cached: False, Linker: False
Bus Regions: (4)
rom                 : Origin: 0x00000000, Size: 0x00004000, Mode:  RX, Cached:  True, Linker: False
sram                : Origin: 0x10000000, Size: 0x00001000, Mode: RWX, Cached:  True, Linker: False
main_ram            : Origin: 0x40000000, Size: 0x08000000, Mode: RWX, Cached:  True, Linker: False
csr                 : Origin: 0xf0000000, Size: 0x00010000, Mode:  RW, Cached: False, Linker: False
Bus Masters: (2)
- cpu_bus0          : rw
- cpu_bus1          : rw
Bus Slaves: (4)
- rom               : r
- sram              : rw
- main_ram          : rw
- csr               : rw
INFO:SoC:32-bit CSR Bus, 32-bit Aligned, 16.0KiB Address Space, 2048B Paging, big Ordering (Up to 32 Locations).
CSR Locations: (6)
- ctrl           : 0
- ddrphy         : 1
- identifier_mem : 2
- sdram          : 3
- timer0         : 4
- uart           : 5
INFO:SoC:IRQ Handler (up to 32 Locations).
IRQ Locations: (2)
- uart   : 0
- timer0 : 1
INFO:SoC:--------------------------------------------------------------------------------
INFO:SoC:--------------------------------------------------------------------------------
INFO:SoC:SoC Hierarchy:
INFO:SoC:--------------------------------------------------------------------------------
INFO:SoC:
RtosSystemFitSoC
├── crg (_CRG)
│    ├── pll (GW2APLL)
│    │    └── [BB:rPLL]
│    ├── [BB:DHCEN]
│    └── [BB:CLKDIV]
├── bus (SoCBusHandler)
│    └── _interconnect (InterconnectShared)
│         ├── arbiter (Arbiter)
│         │    └── rr (RoundRobin)
│         ├── decoder (Decoder)
│         └── timeout (Timeout)
│              └── waittimer_0 (WaitTimer) [Gen]
├── csr (SoCCSRHandler)
├── irq (SoCIRQHandler)
├── ctrl (SoCController)
├── cpu (VexRiscv)
│    └── [BB:VexRiscv]
├── rom (SRAM)
├── sram (SRAM)
├── identifier (Identifier)
├── uart (UART)
│    ├── ev (EventManager)
│    │    ├── eventsourcelevel_0 (EventSourceLevel) [Gen]
│    │    └── eventsourcelevel_1 (EventSourceLevel) [Gen]
│    ├── phy (RS232PHY)
│    │    ├── tx (RS232PHYTX)
│    │    │    ├── clk_phase_accum (RS232ClkPhaseAccum)
│    │    │    └── fsm (FSM)
│    │    └── rx (RS232PHYRX)
│    │         ├── clk_phase_accum (RS232ClkPhaseAccum)
│    │         └── fsm (FSM)
│    ├── tx_fifo (SyncFIFO)
│    │    └── fifo (SyncFIFOBuffered)
│    │         └── fifo (SyncFIFO)
│    └── rx_fifo (SyncFIFO)
│         └── fifo (SyncFIFOBuffered)
│              └── fifo (SyncFIFO)
├── timer0 (Timer)
│    └── ev (EventManager)
│         └── eventsourceprocess_0 (EventSourceProcess) [Gen]
├── ddrphy (GW2DDRPHY)
│    ├── init (GW2DDRPHYInit)
│    │    └── [BB:DLL]
│    ├── bitslip_0 (BitSlip) [Gen]
│    ├── bitslip_1 (BitSlip) [Gen]
│    ├── bitslip_2 (BitSlip) [Gen]
│    ├── bitslip_3 (BitSlip) [Gen]
│    ├── bitslip_4 (BitSlip) [Gen]
│    ├── bitslip_5 (BitSlip) [Gen]
│    ├── bitslip_6 (BitSlip) [Gen]
│    ├── bitslip_7 (BitSlip) [Gen]
│    ├── bitslip_8 (BitSlip) [Gen]
│    ├── bitslip_9 (BitSlip) [Gen]
│    ├── bitslip_10 (BitSlip) [Gen]
│    ├── bitslip_11 (BitSlip) [Gen]
│    ├── bitslip_12 (BitSlip) [Gen]
│    ├── bitslip_13 (BitSlip) [Gen]
│    ├── bitslip_14 (BitSlip) [Gen]
│    ├── bitslip_15 (BitSlip) [Gen]
│    ├── tappeddelayline_0 (TappedDelayLine) [Gen]
│    ├── tappeddelayline_1 (TappedDelayLine) [Gen]
│    ├── [BB:IDES4_MEM]
│    ├── [BB:IOBUF]
│    ├── [BB:OSER4_MEM]
│    ├── [BB:IDES4_MEM]
│    ├── [BB:IOBUF]
│    ├── [BB:OSER4_MEM]
│    ├── [BB:IDES4_MEM]
│    ├── [BB:IOBUF]
│    ├── [BB:OSER4_MEM]
│    ├── [BB:IDES4_MEM]
│    ├── [BB:IOBUF]
│    ├── [BB:OSER4_MEM]
│    ├── [BB:IDES4_MEM]
│    ├── [BB:IOBUF]
│    ├── [BB:ELVDS_OBUF]
│    ├── [BB:IODELAY]
│    ├── [BB:OSER4]
│    ├── [BB:IODELAY]
│    ├── [BB:OSER4]
│    ├── [BB:IODELAY]
│    ├── [BB:OSER4]
│    ├── [BB:IODELAY]
│    ├── [BB:OSER4]
│    ├── [BB:IODELAY]
│    ├── [BB:OSER4]
│    ├── [BB:IODELAY]
│    ├── [BB:OSER4]
│    ├── [BB:IODELAY]
│    ├── [BB:OSER4]
│    ├── [BB:IODELAY]
│    ├── [BB:OSER4]
│    ├── [BB:IODELAY]
│    ├── [BB:OSER4]
│    ├── [BB:IODELAY]
│    ├── [BB:OSER4]
│    ├── [BB:IODELAY]
│    ├── [BB:OSER4]
│    ├── [BB:IODELAY]
│    ├── [BB:OSER4]
│    ├── [BB:IODELAY]
│    ├── [BB:OSER4]
│    ├── [BB:IODELAY]
│    ├── [BB:OSER4]
│    ├── [BB:IODELAY]
│    ├── [BB:OSER4]
│    ├── [BB:IODELAY]
│    ├── [BB:OSER4]
│    ├── [BB:IODELAY]
│    ├── [BB:OSER4]
│    ├── [BB:IODELAY]
│    ├── [BB:OSER4]
│    ├── [BB:IODELAY]
│    ├── [BB:OSER4]
│    ├── [BB:IODELAY]
│    ├── [BB:OSER4]
│    ├── [BB:IODELAY]
│    ├── [BB:OSER4]
│    ├── [BB:IODELAY]
│    ├── [BB:OSER4]
│    ├── [BB:IODELAY]
│    ├── [BB:OSER4]
│    ├── [BB:IODELAY]
│    ├── [BB:OSER4]
│    ├── [BB:IODELAY]
│    ├── [BB:OSER4]
│    ├── [BB:DQS]
│    ├── [BB:OSER4_MEM]
│    ├── [BB:ELVDS_IOBUF]
│    ├── [BB:OSER4_MEM]
│    ├── [BB:OSER4_MEM]
│    ├── [BB:IDES4_MEM]
│    ├── [BB:IOBUF]
│    ├── [BB:OSER4_MEM]
│    ├── [BB:IDES4_MEM]
│    ├── [BB:IOBUF]
│    ├── [BB:OSER4_MEM]
│    ├── [BB:IDES4_MEM]
│    ├── [BB:IOBUF]
│    ├── [BB:OSER4_MEM]
│    ├── [BB:IDES4_MEM]
│    ├── [BB:IOBUF]
│    ├── [BB:OSER4_MEM]
│    ├── [BB:IDES4_MEM]
│    ├── [BB:IOBUF]
│    ├── [BB:OSER4_MEM]
│    ├── [BB:IDES4_MEM]
│    ├── [BB:IOBUF]
│    ├── [BB:OSER4_MEM]
│    ├── [BB:IDES4_MEM]
│    ├── [BB:IOBUF]
│    ├── [BB:OSER4_MEM]
│    ├── [BB:IDES4_MEM]
│    ├── [BB:IOBUF]
│    ├── [BB:DQS]
│    ├── [BB:OSER4_MEM]
│    ├── [BB:ELVDS_IOBUF]
│    ├── [BB:OSER4_MEM]
│    ├── [BB:OSER4_MEM]
│    ├── [BB:IDES4_MEM]
│    ├── [BB:IOBUF]
│    ├── [BB:OSER4_MEM]
│    ├── [BB:IDES4_MEM]
│    ├── [BB:IOBUF]
│    ├── [BB:OSER4_MEM]
│    ├── [BB:IDES4_MEM]
│    ├── [BB:IOBUF]
│    └── [BB:OSER4_MEM]
├── sdram (LiteDRAMCore)
│    ├── dfii (DFIInjector)
│    │    ├── pi0 (PhaseInjector)
│    │    └── pi1 (PhaseInjector)
│    ├── controller (LiteDRAMController)
│    │    ├── refresher (Refresher)
│    │    │    ├── timer (RefreshTimer)
│    │    │    ├── postponer (RefreshPostponer)
│    │    │    ├── sequencer (RefreshSequencer)
│    │    │    │    └── refreshexecuter_0 (RefreshExecuter) [Gen]
│    │    │    ├── zqcs_timer (RefreshTimer)
│    │    │    ├── zqs_executer (ZQCSExecuter)
│    │    │    └── fsm (FSM)
│    │    ├── bankmachine_0 (BankMachine) [Gen]
│    │    │    ├── syncfifo_0 (SyncFIFO) [Gen]
│    │    │    │    └── fifo (SyncFIFO)
│    │    │    ├── buffer_0 (Buffer) [Gen]
│    │    │    │    ├── pipe_valid (PipeValid)
│    │    │    │    └── pipeline (Pipeline)
│    │    │    ├── twtpcon (tXXDController)
│    │    │    ├── trccon (tXXDController)
│    │    │    ├── trascon (tXXDController)
│    │    │    └── fsm (FSM)
│    │    ├── bankmachine_1 (BankMachine) [Gen]
│    │    │    ├── syncfifo_0 (SyncFIFO) [Gen]
│    │    │    │    └── fifo (SyncFIFO)
│    │    │    ├── buffer_0 (Buffer) [Gen]
│    │    │    │    ├── pipe_valid (PipeValid)
│    │    │    │    └── pipeline (Pipeline)
│    │    │    ├── twtpcon (tXXDController)
│    │    │    ├── trccon (tXXDController)
│    │    │    ├── trascon (tXXDController)
│    │    │    └── fsm (FSM)
│    │    ├── bankmachine_2 (BankMachine) [Gen]
│    │    │    ├── syncfifo_0 (SyncFIFO) [Gen]
│    │    │    │    └── fifo (SyncFIFO)
│    │    │    ├── buffer_0 (Buffer) [Gen]
│    │    │    │    ├── pipe_valid (PipeValid)
│    │    │    │    └── pipeline (Pipeline)
│    │    │    ├── twtpcon (tXXDController)
│    │    │    ├── trccon (tXXDController)
│    │    │    ├── trascon (tXXDController)
│    │    │    └── fsm (FSM)
│    │    ├── bankmachine_3 (BankMachine) [Gen]
│    │    │    ├── syncfifo_0 (SyncFIFO) [Gen]
│    │    │    │    └── fifo (SyncFIFO)
│    │    │    ├── buffer_0 (Buffer) [Gen]
│    │    │    │    ├── pipe_valid (PipeValid)
│    │    │    │    └── pipeline (Pipeline)
│    │    │    ├── twtpcon (tXXDController)
│    │    │    ├── trccon (tXXDController)
│    │    │    ├── trascon (tXXDController)
│    │    │    └── fsm (FSM)
│    │    ├── bankmachine_4 (BankMachine) [Gen]
│    │    │    ├── syncfifo_0 (SyncFIFO) [Gen]
│    │    │    │    └── fifo (SyncFIFO)
│    │    │    ├── buffer_0 (Buffer) [Gen]
│    │    │    │    ├── pipe_valid (PipeValid)
│    │    │    │    └── pipeline (Pipeline)
│    │    │    ├── twtpcon (tXXDController)
│    │    │    ├── trccon (tXXDController)
│    │    │    ├── trascon (tXXDController)
│    │    │    └── fsm (FSM)
│    │    ├── bankmachine_5 (BankMachine) [Gen]
│    │    │    ├── syncfifo_0 (SyncFIFO) [Gen]
│    │    │    │    └── fifo (SyncFIFO)
│    │    │    ├── buffer_0 (Buffer) [Gen]
│    │    │    │    ├── pipe_valid (PipeValid)
│    │    │    │    └── pipeline (Pipeline)
│    │    │    ├── twtpcon (tXXDController)
│    │    │    ├── trccon (tXXDController)
│    │    │    ├── trascon (tXXDController)
│    │    │    └── fsm (FSM)
│    │    ├── bankmachine_6 (BankMachine) [Gen]
│    │    │    ├── syncfifo_0 (SyncFIFO) [Gen]
│    │    │    │    └── fifo (SyncFIFO)
│    │    │    ├── buffer_0 (Buffer) [Gen]
│    │    │    │    ├── pipe_valid (PipeValid)
│    │    │    │    └── pipeline (Pipeline)
│    │    │    ├── twtpcon (tXXDController)
│    │    │    ├── trccon (tXXDController)
│    │    │    ├── trascon (tXXDController)
│    │    │    └── fsm (FSM)
│    │    ├── bankmachine_7 (BankMachine) [Gen]
│    │    │    ├── syncfifo_0 (SyncFIFO) [Gen]
│    │    │    │    └── fifo (SyncFIFO)
│    │    │    ├── buffer_0 (Buffer) [Gen]
│    │    │    │    ├── pipe_valid (PipeValid)
│    │    │    │    └── pipeline (Pipeline)
│    │    │    ├── twtpcon (tXXDController)
│    │    │    ├── trccon (tXXDController)
│    │    │    ├── trascon (tXXDController)
│    │    │    └── fsm (FSM)
│    │    └── multiplexer (Multiplexer)
│    │         ├── choose_cmd (_CommandChooser)
│    │         │    └── roundrobin_0 (RoundRobin) [Gen]
│    │         ├── choose_req (_CommandChooser)
│    │         │    └── roundrobin_0 (RoundRobin) [Gen]
│    │         ├── _steerer_0 (_Steerer) [Gen]
│    │         ├── trrdcon (tXXDController)
│    │         ├── tfawcon (tFAWController)
│    │         ├── tccdcon (tXXDController)
│    │         ├── twtrcon (tXXDController)
│    │         └── fsm (FSM)
│    └── crossbar (LiteDRAMCrossbar)
│         ├── roundrobin_0 (RoundRobin) [Gen]
│         ├── roundrobin_1 (RoundRobin) [Gen]
│         ├── roundrobin_2 (RoundRobin) [Gen]
│         ├── roundrobin_3 (RoundRobin) [Gen]
│         ├── roundrobin_4 (RoundRobin) [Gen]
│         ├── roundrobin_5 (RoundRobin) [Gen]
│         ├── roundrobin_6 (RoundRobin) [Gen]
│         └── roundrobin_7 (RoundRobin) [Gen]
├── converter_0 (Converter) [Gen]
│    └── upconverter_0 (UpConverter) [Gen]
├── wishbone_bridge (LiteDRAMWishbone2Native)
│    └── fsm (FSM)
├── csr_bridge (Wishbone2CSR)
│    └── fsm (FSM)
├── csr_bankarray (CSRBankArray)
│    ├── csrbank_0 (CSRBank) [Gen]
│    │    ├── csrstorage_0 (CSRStorage) [Gen]
│    │    ├── csrstorage_1 (CSRStorage) [Gen]
│    │    └── csrstatus_0 (CSRStatus) [Gen]
│    ├── csrbank_1 (CSRBank) [Gen]
│    │    ├── csrstorage_0 (CSRStorage) [Gen]
│    │    ├── csrstorage_1 (CSRStorage) [Gen]
│    │    └── csrstatus_0 (CSRStatus) [Gen]
│    ├── sram_0 (SRAM) [Gen]
│    ├── csrbank_2 (CSRBank) [Gen]
│    │    ├── csrstorage_0 (CSRStorage) [Gen]
│    │    ├── csrstorage_1 (CSRStorage) [Gen]
│    │    ├── csrstorage_2 (CSRStorage) [Gen]
│    │    ├── csrstorage_3 (CSRStorage) [Gen]
│    │    ├── csrstorage_4 (CSRStorage) [Gen]
│    │    ├── csrstatus_0 (CSRStatus) [Gen]
│    │    ├── csrstorage_5 (CSRStorage) [Gen]
│    │    ├── csrstorage_6 (CSRStorage) [Gen]
│    │    ├── csrstorage_7 (CSRStorage) [Gen]
│    │    ├── csrstorage_8 (CSRStorage) [Gen]
│    │    └── csrstatus_1 (CSRStatus) [Gen]
│    ├── csrbank_3 (CSRBank) [Gen]
│    │    ├── csrstorage_0 (CSRStorage) [Gen]
│    │    ├── csrstorage_1 (CSRStorage) [Gen]
│    │    ├── csrstorage_2 (CSRStorage) [Gen]
│    │    ├── csrstorage_3 (CSRStorage) [Gen]
│    │    ├── csrstatus_0 (CSRStatus) [Gen]
│    │    ├── csrstatus_1 (CSRStatus) [Gen]
│    │    ├── csrstatus_2 (CSRStatus) [Gen]
│    │    ├── csrstorage_4 (CSRStorage) [Gen]
│    │    ├── csrstorage_5 (CSRStorage) [Gen]
│    │    └── csrstatus_3 (CSRStatus) [Gen]
│    └── csrbank_4 (CSRBank) [Gen]
│         ├── csrstatus_0 (CSRStatus) [Gen]
│         ├── csrstatus_1 (CSRStatus) [Gen]
│         ├── csrstatus_2 (CSRStatus) [Gen]
│         ├── csrstatus_3 (CSRStatus) [Gen]
│         ├── csrstorage_0 (CSRStorage) [Gen]
│         ├── csrstatus_4 (CSRStatus) [Gen]
│         └── csrstatus_5 (CSRStatus) [Gen]
└── csr_interconnect (InterconnectShared)
Legend:
  [Gen]: Auto-generated instance name.
  [BB:NAME]: Blackbox instance (verilog Instance).

INFO:SoC:--------------------------------------------------------------------------------
make[1]: Entering directory '/home/user/git/fpga/sipeedtangprimer20k-riscv/build/rtos-system-fit/20261006T221425.357874Z/attribution/attribution-ddr-only/rom16k/soc/software/libbase'
 CC       crc16.o
 CC       crc32.o
 CC       console.o
 CC       format.o
 CC       parse.o
 CC       timeout.o
 CC       system.o
 CC       progress.o
In file included from /home/user/git/fpga/sipeedtangprimer20k-riscv/.deps/pythondata-software-picolibc/pythondata_software_picolibc/data/libc/include/machine/ieeefp.h:12,
                 from /home/user/git/fpga/sipeedtangprimer20k-riscv/.deps/pythondata-software-picolibc/pythondata_software_picolibc/data/libc/include/sys/config.h:32,
                 from /home/user/git/fpga/sipeedtangprimer20k-riscv/.deps/pythondata-software-picolibc/pythondata_software_picolibc/data/libc/include/sys/cdefs.h:45,
                 from /home/user/git/fpga/sipeedtangprimer20k-riscv/.deps/pythondata-software-picolibc/pythondata_software_picolibc/data/libc/include/inttypes.h:16,
                 from /home/user/git/fpga/sipeedtangprimer20k-riscv/.deps/litex/litex/soc/software/libbase/format.c:3:
/home/user/git/fpga/sipeedtangprimer20k-riscv/.deps/pythondata-software-picolibc/pythondata_software_picolibc/data/libc/include/sys/features.h:28:10: fatal error: picolibc.h: No such file or directory
   28 | #include <picolibc.h>
      |          ^~~~~~~~~~~~
compilation terminated.
In file included from /home/user/git/fpga/sipeedtangprimer20k-riscv/.deps/pythondata-software-picolibc/pythondata_software_picolibc/data/libc/include/machine/ieeefp.h:12,
                 from /home/user/git/fpga/sipeedtangprimer20k-riscv/.deps/pythondata-software-picolibc/pythondata_software_picolibc/data/libc/include/sys/config.h:32,
                 from /home/user/git/fpga/sipeedtangprimer20k-riscv/.deps/pythondata-software-picolibc/pythondata_software_picolibc/data/libc/include/sys/cdefs.h:45,
                 from /home/user/git/fpga/sipeedtangprimer20k-riscv/.deps/pythondata-software-picolibc/pythondata_software_picolibc/data/libc/include/limits.h:5,
                 from /home/user/git/fpga/sipeedtangprimer20k-riscv/.deps/litex/litex/soc/software/libbase/parse.c:3:
/home/user/git/fpga/sipeedtangprimer20k-riscv/.deps/pythondata-software-picolibc/pythondata_software_picolibc/data/libc/include/sys/features.h:28:10: fatal error: picolibc.h: No such file or directory
   28 | #include <picolibc.h>
      |          ^~~~~~~~~~~~
compilation terminated.
In file included from /home/user/git/fpga/sipeedtangprimer20k-riscv/.deps/pythondata-software-picolibc/pythondata_software_picolibc/data/libc/include/machine/ieeefp.h:12,
                 from /home/user/git/fpga/sipeedtangprimer20k-riscv/.deps/pythondata-software-picolibc/pythondata_software_picolibc/data/libc/include/sys/config.h:32,
                 from /home/user/git/fpga/sipeedtangprimer20k-riscv/.deps/pythondata-software-picolibc/pythondata_software_picolibc/data/libc/include/sys/cdefs.h:45,
                 from /home/user/git/fpga/sipeedtangprimer20k-riscv/.deps/pythondata-software-picolibc/pythondata_software_picolibc/data/libc/include/stdint.h:12,
                 from /home/user/git/fpga/sipeedtangprimer20k-riscv/build/rtos-system-fit/20261006T221425.357874Z/attribution/attribution-ddr-only/rom16k/soc/software/include/generated/soc.h:6,
                 from /home/user/git/fpga/sipeedtangprimer20k-riscv/build/rtos-system-fit/20261006T221425.357874Z/attribution/attribution-ddr-only/rom16k/soc/software/include/generated/csr.h:9,
                 from /home/user/git/fpga/sipeedtangprimer20k-riscv/.deps/litex/litex/soc/software/libbase/console.c:4:
/home/user/git/fpga/sipeedtangprimer20k-riscv/.deps/pythondata-software-picolibc/pythondata_software_picolibc/data/libc/include/sys/features.h:28:10: fatal error: picolibc.h: No such file or directory
   28 | #include <picolibc.h>
      |          ^~~~~~~~~~~~
compilation terminated.
In file included from /home/user/git/fpga/sipeedtangprimer20k-riscv/.deps/pythondata-software-picolibc/pythondata_software_picolibc/data/libc/include/machine/ieeefp.h:12,
                 from /home/user/git/fpga/sipeedtangprimer20k-riscv/.deps/pythondata-software-picolibc/pythondata_software_picolibc/data/libc/include/sys/config.h:32,
                 from /home/user/git/fpga/sipeedtangprimer20k-riscv/.deps/pythondata-software-picolibc/pythondata_software_picolibc/data/libc/include/sys/cdefs.h:45,
                 from /home/user/git/fpga/sipeedtangprimer20k-riscv/.deps/pythondata-software-picolibc/pythondata_software_picolibc/data/libc/include/stdio.h:42,
                 from /home/user/git/fpga/sipeedtangprimer20k-riscv/.deps/litex/litex/soc/software/libbase/progress.c:20:
/home/user/git/fpga/sipeedtangprimer20k-riscv/.deps/pythondata-software-picolibc/pythondata_software_picolibc/data/libc/include/sys/features.h:28:10: fatal error: picolibc.h: No such file or directory
   28 | #include <picolibc.h>
      |          ^~~~~~~~~~~~
compilation terminated.
make[1]: *** [/home/user/git/fpga/sipeedtangprimer20k-riscv/.deps/litex/litex/soc/software/libbase/Makefile:30: format.o] Error 1
make[1]: *** Waiting for unfinished jobs....
make[1]: *** [/home/user/git/fpga/sipeedtangprimer20k-riscv/.deps/litex/litex/soc/software/libbase/Makefile:30: parse.o] Error 1
make[1]: *** [/home/user/git/fpga/sipeedtangprimer20k-riscv/.deps/litex/litex/soc/software/libbase/Makefile:30: console.o] Error 1
make[1]: *** [/home/user/git/fpga/sipeedtangprimer20k-riscv/.deps/litex/litex/soc/software/libbase/Makefile:30: progress.o] Error 1
In file included from /home/user/git/fpga/sipeedtangprimer20k-riscv/.deps/pythondata-software-picolibc/pythondata_software_picolibc/data/libc/include/machine/ieeefp.h:12,
                 from /home/user/git/fpga/sipeedtangprimer20k-riscv/.deps/pythondata-software-picolibc/pythondata_software_picolibc/data/libc/include/sys/config.h:32,
                 from /home/user/git/fpga/sipeedtangprimer20k-riscv/.deps/pythondata-software-picolibc/pythondata_software_picolibc/data/libc/include/sys/cdefs.h:45,
                 from /home/user/git/fpga/sipeedtangprimer20k-riscv/.deps/pythondata-software-picolibc/pythondata_software_picolibc/data/libc/include/stdint.h:12,
                 from /home/user/git/fpga/sipeedtangprimer20k-riscv/build/rtos-system-fit/20261006T221425.357874Z/attribution/attribution-ddr-only/rom16k/soc/software/include/generated/soc.h:6,
                 from /home/user/git/fpga/sipeedtangprimer20k-riscv/build/rtos-system-fit/20261006T221425.357874Z/attribution/attribution-ddr-only/rom16k/soc/software/include/generated/csr.h:9,
                 from /home/user/git/fpga/sipeedtangprimer20k-riscv/.deps/litex/litex/soc/software/libbase/timeout.c:3:
/home/user/git/fpga/sipeedtangprimer20k-riscv/.deps/pythondata-software-picolibc/pythondata_software_picolibc/data/libc/include/sys/features.h:28:10: fatal error: picolibc.h: No such file or directory
   28 | #include <picolibc.h>
      |          ^~~~~~~~~~~~
compilation terminated.
In file included from /home/user/git/fpga/sipeedtangprimer20k-riscv/.deps/pythondata-software-picolibc/pythondata_software_picolibc/data/libc/include/machine/ieeefp.h:12,
                 from /home/user/git/fpga/sipeedtangprimer20k-riscv/.deps/pythondata-software-picolibc/pythondata_software_picolibc/data/libc/include/sys/config.h:32,
                 from /home/user/git/fpga/sipeedtangprimer20k-riscv/.deps/pythondata-software-picolibc/pythondata_software_picolibc/data/libc/include/sys/cdefs.h:45,
                 from /home/user/git/fpga/sipeedtangprimer20k-riscv/.deps/pythondata-software-picolibc/pythondata_software_picolibc/data/libc/include/stdint.h:12,
                 from /home/user/git/fpga/sipeedtangprimer20k-riscv/build/rtos-system-fit/20261006T221425.357874Z/attribution/attribution-ddr-only/rom16k/soc/software/include/generated/soc.h:6,
                 from /home/user/git/fpga/sipeedtangprimer20k-riscv/.deps/litex/litex/soc/cores/cpu/vexriscv/system.h:6,
                 from /home/user/git/fpga/sipeedtangprimer20k-riscv/.deps/litex/litex/soc/software/include/system.h:4,
                 from /home/user/git/fpga/sipeedtangprimer20k-riscv/.deps/litex/litex/soc/cores/cpu/vexriscv/irq.h:8,
                 from /home/user/git/fpga/sipeedtangprimer20k-riscv/.deps/litex/litex/soc/software/include/irq.h:2,
                 from /home/user/git/fpga/sipeedtangprimer20k-riscv/.deps/litex/litex/soc/software/libbase/system.c:1:
/home/user/git/fpga/sipeedtangprimer20k-riscv/.deps/pythondata-software-picolibc/pythondata_software_picolibc/data/libc/include/sys/features.h:28:10: fatal error: picolibc.h: No such file or directory
   28 | #include <picolibc.h>
      |          ^~~~~~~~~~~~
compilation terminated.
make[1]: *** [/home/user/git/fpga/sipeedtangprimer20k-riscv/.deps/litex/litex/soc/software/libbase/Makefile:30: timeout.o] Error 1
make[1]: *** [/home/user/git/fpga/sipeedtangprimer20k-riscv/.deps/litex/litex/soc/software/libbase/Makefile:30: system.o] Error 1
make[1]: Leaving directory '/home/user/git/fpga/sipeedtangprimer20k-riscv/build/rtos-system-fit/20261006T221425.357874Z/attribution/attribution-ddr-only/rom16k/soc/software/libbase'
